Archive member included to satisfy reference by file (symbol)

c:/altera/15.0/nios2eds/bin/gnu/h-x86_64-mingw32/bin/../lib/gcc/nios2-elf/4.9.1/../../../../../H-x86_64-mingw32/nios2-elf/lib/mno-hw-mul\libc.a(lib_a-puts.o)
                              obj/default/hello_world.o (puts)
c:/altera/15.0/nios2eds/bin/gnu/h-x86_64-mingw32/bin/../lib/gcc/nios2-elf/4.9.1/../../../../../H-x86_64-mingw32/nios2-elf/lib/mno-hw-mul\libc.a(lib_a-strlen.o)
                              c:/altera/15.0/nios2eds/bin/gnu/h-x86_64-mingw32/bin/../lib/gcc/nios2-elf/4.9.1/../../../../../H-x86_64-mingw32/nios2-elf/lib/mno-hw-mul\libc.a(lib_a-puts.o) (strlen)
c:/altera/15.0/nios2eds/bin/gnu/h-x86_64-mingw32/bin/../lib/gcc/nios2-elf/4.9.1/../../../../../H-x86_64-mingw32/nios2-elf/lib/mno-hw-mul\libc.a(lib_a-fvwrite.o)
                              c:/altera/15.0/nios2eds/bin/gnu/h-x86_64-mingw32/bin/../lib/gcc/nios2-elf/4.9.1/../../../../../H-x86_64-mingw32/nios2-elf/lib/mno-hw-mul\libc.a(lib_a-puts.o) (__sfvwrite_r)
c:/altera/15.0/nios2eds/bin/gnu/h-x86_64-mingw32/bin/../lib/gcc/nios2-elf/4.9.1/../../../../../H-x86_64-mingw32/nios2-elf/lib/mno-hw-mul\libc.a(lib_a-impure.o)
                              c:/altera/15.0/nios2eds/bin/gnu/h-x86_64-mingw32/bin/../lib/gcc/nios2-elf/4.9.1/../../../../../H-x86_64-mingw32/nios2-elf/lib/mno-hw-mul\libc.a(lib_a-puts.o) (_impure_ptr)
c:/altera/15.0/nios2eds/bin/gnu/h-x86_64-mingw32/bin/../lib/gcc/nios2-elf/4.9.1/../../../../../H-x86_64-mingw32/nios2-elf/lib/mno-hw-mul\libc.a(lib_a-mallocr.o)
                              c:/altera/15.0/nios2eds/bin/gnu/h-x86_64-mingw32/bin/../lib/gcc/nios2-elf/4.9.1/../../../../../H-x86_64-mingw32/nios2-elf/lib/mno-hw-mul\libc.a(lib_a-fvwrite.o) (_malloc_r)
c:/altera/15.0/nios2eds/bin/gnu/h-x86_64-mingw32/bin/../lib/gcc/nios2-elf/4.9.1/../../../../../H-x86_64-mingw32/nios2-elf/lib/mno-hw-mul\libc.a(lib_a-memchr.o)
                              c:/altera/15.0/nios2eds/bin/gnu/h-x86_64-mingw32/bin/../lib/gcc/nios2-elf/4.9.1/../../../../../H-x86_64-mingw32/nios2-elf/lib/mno-hw-mul\libc.a(lib_a-fvwrite.o) (memchr)
c:/altera/15.0/nios2eds/bin/gnu/h-x86_64-mingw32/bin/../lib/gcc/nios2-elf/4.9.1/../../../../../H-x86_64-mingw32/nios2-elf/lib/mno-hw-mul\libc.a(lib_a-memcpy.o)
                              c:/altera/15.0/nios2eds/bin/gnu/h-x86_64-mingw32/bin/../lib/gcc/nios2-elf/4.9.1/../../../../../H-x86_64-mingw32/nios2-elf/lib/mno-hw-mul\libc.a(lib_a-fvwrite.o) (memcpy)
c:/altera/15.0/nios2eds/bin/gnu/h-x86_64-mingw32/bin/../lib/gcc/nios2-elf/4.9.1/../../../../../H-x86_64-mingw32/nios2-elf/lib/mno-hw-mul\libc.a(lib_a-memmove.o)
                              c:/altera/15.0/nios2eds/bin/gnu/h-x86_64-mingw32/bin/../lib/gcc/nios2-elf/4.9.1/../../../../../H-x86_64-mingw32/nios2-elf/lib/mno-hw-mul\libc.a(lib_a-fvwrite.o) (memmove)
c:/altera/15.0/nios2eds/bin/gnu/h-x86_64-mingw32/bin/../lib/gcc/nios2-elf/4.9.1/../../../../../H-x86_64-mingw32/nios2-elf/lib/mno-hw-mul\libc.a(lib_a-reallocr.o)
                              c:/altera/15.0/nios2eds/bin/gnu/h-x86_64-mingw32/bin/../lib/gcc/nios2-elf/4.9.1/../../../../../H-x86_64-mingw32/nios2-elf/lib/mno-hw-mul\libc.a(lib_a-fvwrite.o) (_realloc_r)
c:/altera/15.0/nios2eds/bin/gnu/h-x86_64-mingw32/bin/../lib/gcc/nios2-elf/4.9.1/../../../../../H-x86_64-mingw32/nios2-elf/lib/mno-hw-mul\libc.a(lib_a-sbrkr.o)
                              c:/altera/15.0/nios2eds/bin/gnu/h-x86_64-mingw32/bin/../lib/gcc/nios2-elf/4.9.1/../../../../../H-x86_64-mingw32/nios2-elf/lib/mno-hw-mul\libc.a(lib_a-mallocr.o) (_sbrk_r)
c:/altera/15.0/nios2eds/bin/gnu/h-x86_64-mingw32/bin/../lib/gcc/nios2-elf/4.9.1/../../../../../H-x86_64-mingw32/nios2-elf/lib/mno-hw-mul\libc.a(lib_a-wsetup.o)
                              c:/altera/15.0/nios2eds/bin/gnu/h-x86_64-mingw32/bin/../lib/gcc/nios2-elf/4.9.1/../../../../../H-x86_64-mingw32/nios2-elf/lib/mno-hw-mul\libc.a(lib_a-fvwrite.o) (__swsetup_r)
c:/altera/15.0/nios2eds/bin/gnu/h-x86_64-mingw32/bin/../lib/gcc/nios2-elf/4.9.1/../../../../../H-x86_64-mingw32/nios2-elf/lib/mno-hw-mul\libc.a(lib_a-fflush.o)
                              c:/altera/15.0/nios2eds/bin/gnu/h-x86_64-mingw32/bin/../lib/gcc/nios2-elf/4.9.1/../../../../../H-x86_64-mingw32/nios2-elf/lib/mno-hw-mul\libc.a(lib_a-fvwrite.o) (_fflush_r)
c:/altera/15.0/nios2eds/bin/gnu/h-x86_64-mingw32/bin/../lib/gcc/nios2-elf/4.9.1/../../../../../H-x86_64-mingw32/nios2-elf/lib/mno-hw-mul\libc.a(lib_a-findfp.o)
                              c:/altera/15.0/nios2eds/bin/gnu/h-x86_64-mingw32/bin/../lib/gcc/nios2-elf/4.9.1/../../../../../H-x86_64-mingw32/nios2-elf/lib/mno-hw-mul\libc.a(lib_a-wsetup.o) (__sinit)
c:/altera/15.0/nios2eds/bin/gnu/h-x86_64-mingw32/bin/../lib/gcc/nios2-elf/4.9.1/../../../../../H-x86_64-mingw32/nios2-elf/lib/mno-hw-mul\libc.a(lib_a-freer.o)
                              c:/altera/15.0/nios2eds/bin/gnu/h-x86_64-mingw32/bin/../lib/gcc/nios2-elf/4.9.1/../../../../../H-x86_64-mingw32/nios2-elf/lib/mno-hw-mul\libc.a(lib_a-fvwrite.o) (_free_r)
[...]
Memory Configuration

Name             Origin             Length             Attributes
onchip_memory2_0 0x0000000000000000 0x0000000000001000
reset            0x0000000001000000 0x0000000000000020
new_sdram_controller_0 0x0000000001000020 0x00000000007fffe0
*default*        0x0000000000000000 0xffffffffffffffff

Linker script and memory map

LOAD ../HikingPal_bsp//obj/HAL/src/crt0.o
LOAD obj/default/hello_world.o
LOAD c:/altera/15.0/nios2eds/bin/gnu/h-x86_64-mingw32/bin/../lib/gcc/nios2-elf/4.9.1/../../../../../H-x86_64-mingw32/nios2-elf/lib/mno-hw-mul\libstdc++.a
LOAD c:/altera/15.0/nios2eds/bin/gnu/h-x86_64-mingw32/bin/../lib/gcc/nios2-elf/4.9.1/../../../../../H-x86_64-mingw32/nios2-elf/lib/mno-hw-mul\libm.a
LOAD c:/altera/15.0/nios2eds/bin/gnu/h-x86_64-mingw32/bin/../lib/gcc/nios2-elf/4.9.1/mno-hw-mul\libgcc.a
START GROUP
LOAD c:/altera/15.0/nios2eds/bin/gnu/h-x86_64-mingw32/bin/../lib/gcc/nios2-elf/4.9.1/../../../../../H-x86_64-mingw32/nios2-elf/lib/mno-hw-mul\libc.a
LOAD c:/altera/15.0/nios2eds/bin/gnu/h-x86_64-mingw32/bin/../lib/gcc/nios2-elf/4.9.1/mno-hw-mul\libgcc.a
LOAD ../HikingPal_bsp/\libhal_bsp.a
LOAD c:/altera/15.0/nios2eds/bin/gnu/h-x86_64-mingw32/bin/../lib/gcc/nios2-elf/4.9.1/../../../../../H-x86_64-mingw32/nios2-elf/lib/mno-hw-mul\libm.a
END GROUP
LOAD c:/altera/15.0/nios2eds/bin/gnu/h-x86_64-mingw32/bin/../lib/gcc/nios2-elf/4.9.1/mno-hw-mul\libgcc.a
                0x0000000000000000                __alt_mem_onchip_memory2_0 = 0x0
                0x0000000001000000                __alt_mem_new_sdram_controller_0 = 0x1000000

.entry          0x0000000001000000       0x20
 *(.entry)
 .entry         0x0000000001000000       0x20 ../HikingPal_bsp//obj/HAL/src/crt0.o
                0x0000000001000000                __reset

.exceptions     0x0000000001000020      0x1a0
                0x0000000001000020                PROVIDE (__ram_exceptions_start, ABSOLUTE (.))
                0x0000000001000020                . = ALIGN (0x20)
 *(.irq)
 *(.exceptions.entry.label)
 .exceptions.entry.label
                0x0000000001000020        0x0 ../HikingPal_bsp/\libhal_bsp.a(alt_irq_entry.o)
                0x0000000001000020                alt_irq_entry
 .exceptions.entry.label
                0x0000000001000020        0x0 ../HikingPal_bsp/\libhal_bsp.a(alt_exception_entry.o)
                0x0000000001000020                alt_exception
 *(.exceptions.entry.user)
 *(.exceptions.entry.ecc_fatal)
 *(.exceptions.entry)
 .exceptions.entry
                0x0000000001000020       0x54 ../HikingPal_bsp/\libhal_bsp.a(alt_exception_entry.o)
 *(.exceptions.irqtest.user)
 *(.exceptions.irqtest)
 .exceptions.irqtest
                0x0000000001000074       0x10 ../HikingPal_bsp/\libhal_bsp.a(alt_irq_entry.o)
 *(.exceptions.irqhandler.user)
 *(.exceptions.irqhandler)
 .exceptions.irqhandler
                0x0000000001000084        0x4 ../HikingPal_bsp/\libhal_bsp.a(alt_irq_entry.o)
 *(.exceptions.irqreturn.user)
 *(.exceptions.irqreturn)
 .exceptions.irqreturn
                0x0000000001000088        0x4 ../HikingPal_bsp/\libhal_bsp.a(alt_irq_entry.o)
 *(.exceptions.notirq.label)
 .exceptions.notirq.label
                0x000000000100008c        0x0 ../HikingPal_bsp/\libhal_bsp.a(alt_irq_entry.o)
 *(.exceptions.notirq.user)
 *(.exceptions.notirq)
 .exceptions.notirq
                0x000000000100008c        0x8 ../HikingPal_bsp/\libhal_bsp.a(alt_exception_entry.o)
 *(.exceptions.soft.user)
 *(.exceptions.soft)
 *(.exceptions.unknown.user)
 *(.exceptions.unknown)
 .exceptions.unknown
                0x0000000001000094        0x4 ../HikingPal_bsp/\libhal_bsp.a(alt_exception_entry.o)
 *(.exceptions.exit.label)
 .exceptions.exit.label
                0x0000000001000098        0x0 ../HikingPal_bsp/\libhal_bsp.a(alt_irq_entry.o)
 .exceptions.exit.label
                0x0000000001000098        0x0 ../HikingPal_bsp/\libhal_bsp.a(alt_exception_entry.o)
 *(.exceptions.exit.user)
 *(.exceptions.exit)
 .exceptions.exit
                0x0000000001000098       0x54 ../HikingPal_bsp/\libhal_bsp.a(alt_exception_entry.o)
 *(.exceptions)
 .exceptions    0x00000000010000ec       0xd4 ../HikingPal_bsp/\libhal_bsp.a(alt_irq_handler.o)
                0x00000000010000ec                alt_irq_handler
                0x00000000010001c0                PROVIDE (__ram_exceptions_end, ABSOLUTE (.))
                0x0000000001000020                PROVIDE (__flash_exceptions_start, LOADADDR (.exceptions))

.text           0x00000000010001c0     0x5ae8
                0x00000000010001c0                PROVIDE (stext, ABSOLUTE (.))
 *(.interp)
 *(.hash)
 *(.dynsym)
 *(.dynstr)
 *(.gnu.version)
 *(.gnu.version_d)
 *(.gnu.version_r)
 *(.rel.init)
 *(.rela.init)
 *(.rel.text .rel.text.* .rel.gnu.linkonce.t.*)
 *(.rela.text .rela.text.* .rela.gnu.linkonce.t.*)
 *(.rel.fini)
 *(.rela.fini)
 *(.rel.rodata .rel.rodata.* .rel.gnu.linkonce.r.*)
 *(.rela.rodata .rela.rodata.* .rela.gnu.linkonce.r.*)
 *(.rel.data .rel.data.* .rel.gnu.linkonce.d.*)
 *(.rela.data .rela.data.* .rela.gnu.linkonce.d.*)
 *(.rel.tdata .rel.tdata.* .rel.gnu.linkonce.td.*)
 *(.rela.tdata .rela.tdata.* .rela.gnu.linkonce.td.*)
 *(.rel.tbss .rel.tbss.* .rel.gnu.linkonce.tb.*)
 *(.rela.tbss .rela.tbss.* .rela.gnu.linkonce.tb.*)
 *(.rel.ctors)
 *(.rela.ctors)
 *(.rel.dtors)
 *(.rela.dtors)
 *(.rel.got)
 *(.rela.got)
 *(.rel.sdata .rel.sdata.* .rel.gnu.linkonce.s.*)
 *(.rela.sdata .rela.sdata.* .rela.gnu.linkonce.s.*)
 *(.rel.sbss .rel.sbss.* .rel.gnu.linkonce.sb.*)
 *(.rela.sbss .rela.sbss.* .rela.gnu.linkonce.sb.*)
 *(.rel.sdata2 .rel.sdata2.* .rel.gnu.linkonce.s2.*)
 *(.rela.sdata2 .rela.sdata2.* .rela.gnu.linkonce.s2.*)
 *(.rel.sbss2 .rel.sbss2.* .rel.gnu.linkonce.sb2.*)
 *(.rela.sbss2 .rela.sbss2.* .rela.gnu.linkonce.sb2.*)
 *(.rel.bss .rel.bss.* .rel.gnu.linkonce.b.*)
 *(.rela.bss .rela.bss.* .rela.gnu.linkonce.b.*)
 *(.rel.plt)
 *(.rela.plt)
 *(.rel.dyn)
 *(.init)
 *(.plt)
 *(.text .stub .text.* .gnu.linkonce.t.*)
 .text          0x00000000010001c0       0x3c ../HikingPal_bsp//obj/HAL/src/crt0.o
                0x00000000010001c0                _start
 .text          0x00000000010001fc       0x34 obj/default/hello_world.o
                0x00000000010001fc                main
 .text          0x0000000001000230       0xcc c:/altera/15.0/nios2eds/bin/gnu/h-x86_64-mingw32/bin/../lib/gcc/nios2-elf/4.9.1/../../../../../H-x86_64-mingw32/nios2-elf/lib/mno-hw-mul\libc.a(lib_a-puts.o)
                0x0000000001000230                _puts_r
                0x00000000010002e8                puts
 .text          0x00000000010002fc       0x98 c:/altera/15.0/nios2eds/bin/gnu/h-x86_64-mingw32/bin/../lib/gcc/nios2-elf/4.9.1/../../../../../H-x86_64-mingw32/nios2-elf/lib/mno-hw-mul\libc.a(lib_a-strlen.o)
                0x00000000010002fc                strlen
 .text          0x0000000001000394      0x4a4 c:/altera/15.0/nios2eds/bin/gnu/h-x86_64-mingw32/bin/../lib/gcc/nios2-elf/4.9.1/../../../../../H-x86_64-mingw32/nios2-elf/lib/mno-hw-mul\libc.a(lib_a-fvwrite.o)
                0x0000000001000394                __sfvwrite_r
 .text          0x0000000001000838        0x0 c:/altera/15.0/nios2eds/bin/gnu/h-x86_64-mingw32/bin/../lib/gcc/nios2-elf/4.9.1/../../../../../H-x86_64-mingw32/nios2-elf/lib/mno-hw-mul\libc.a(lib_a-impure.o)
 .text          0x0000000001000838      0x7a8 c:/altera/15.0/nios2eds/bin/gnu/h-x86_64-mingw32/bin/../lib/gcc/nios2-elf/4.9.1/../../../../../H-x86_64-mingw32/nios2-elf/lib/mno-hw-mul\libc.a(lib_a-mallocr.o)
                0x0000000001000838                _malloc_r
 .text          0x0000000001000fe0       0xe8 c:/altera/15.0/nios2eds/bin/gnu/h-x86_64-mingw32/bin/../lib/gcc/nios2-elf/4.9.1/../../../../../H-x86_64-mingw32/nios2-elf/lib/mno-hw-mul\libc.a(lib_a-memchr.o)
                0x0000000001000fe0                memchr
 .text          0x00000000010010c8      0x138 c:/altera/15.0/nios2eds/bin/gnu/h-x86_64-mingw32/bin/../lib/gcc/nios2-elf/4.9.1/../../../../../H-x86_64-mingw32/nios2-elf/lib/mno-hw-mul\libc.a(lib_a-memcpy.o)
                0x00000000010010c8                memcpy
 .text          0x0000000001001200      0x15c c:/altera/15.0/nios2eds/bin/gnu/h-x86_64-mingw32/bin/../lib/gcc/nios2-elf/4.9.1/../../../../../H-x86_64-mingw32/nios2-elf/lib/mno-hw-mul\libc.a(lib_a-memmove.o)
                0x0000000001001200                memmove
 .text          0x000000000100135c      0x5a0 c:/altera/15.0/nios2eds/bin/gnu/h-x86_64-mingw32/bin/../lib/gcc/nios2-elf/4.9.1/../../../../../H-x86_64-mingw32/nios2-elf/lib/mno-hw-mul\libc.a(lib_a-reallocr.o)
                0x000000000100135c                _realloc_r
 .text          0x00000000010018fc       0x54 c:/altera/15.0/nios2eds/bin/gnu/h-x86_64-mingw32/bin/../lib/gcc/nios2-elf/4.9.1/../../../../../H-x86_64-mingw32/nios2-elf/lib/mno-hw-mul\libc.a(lib_a-sbrkr.o)
                0x00000000010018fc                _sbrk_r
 .text          0x0000000001001950      0x130 c:/altera/15.0/nios2eds/bin/gnu/h-x86_64-mingw32/bin/../lib/gcc/nios2-elf/4.9.1/../../../../../H-x86_64-mingw32/nios2-elf/lib/mno-hw-mul\libc.a(lib_a-wsetup.o)
                0x0000000001001950                __swsetup_r
 .text          0x0000000001001a80      0x258 c:/altera/15.0/nios2eds/bin/gnu/h-x86_64-mingw32/bin/../lib/gcc/nios2-elf/4.9.1/../../../../../H-x86_64-mingw32/nios2-elf/lib/mno-hw-mul\libc.a(lib_a-fflush.o)
                0x0000000001001a80                _fflush_r
                0x0000000001001ca8                fflush
 .text          0x0000000001001cd8      0x3b4 c:/altera/15.0/nios2eds/bin/gnu/h-x86_64-mingw32/bin/../lib/gcc/nios2-elf/4.9.1/../../../../../H-x86_64-mingw32/nios2-elf/lib/mno-hw-mul\libc.a(lib_a-findfp.o)
                0x0000000001001ce8                _cleanup_r
                0x0000000001001e94                __sfmoreglue
                0x0000000001001f0c                __sfp
                0x0000000001002024                _cleanup
                0x000000000100203c                __sinit
                0x000000000100204c                __sfp_lock_acquire
                0x0000000001002050                __sfp_lock_release
                0x0000000001002054                __sinit_lock_acquire
                0x0000000001002058                __sinit_lock_release
                0x000000000100205c                __fp_lock_all
                0x0000000001002074                __fp_unlock_all
 .text          0x000000000100208c      0x414 c:/altera/15.0/nios2eds/bin/gnu/h-x86_64-mingw32/bin/../lib/gcc/nios2-elf/4.9.1/../../../../../H-x86_64-mingw32/nios2-elf/lib/mno-hw-mul\libc.a(lib_a-freer.o)
                0x000000000100208c                _malloc_trim_r
                0x00000000010021b0                _free_r
 .text          0x00000000010024a0      0x170 c:/altera/15.0/nios2eds/bin/gnu/h-x86_64-mingw32/bin/../lib/gcc/nios2-elf/4.9.1/../../../../../H-x86_64-mingw32/nios2-elf/lib/mno-hw-mul\libc.a(lib_a-fwalk.o)
                0x00000000010024a0                _fwalk
                0x0000000001002558                _fwalk_reent
 .text          0x0000000001002610        0x0 c:/altera/15.0/nios2eds/bin/gnu/h-x86_64-mingw32/bin/../lib/gcc/nios2-elf/4.9.1/../../../../../H-x86_64-mingw32/nios2-elf/lib/mno-hw-mul\libc.a(lib_a-int_errno.o)
 .text          0x0000000001002610      0x1b8 c:/altera/15.0/nios2eds/bin/gnu/h-x86_64-mingw32/bin/../lib/gcc/nios2-elf/4.9.1/../../../../../H-x86_64-mingw32/nios2-elf/lib/mno-hw-mul\libc.a(lib_a-makebuf.o)
                0x0000000001002610                __smakebuf_r
 .text          0x00000000010027c8      0x124 c:/altera/15.0/nios2eds/bin/gnu/h-x86_64-mingw32/bin/../lib/gcc/nios2-elf/4.9.1/../../../../../H-x86_64-mingw32/nios2-elf/lib/mno-hw-mul\libc.a(lib_a-memset.o)
                0x00000000010027c8                memset
 .text          0x00000000010028ec      0x13c c:/altera/15.0/nios2eds/bin/gnu/h-x86_64-mingw32/bin/../lib/gcc/nios2-elf/4.9.1/../../../../../H-x86_64-mingw32/nios2-elf/lib/mno-hw-mul\libc.a(lib_a-stdio.o)
                0x00000000010028ec                __sread
                0x0000000001002940                __seofread
                0x0000000001002948                __swrite
                0x00000000010029c4                __sseek
                0x0000000001002a20                __sclose
 .text          0x0000000001002a28       0x5c c:/altera/15.0/nios2eds/bin/gnu/h-x86_64-mingw32/bin/../lib/gcc/nios2-elf/4.9.1/../../../../../H-x86_64-mingw32/nios2-elf/lib/mno-hw-mul\libc.a(lib_a-writer.o)
                0x0000000001002a28                _write_r
 .text          0x0000000001002a84       0x54 c:/altera/15.0/nios2eds/bin/gnu/h-x86_64-mingw32/bin/../lib/gcc/nios2-elf/4.9.1/../../../../../H-x86_64-mingw32/nios2-elf/lib/mno-hw-mul\libc.a(closer.o)
                0x0000000001002a84                _close_r
 .text          0x0000000001002ad8      0x114 c:/altera/15.0/nios2eds/bin/gnu/h-x86_64-mingw32/bin/../lib/gcc/nios2-elf/4.9.1/../../../../../H-x86_64-mingw32/nios2-elf/lib/mno-hw-mul\libc.a(lib_a-fclose.o)
                0x0000000001002ad8                _fclose_r
                0x0000000001002bd8                fclose
 .text          0x0000000001002bec       0x58 c:/altera/15.0/nios2eds/bin/gnu/h-x86_64-mingw32/bin/../lib/gcc/nios2-elf/4.9.1/../../../../../H-x86_64-mingw32/nios2-elf/lib/mno-hw-mul\libc.a(lib_a-fstatr.o)
                0x0000000001002bec                _fstat_r
 .text          0x0000000001002c44       0x54 c:/altera/15.0/nios2eds/bin/gnu/h-x86_64-mingw32/bin/../lib/gcc/nios2-elf/4.9.1/../../../../../H-x86_64-mingw32/nios2-elf/lib/mno-hw-mul\libc.a(lib_a-isattyr.o)
                0x0000000001002c44                _isatty_r
 .text          0x0000000001002c98       0x5c c:/altera/15.0/nios2eds/bin/gnu/h-x86_64-mingw32/bin/../lib/gcc/nios2-elf/4.9.1/../../../../../H-x86_64-mingw32/nios2-elf/lib/mno-hw-mul\libc.a(lib_a-lseekr.o)
                0x0000000001002c98                _lseek_r
 .text          0x0000000001002cf4       0x5c c:/altera/15.0/nios2eds/bin/gnu/h-x86_64-mingw32/bin/../lib/gcc/nios2-elf/4.9.1/../../../../../H-x86_64-mingw32/nios2-elf/lib/mno-hw-mul\libc.a(lib_a-readr.o)
                0x0000000001002cf4                _read_r
 .text          0x0000000001002d50       0x28 c:/altera/15.0/nios2eds/bin/gnu/h-x86_64-mingw32/bin/../lib/gcc/nios2-elf/4.9.1/mno-hw-mul\libgcc.a(lib2-mul.o)
                0x0000000001002d50                __mulsi3
 .text          0x0000000001002d78      0x128 ../HikingPal_bsp/\libhal_bsp.a(alt_close.o)
                0x0000000001002dc8                close
 .text          0x0000000001002ea0       0x2c ../HikingPal_bsp/\libhal_bsp.a(alt_dev.o)
 .text          0x0000000001002ecc        0x0 ../HikingPal_bsp/\libhal_bsp.a(alt_errno.o)
 .text          0x0000000001002ecc      0x108 ../HikingPal_bsp/\libhal_bsp.a(alt_fstat.o)
                0x0000000001002f1c                fstat
 .text          0x0000000001002fd4       0xfc ../HikingPal_bsp/\libhal_bsp.a(alt_isatty.o)
                0x0000000001003024                isatty
 .text          0x00000000010030d0       0xe4 ../HikingPal_bsp/\libhal_bsp.a(alt_load.o)
                0x0000000001003134                alt_load
 .text          0x00000000010031b4      0x12c ../HikingPal_bsp/\libhal_bsp.a(alt_lseek.o)
                0x0000000001003204                lseek
 .text          0x00000000010032e0       0x78 ../HikingPal_bsp/\libhal_bsp.a(alt_main.o)
                0x00000000010032e0                alt_main
 .text          0x0000000001003358       0x40 ../HikingPal_bsp/\libhal_bsp.a(alt_malloc_lock.o)
                0x0000000001003358                __malloc_lock
                0x0000000001003378                __malloc_unlock
 .text          0x0000000001003398      0x154 ../HikingPal_bsp/\libhal_bsp.a(alt_read.o)
                0x00000000010033e8                read
 .text          0x00000000010034ec       0x80 ../HikingPal_bsp/\libhal_bsp.a(alt_release_fd.o)
                0x00000000010034ec                alt_release_fd
 .text          0x000000000100356c       0xb0 ../HikingPal_bsp/\libhal_bsp.a(alt_sbrk.o)
                0x000000000100356c                sbrk
 .text          0x000000000100361c      0x150 ../HikingPal_bsp/\libhal_bsp.a(alt_write.o)
                0x000000000100366c                write
 .text          0x000000000100376c       0xf4 ../HikingPal_bsp/\libhal_bsp.a(alt_sys_init.o)
                0x00000000010037a4                alt_irq_init
                0x00000000010037d8                alt_sys_init
 .text          0x0000000001003860      0x164 ../HikingPal_bsp/\libhal_bsp.a(altera_avalon_jtag_uart_fd.o)
                0x0000000001003860                altera_avalon_jtag_uart_read_fd
                0x00000000010038c0                altera_avalon_jtag_uart_write_fd
                0x0000000001003920                altera_avalon_jtag_uart_close_fd
                0x0000000001003970                altera_avalon_jtag_uart_ioctl_fd
 .text          0x00000000010039c4      0x3d0 ../HikingPal_bsp/\libhal_bsp.a(altera_avalon_jtag_uart_init.o)
                0x00000000010039c4                altera_avalon_jtag_uart_init
                0x0000000001003d2c                altera_avalon_jtag_uart_close
 .text          0x0000000001003d94       0xec ../HikingPal_bsp/\libhal_bsp.a(altera_avalon_jtag_uart_ioctl.o)
                0x0000000001003d94                altera_avalon_jtag_uart_ioctl
 .text          0x0000000001003e80      0x20c ../HikingPal_bsp/\libhal_bsp.a(altera_avalon_jtag_uart_read.o)
                0x0000000001003e80                altera_avalon_jtag_uart_read
 .text          0x000000000100408c      0x218 ../HikingPal_bsp/\libhal_bsp.a(altera_avalon_jtag_uart_write.o)
                0x000000000100408c                altera_avalon_jtag_uart_write
 .text          0x00000000010042a4       0xf8 ../HikingPal_bsp/\libhal_bsp.a(altera_avalon_timer_sc.o)
                0x000000000100431c                alt_avalon_timer_sc_init
 .text          0x000000000100439c      0x4d8 ../HikingPal_bsp/\libhal_bsp.a(altera_up_avalon_character_lcd.o)
                0x000000000100439c                get_DDRAM_addr
                0x0000000001004410                alt_up_character_lcd_send_cmd
                0x000000000100444c                alt_up_character_lcd_init
                0x0000000001004480                alt_up_character_lcd_open_dev
                0x00000000010044c0                alt_up_character_lcd_write
                0x0000000001004538                alt_up_character_lcd_string
                0x00000000010045ac                alt_up_character_lcd_write_fd
                0x00000000010045fc                alt_up_character_lcd_set_cursor_pos
                0x0000000001004670                alt_up_character_lcd_shift_cursor
                0x00000000010046f8                alt_up_character_lcd_shift_display
                0x0000000001004780                alt_up_character_lcd_erase_pos
                0x000000000100480c                alt_up_character_lcd_cursor_off
                0x0000000001004840                alt_up_character_lcd_cursor_blink_on
 .text          0x0000000001004874      0x38c ../HikingPal_bsp/\libhal_bsp.a(altera_up_avalon_rs232.o)
                0x0000000001004874                alt_up_rs232_enable_read_interrupt
                0x00000000010048cc                alt_up_rs232_disable_read_interrupt
                0x0000000001004928                alt_up_rs232_get_used_space_in_read_FIFO
                0x0000000001004968                alt_up_rs232_get_available_space_in_write_FIFO
                0x00000000010049a4                alt_up_rs232_check_parity
                0x00000000010049e8                alt_up_rs232_write_data
                0x0000000001004a28                alt_up_rs232_read_data
                0x0000000001004a9c                alt_up_rs232_read_fd
                0x0000000001004b2c                alt_up_rs232_write_fd
                0x0000000001004bc0                alt_up_rs232_open_dev
 .text          0x0000000001004c00      0x140 ../HikingPal_bsp/\libhal_bsp.a(alt_alarm_start.o)
                0x0000000001004c00                alt_alarm_start
 .text          0x0000000001004d40       0x1c ../HikingPal_bsp/\libhal_bsp.a(alt_dcache_flush_all.o)
                0x0000000001004d40                alt_dcache_flush_all
 .text          0x0000000001004d5c       0xf4 ../HikingPal_bsp/\libhal_bsp.a(alt_dev_llist_insert.o)
                0x0000000001004dac                alt_dev_llist_insert
 .text          0x0000000001004e50       0x5c ../HikingPal_bsp/\libhal_bsp.a(alt_do_ctors.o)
                0x0000000001004e50                _do_ctors
 .text          0x0000000001004eac       0x5c ../HikingPal_bsp/\libhal_bsp.a(alt_do_dtors.o)
                0x0000000001004eac                _do_dtors
 .text          0x0000000001004f08       0x90 ../HikingPal_bsp/\libhal_bsp.a(alt_find_dev.o)
                0x0000000001004f08                alt_find_dev
 .text          0x0000000001004f98       0x1c ../HikingPal_bsp/\libhal_bsp.a(alt_icache_flush_all.o)
                0x0000000001004f98                alt_icache_flush_all
 .text          0x0000000001004fb4      0x158 ../HikingPal_bsp/\libhal_bsp.a(alt_io_redirect.o)
                0x0000000001005094                alt_io_redirect
 .text          0x000000000100510c      0x1b0 ../HikingPal_bsp/\libhal_bsp.a(alt_irq_register.o)
                0x000000000100510c                alt_irq_register
 .text          0x00000000010052bc        0x0 ../HikingPal_bsp/\libhal_bsp.a(alt_irq_vars.o)
 .text          0x00000000010052bc      0x2a4 ../HikingPal_bsp/\libhal_bsp.a(alt_open.o)
                0x0000000001005400                open
 .text          0x0000000001005560      0x19c ../HikingPal_bsp/\libhal_bsp.a(alt_tick.o)
                0x0000000001005560                alt_alarm_stop
                0x00000000010055f8                alt_tick
 .text          0x00000000010056fc       0x20 ../HikingPal_bsp/\libhal_bsp.a(altera_nios2_qsys_irq.o)
                0x00000000010056fc                altera_nios2_qsys_irq_init
 .text          0x000000000100571c      0x114 ../HikingPal_bsp/\libhal_bsp.a(alt_find_file.o)
                0x000000000100571c                alt_find_file
 .text          0x0000000001005830       0xd4 ../HikingPal_bsp/\libhal_bsp.a(alt_get_fd.o)
                0x0000000001005830                alt_get_fd
 .text          0x0000000001005904        0x0 ../HikingPal_bsp/\libhal_bsp.a(alt_irq_entry.o)
 .text          0x0000000001005904        0x0 ../HikingPal_bsp/\libhal_bsp.a(alt_irq_handler.o)
 .text          0x0000000001005904        0x0 ../HikingPal_bsp/\libhal_bsp.a(alt_exception_entry.o)
 .text          0x0000000001005904       0x14 c:/altera/15.0/nios2eds/bin/gnu/h-x86_64-mingw32/bin/../lib/gcc/nios2-elf/4.9.1/../../../../../H-x86_64-mingw32/nios2-elf/lib/mno-hw-mul\libc.a(lib_a-atexit.o)
                0x0000000001005904                atexit
 .text          0x0000000001005918       0x38 c:/altera/15.0/nios2eds/bin/gnu/h-x86_64-mingw32/bin/../lib/gcc/nios2-elf/4.9.1/../../../../../H-x86_64-mingw32/nios2-elf/lib/mno-hw-mul\libc.a(lib_a-exit.o)
                0x0000000001005918                exit
 .text          0x0000000001005950       0x7c c:/altera/15.0/nios2eds/bin/gnu/h-x86_64-mingw32/bin/../lib/gcc/nios2-elf/4.9.1/../../../../../H-x86_64-mingw32/nios2-elf/lib/mno-hw-mul\libc.a(lib_a-memcmp.o)
                0x0000000001005950                memcmp
 .text          0x00000000010059cc      0x114 c:/altera/15.0/nios2eds/bin/gnu/h-x86_64-mingw32/bin/../lib/gcc/nios2-elf/4.9.1/../../../../../H-x86_64-mingw32/nios2-elf/lib/mno-hw-mul\libc.a(lib_a-__atexit.o)
                0x00000000010059cc                __register_exitproc
 .text          0x0000000001005ae0      0x194 c:/altera/15.0/nios2eds/bin/gnu/h-x86_64-mingw32/bin/../lib/gcc/nios2-elf/4.9.1/../../../../../H-x86_64-mingw32/nios2-elf/lib/mno-hw-mul\libc.a(lib_a-__call_atexit.o)
                0x0000000001005ae0                __call_exitprocs
 .text          0x0000000001005c74       0x34 ../HikingPal_bsp/\libhal_bsp.a(alt_exit.o)
                0x0000000001005c74                _exit
 *(.gnu.warning.*)
 *(.fini)
                0x0000000001005ca8                PROVIDE (__etext, ABSOLUTE (.))
                0x0000000001005ca8                PROVIDE (_etext, ABSOLUTE (.))
                0x0000000001005ca8                PROVIDE (etext, ABSOLUTE (.))
 *(.eh_frame_hdr)
                0x0000000001005ca8                . = ALIGN (0x4)
                0x0000000001005ca8                PROVIDE (__preinit_array_start, ABSOLUTE (.))
 *(.preinit_array)
                0x0000000001005ca8                PROVIDE (__preinit_array_end, ABSOLUTE (.))
                0x0000000001005ca8                PROVIDE (__init_array_start, ABSOLUTE (.))
 *(.init_array)
                0x0000000001005ca8                PROVIDE (__init_array_end, ABSOLUTE (.))
                0x0000000001005ca8                PROVIDE (__fini_array_start, ABSOLUTE (.))
 *(.fini_array)
                0x0000000001005ca8                PROVIDE (__fini_array_end, ABSOLUTE (.))
 *(.eh_frame)
 *(.gcc_except_table .gcc_except_table.*)
 *(.dynamic)
                0x0000000001005ca8                PROVIDE (__CTOR_LIST__, ABSOLUTE (.))
 *(.ctors)
 *(SORT(.ctors.*))
                0x0000000001005ca8                PROVIDE (__CTOR_END__, ABSOLUTE (.))
                0x0000000001005ca8                PROVIDE (__DTOR_LIST__, ABSOLUTE (.))
 *(.dtors)
 *(SORT(.dtors.*))
                0x0000000001005ca8                PROVIDE (__DTOR_END__, ABSOLUTE (.))
 *(.jcr)
                0x0000000001005ca8                . = ALIGN (0x4)

.rodata         0x0000000001005ca8       0xa4
                0x0000000001005ca8                PROVIDE (__ram_rodata_start, ABSOLUTE (.))
                0x0000000001005ca8                . = ALIGN (0x4)
 *(.rodata .rodata.* .gnu.linkonce.r.*)
 .rodata        0x0000000001005ca8       0x14 obj/default/hello_world.o
 .rodata.str1.4
                0x0000000001005cbc        0x2 c:/altera/15.0/nios2eds/bin/gnu/h-x86_64-mingw32/bin/../lib/gcc/nios2-elf/4.9.1/../../../../../H-x86_64-mingw32/nios2-elf/lib/mno-hw-mul\libc.a(lib_a-puts.o)
                                          0x4 (size before relaxing)
 *fill*         0x0000000001005cbe        0x2 
 .rodata.str1.4
                0x0000000001005cc0        0x4 c:/altera/15.0/nios2eds/bin/gnu/h-x86_64-mingw32/bin/../lib/gcc/nios2-elf/4.9.1/../../../../../H-x86_64-mingw32/nios2-elf/lib/mno-hw-mul\libc.a(lib_a-impure.o)
 .rodata        0x0000000001005cc4        0xc ../HikingPal_bsp/\libhal_bsp.a(alt_dev.o)
 .rodata        0x0000000001005cd0       0x14 ../HikingPal_bsp/\libhal_bsp.a(alt_main.o)
 .rodata        0x0000000001005ce4       0x68 ../HikingPal_bsp/\libhal_bsp.a(alt_sys_init.o)
 *(.rodata1)
                0x0000000001005d4c                . = ALIGN (0x4)
                0x0000000001005d4c                PROVIDE (__ram_rodata_end, ABSOLUTE (.))
                0x0000000001005ca8                PROVIDE (__flash_rodata_start, LOADADDR (.rodata))

.rwdata         0x0000000001005d4c     0x1af0 load address 0x000000000100783c
                0x0000000001005d4c                PROVIDE (__ram_rwdata_start, ABSOLUTE (.))
                0x0000000001005d4c                . = ALIGN (0x4)
 *(.got.plt)
 *(.got)
 *(.data1)
 *(.data .data.* .gnu.linkonce.d.*)
 .data          0x0000000001005d4c        0x0 ../HikingPal_bsp//obj/HAL/src/crt0.o
 .data          0x0000000001005d4c        0x0 obj/default/hello_world.o
 .data          0x0000000001005d4c        0x0 c:/altera/15.0/nios2eds/bin/gnu/h-x86_64-mingw32/bin/../lib/gcc/nios2-elf/4.9.1/../../../../../H-x86_64-mingw32/nios2-elf/lib/mno-hw-mul\libc.a(lib_a-puts.o)
 .data          0x0000000001005d4c        0x0 c:/altera/15.0/nios2eds/bin/gnu/h-x86_64-mingw32/bin/../lib/gcc/nios2-elf/4.9.1/../../../../../H-x86_64-mingw32/nios2-elf/lib/mno-hw-mul\libc.a(lib_a-strlen.o)
 .data          0x0000000001005d4c        0x0 c:/altera/15.0/nios2eds/bin/gnu/h-x86_64-mingw32/bin/../lib/gcc/nios2-elf/4.9.1/../../../../../H-x86_64-mingw32/nios2-elf/lib/mno-hw-mul\libc.a(lib_a-fvwrite.o)
 .data          0x0000000001005d4c      0x424 c:/altera/15.0/nios2eds/bin/gnu/h-x86_64-mingw32/bin/../lib/gcc/nios2-elf/4.9.1/../../../../../H-x86_64-mingw32/nios2-elf/lib/mno-hw-mul\libc.a(lib_a-impure.o)
 .data          0x0000000001006170      0x408 c:/altera/15.0/nios2eds/bin/gnu/h-x86_64-mingw32/bin/../lib/gcc/nios2-elf/4.9.1/../../../../../H-x86_64-mingw32/nios2-elf/lib/mno-hw-mul\libc.a(lib_a-mallocr.o)
                0x0000000001006170                __malloc_av_
 .data          0x0000000001006578        0x0 c:/altera/15.0/nios2eds/bin/gnu/h-x86_64-mingw32/bin/../lib/gcc/nios2-elf/4.9.1/../../../../../H-x86_64-mingw32/nios2-elf/lib/mno-hw-mul\libc.a(lib_a-memchr.o)
 .data          0x0000000001006578        0x0 c:/altera/15.0/nios2eds/bin/gnu/h-x86_64-mingw32/bin/../lib/gcc/nios2-elf/4.9.1/../../../../../H-x86_64-mingw32/nios2-elf/lib/mno-hw-mul\libc.a(lib_a-memcpy.o)
 .data          0x0000000001006578        0x0 c:/altera/15.0/nios2eds/bin/gnu/h-x86_64-mingw32/bin/../lib/gcc/nios2-elf/4.9.1/../../../../../H-x86_64-mingw32/nios2-elf/lib/mno-hw-mul\libc.a(lib_a-memmove.o)
 .data          0x0000000001006578        0x0 c:/altera/15.0/nios2eds/bin/gnu/h-x86_64-mingw32/bin/../lib/gcc/nios2-elf/4.9.1/../../../../../H-x86_64-mingw32/nios2-elf/lib/mno-hw-mul\libc.a(lib_a-reallocr.o)
 .data          0x0000000001006578        0x0 c:/altera/15.0/nios2eds/bin/gnu/h-x86_64-mingw32/bin/../lib/gcc/nios2-elf/4.9.1/../../../../../H-x86_64-mingw32/nios2-elf/lib/mno-hw-mul\libc.a(lib_a-sbrkr.o)
 .data          0x0000000001006578        0x0 c:/altera/15.0/nios2eds/bin/gnu/h-x86_64-mingw32/bin/../lib/gcc/nios2-elf/4.9.1/../../../../../H-x86_64-mingw32/nios2-elf/lib/mno-hw-mul\libc.a(lib_a-wsetup.o)
 .data          0x0000000001006578        0x0 c:/altera/15.0/nios2eds/bin/gnu/h-x86_64-mingw32/bin/../lib/gcc/nios2-elf/4.9.1/../../../../../H-x86_64-mingw32/nios2-elf/lib/mno-hw-mul\libc.a(lib_a-fflush.o)
 .data          0x0000000001006578        0x0 c:/altera/15.0/nios2eds/bin/gnu/h-x86_64-mingw32/bin/../lib/gcc/nios2-elf/4.9.1/../../../../../H-x86_64-mingw32/nios2-elf/lib/mno-hw-mul\libc.a(lib_a-findfp.o)
 .data          0x0000000001006578        0x0 c:/altera/15.0/nios2eds/bin/gnu/h-x86_64-mingw32/bin/../lib/gcc/nios2-elf/4.9.1/../../../../../H-x86_64-mingw32/nios2-elf/lib/mno-hw-mul\libc.a(lib_a-freer.o)
 .data          0x0000000001006578        0x0 c:/altera/15.0/nios2eds/bin/gnu/h-x86_64-mingw32/bin/../lib/gcc/nios2-elf/4.9.1/../../../../../H-x86_64-mingw32/nios2-elf/lib/mno-hw-mul\libc.a(lib_a-fwalk.o)
 .data          0x0000000001006578        0x0 c:/altera/15.0/nios2eds/bin/gnu/h-x86_64-mingw32/bin/../lib/gcc/nios2-elf/4.9.1/../../../../../H-x86_64-mingw32/nios2-elf/lib/mno-hw-mul\libc.a(lib_a-int_errno.o)
 .data          0x0000000001006578        0x0 c:/altera/15.0/nios2eds/bin/gnu/h-x86_64-mingw32/bin/../lib/gcc/nios2-elf/4.9.1/../../../../../H-x86_64-mingw32/nios2-elf/lib/mno-hw-mul\libc.a(lib_a-makebuf.o)
 .data          0x0000000001006578        0x0 c:/altera/15.0/nios2eds/bin/gnu/h-x86_64-mingw32/bin/../lib/gcc/nios2-elf/4.9.1/../../../../../H-x86_64-mingw32/nios2-elf/lib/mno-hw-mul\libc.a(lib_a-memset.o)
 .data          0x0000000001006578        0x0 c:/altera/15.0/nios2eds/bin/gnu/h-x86_64-mingw32/bin/../lib/gcc/nios2-elf/4.9.1/../../../../../H-x86_64-mingw32/nios2-elf/lib/mno-hw-mul\libc.a(lib_a-stdio.o)
 .data          0x0000000001006578        0x0 c:/altera/15.0/nios2eds/bin/gnu/h-x86_64-mingw32/bin/../lib/gcc/nios2-elf/4.9.1/../../../../../H-x86_64-mingw32/nios2-elf/lib/mno-hw-mul\libc.a(lib_a-writer.o)
 .data          0x0000000001006578        0x0 c:/altera/15.0/nios2eds/bin/gnu/h-x86_64-mingw32/bin/../lib/gcc/nios2-elf/4.9.1/../../../../../H-x86_64-mingw32/nios2-elf/lib/mno-hw-mul\libc.a(closer.o)
 .data          0x0000000001006578        0x0 c:/altera/15.0/nios2eds/bin/gnu/h-x86_64-mingw32/bin/../lib/gcc/nios2-elf/4.9.1/../../../../../H-x86_64-mingw32/nios2-elf/lib/mno-hw-mul\libc.a(lib_a-fclose.o)
 .data          0x0000000001006578        0x0 c:/altera/15.0/nios2eds/bin/gnu/h-x86_64-mingw32/bin/../lib/gcc/nios2-elf/4.9.1/../../../../../H-x86_64-mingw32/nios2-elf/lib/mno-hw-mul\libc.a(lib_a-fstatr.o)
 .data          0x0000000001006578        0x0 c:/altera/15.0/nios2eds/bin/gnu/h-x86_64-mingw32/bin/../lib/gcc/nios2-elf/4.9.1/../../../../../H-x86_64-mingw32/nios2-elf/lib/mno-hw-mul\libc.a(lib_a-isattyr.o)
 .data          0x0000000001006578        0x0 c:/altera/15.0/nios2eds/bin/gnu/h-x86_64-mingw32/bin/../lib/gcc/nios2-elf/4.9.1/../../../../../H-x86_64-mingw32/nios2-elf/lib/mno-hw-mul\libc.a(lib_a-lseekr.o)
 .data          0x0000000001006578        0x0 c:/altera/15.0/nios2eds/bin/gnu/h-x86_64-mingw32/bin/../lib/gcc/nios2-elf/4.9.1/../../../../../H-x86_64-mingw32/nios2-elf/lib/mno-hw-mul\libc.a(lib_a-readr.o)
 .data          0x0000000001006578        0x0 c:/altera/15.0/nios2eds/bin/gnu/h-x86_64-mingw32/bin/../lib/gcc/nios2-elf/4.9.1/mno-hw-mul\libgcc.a(lib2-mul.o)
 .data          0x0000000001006578        0x0 ../HikingPal_bsp/\libhal_bsp.a(alt_close.o)
 .data          0x0000000001006578      0x1a8 ../HikingPal_bsp/\libhal_bsp.a(alt_dev.o)
                0x0000000001006578                alt_dev_null
                0x00000000010065a0                alt_fd_list
 .data          0x0000000001006720        0x0 ../HikingPal_bsp/\libhal_bsp.a(alt_errno.o)
 .data          0x0000000001006720        0x0 ../HikingPal_bsp/\libhal_bsp.a(alt_fstat.o)
 .data          0x0000000001006720        0x0 ../HikingPal_bsp/\libhal_bsp.a(alt_isatty.o)
 .data          0x0000000001006720        0x0 ../HikingPal_bsp/\libhal_bsp.a(alt_load.o)
 .data          0x0000000001006720        0x0 ../HikingPal_bsp/\libhal_bsp.a(alt_lseek.o)
 .data          0x0000000001006720        0x0 ../HikingPal_bsp/\libhal_bsp.a(alt_main.o)
 .data          0x0000000001006720        0x0 ../HikingPal_bsp/\libhal_bsp.a(alt_malloc_lock.o)
 .data          0x0000000001006720        0x0 ../HikingPal_bsp/\libhal_bsp.a(alt_read.o)
 .data          0x0000000001006720        0x0 ../HikingPal_bsp/\libhal_bsp.a(alt_release_fd.o)
 .data          0x0000000001006720        0x0 ../HikingPal_bsp/\libhal_bsp.a(alt_sbrk.o)
 .data          0x0000000001006720        0x0 ../HikingPal_bsp/\libhal_bsp.a(alt_write.o)
 .data          0x0000000001006720     0x10e4 ../HikingPal_bsp/\libhal_bsp.a(alt_sys_init.o)
 .data          0x0000000001007804        0x0 ../HikingPal_bsp/\libhal_bsp.a(altera_avalon_jtag_uart_fd.o)
 .data          0x0000000001007804        0x0 ../HikingPal_bsp/\libhal_bsp.a(altera_avalon_jtag_uart_init.o)
 .data          0x0000000001007804        0x0 ../HikingPal_bsp/\libhal_bsp.a(altera_avalon_jtag_uart_ioctl.o)
 .data          0x0000000001007804        0x0 ../HikingPal_bsp/\libhal_bsp.a(altera_avalon_jtag_uart_read.o)
 .data          0x0000000001007804        0x0 ../HikingPal_bsp/\libhal_bsp.a(altera_avalon_jtag_uart_write.o)
 .data          0x0000000001007804        0x0 ../HikingPal_bsp/\libhal_bsp.a(altera_avalon_timer_sc.o)
 .data          0x0000000001007804        0x0 ../HikingPal_bsp/\libhal_bsp.a(altera_up_avalon_character_lcd.o)
 .data          0x0000000001007804        0x0 ../HikingPal_bsp/\libhal_bsp.a(altera_up_avalon_rs232.o)
 .data          0x0000000001007804        0x0 ../HikingPal_bsp/\libhal_bsp.a(alt_alarm_start.o)
 .data          0x0000000001007804        0x0 ../HikingPal_bsp/\libhal_bsp.a(alt_dcache_flush_all.o)
 .data          0x0000000001007804        0x0 ../HikingPal_bsp/\libhal_bsp.a(alt_dev_llist_insert.o)
 .data          0x0000000001007804        0x0 ../HikingPal_bsp/\libhal_bsp.a(alt_do_ctors.o)
 .data          0x0000000001007804        0x0 ../HikingPal_bsp/\libhal_bsp.a(alt_do_dtors.o)
 .data          0x0000000001007804        0x0 ../HikingPal_bsp/\libhal_bsp.a(alt_find_dev.o)
 .data          0x0000000001007804        0x0 ../HikingPal_bsp/\libhal_bsp.a(alt_icache_flush_all.o)
 .data          0x0000000001007804        0x0 ../HikingPal_bsp/\libhal_bsp.a(alt_io_redirect.o)
 .data          0x0000000001007804        0x0 ../HikingPal_bsp/\libhal_bsp.a(alt_irq_register.o)
 .data          0x0000000001007804        0x0 ../HikingPal_bsp/\libhal_bsp.a(alt_irq_vars.o)
 .data          0x0000000001007804        0x0 ../HikingPal_bsp/\libhal_bsp.a(alt_open.o)
 .data          0x0000000001007804        0x0 ../HikingPal_bsp/\libhal_bsp.a(alt_tick.o)
 .data          0x0000000001007804        0x0 ../HikingPal_bsp/\libhal_bsp.a(altera_nios2_qsys_irq.o)
 .data          0x0000000001007804        0x0 ../HikingPal_bsp/\libhal_bsp.a(alt_find_file.o)
 .data          0x0000000001007804        0x0 ../HikingPal_bsp/\libhal_bsp.a(alt_get_fd.o)
 .data          0x0000000001007804        0x0 ../HikingPal_bsp/\libhal_bsp.a(alt_irq_entry.o)
 .data          0x0000000001007804        0x0 ../HikingPal_bsp/\libhal_bsp.a(alt_irq_handler.o)
 .data          0x0000000001007804        0x0 ../HikingPal_bsp/\libhal_bsp.a(alt_exception_entry.o)
 .data          0x0000000001007804        0x0 c:/altera/15.0/nios2eds/bin/gnu/h-x86_64-mingw32/bin/../lib/gcc/nios2-elf/4.9.1/../../../../../H-x86_64-mingw32/nios2-elf/lib/mno-hw-mul\libc.a(lib_a-atexit.o)
 .data          0x0000000001007804        0x0 c:/altera/15.0/nios2eds/bin/gnu/h-x86_64-mingw32/bin/../lib/gcc/nios2-elf/4.9.1/../../../../../H-x86_64-mingw32/nios2-elf/lib/mno-hw-mul\libc.a(lib_a-exit.o)
 .data          0x0000000001007804        0x0 c:/altera/15.0/nios2eds/bin/gnu/h-x86_64-mingw32/bin/../lib/gcc/nios2-elf/4.9.1/../../../../../H-x86_64-mingw32/nios2-elf/lib/mno-hw-mul\libc.a(lib_a-memcmp.o)
 .data          0x0000000001007804        0x0 c:/altera/15.0/nios2eds/bin/gnu/h-x86_64-mingw32/bin/../lib/gcc/nios2-elf/4.9.1/../../../../../H-x86_64-mingw32/nios2-elf/lib/mno-hw-mul\libc.a(lib_a-__atexit.o)
 .data          0x0000000001007804        0x0 c:/altera/15.0/nios2eds/bin/gnu/h-x86_64-mingw32/bin/../lib/gcc/nios2-elf/4.9.1/../../../../../H-x86_64-mingw32/nios2-elf/lib/mno-hw-mul\libc.a(lib_a-__call_atexit.o)
 .data          0x0000000001007804        0x0 ../HikingPal_bsp/\libhal_bsp.a(alt_exit.o)
                0x000000000100f804                _gp = ABSOLUTE ((. + 0x8000))
                0x000000000100f804                PROVIDE (gp, _gp)
 *(.rwdata .rwdata.*)
 *(.sdata .sdata.* .gnu.linkonce.s.*)
 .sdata         0x0000000001007804        0x8 c:/altera/15.0/nios2eds/bin/gnu/h-x86_64-mingw32/bin/../lib/gcc/nios2-elf/4.9.1/../../../../../H-x86_64-mingw32/nios2-elf/lib/mno-hw-mul\libc.a(lib_a-impure.o)
                0x0000000001007804                _global_impure_ptr
                0x0000000001007808                _impure_ptr
 .sdata         0x000000000100780c        0x8 c:/altera/15.0/nios2eds/bin/gnu/h-x86_64-mingw32/bin/../lib/gcc/nios2-elf/4.9.1/../../../../../H-x86_64-mingw32/nios2-elf/lib/mno-hw-mul\libc.a(lib_a-mallocr.o)
                0x000000000100780c                __malloc_sbrk_base
                0x0000000001007810                __malloc_trim_threshold
 .sdata         0x0000000001007814       0x14 ../HikingPal_bsp/\libhal_bsp.a(alt_dev.o)
                0x0000000001007814                alt_fs_list
                0x000000000100781c                alt_dev_list
                0x0000000001007824                alt_max_fd
 .sdata         0x0000000001007828        0x4 ../HikingPal_bsp/\libhal_bsp.a(alt_errno.o)
                0x0000000001007828                alt_errno
 .sdata         0x000000000100782c        0x4 ../HikingPal_bsp/\libhal_bsp.a(alt_sbrk.o)
 .sdata         0x0000000001007830        0x4 ../HikingPal_bsp/\libhal_bsp.a(alt_irq_vars.o)
                0x0000000001007830                alt_priority_mask
 .sdata         0x0000000001007834        0x8 ../HikingPal_bsp/\libhal_bsp.a(alt_tick.o)
                0x0000000001007834                alt_alarm_list
 *(.sdata2 .sdata2.* .gnu.linkonce.s2.*)
                0x000000000100783c                . = ALIGN (0x4)
                0x000000000100783c                _edata = ABSOLUTE (.)
                0x000000000100783c                PROVIDE (edata, ABSOLUTE (.))
                0x000000000100783c                PROVIDE (__ram_rwdata_end, ABSOLUTE (.))
                0x000000000100783c                PROVIDE (__flash_rwdata_start, LOADADDR (.rwdata))

.bss            0x000000000100932c      0x150
                0x000000000100932c                __bss_start = ABSOLUTE (.)
                0x000000000100932c                PROVIDE (__sbss_start, ABSOLUTE (.))
                0x000000000100932c                PROVIDE (___sbss_start, ABSOLUTE (.))
 *(.dynsbss)
 *(.sbss .sbss.* .gnu.linkonce.sb.*)
 .sbss          0x000000000100932c        0xc c:/altera/15.0/nios2eds/bin/gnu/h-x86_64-mingw32/bin/../lib/gcc/nios2-elf/4.9.1/../../../../../H-x86_64-mingw32/nios2-elf/lib/mno-hw-mul\libc.a(lib_a-mallocr.o)
                0x000000000100932c                __malloc_max_total_mem
                0x0000000001009330                __malloc_max_sbrked_mem
                0x0000000001009334                __malloc_top_pad
 .sbss          0x0000000001009338        0x4 c:/altera/15.0/nios2eds/bin/gnu/h-x86_64-mingw32/bin/../lib/gcc/nios2-elf/4.9.1/../../../../../H-x86_64-mingw32/nios2-elf/lib/mno-hw-mul\libc.a(lib_a-int_errno.o)
                0x0000000001009338                errno
 .sbss          0x000000000100933c        0xc ../HikingPal_bsp/\libhal_bsp.a(alt_main.o)
                0x000000000100933c                alt_argc
                0x0000000001009340                alt_argv
                0x0000000001009344                alt_envp
 .sbss          0x0000000001009348        0x4 ../HikingPal_bsp/\libhal_bsp.a(alt_irq_vars.o)
                0x0000000001009348                alt_irq_active
 .sbss          0x000000000100934c        0x8 ../HikingPal_bsp/\libhal_bsp.a(alt_tick.o)
                0x000000000100934c                _alt_tick_rate
                0x0000000001009350                _alt_nticks
 *(.sbss2 .sbss2.* .gnu.linkonce.sb2.*)
 *(.scommon)
                0x0000000001009354                PROVIDE (__sbss_end, ABSOLUTE (.))
                0x0000000001009354                PROVIDE (___sbss_end, ABSOLUTE (.))
 *(.dynbss)
 *(.bss .bss.* .gnu.linkonce.b.*)
 .bss           0x0000000001009354        0x0 ../HikingPal_bsp//obj/HAL/src/crt0.o
 .bss           0x0000000001009354        0x0 obj/default/hello_world.o
 .bss           0x0000000001009354        0x0 c:/altera/15.0/nios2eds/bin/gnu/h-x86_64-mingw32/bin/../lib/gcc/nios2-elf/4.9.1/../../../../../H-x86_64-mingw32/nios2-elf/lib/mno-hw-mul\libc.a(lib_a-puts.o)
 .bss           0x0000000001009354        0x0 c:/altera/15.0/nios2eds/bin/gnu/h-x86_64-mingw32/bin/../lib/gcc/nios2-elf/4.9.1/../../../../../H-x86_64-mingw32/nios2-elf/lib/mno-hw-mul\libc.a(lib_a-strlen.o)
 .bss           0x0000000001009354        0x0 c:/altera/15.0/nios2eds/bin/gnu/h-x86_64-mingw32/bin/../lib/gcc/nios2-elf/4.9.1/../../../../../H-x86_64-mingw32/nios2-elf/lib/mno-hw-mul\libc.a(lib_a-fvwrite.o)
 .bss           0x0000000001009354        0x0 c:/altera/15.0/nios2eds/bin/gnu/h-x86_64-mingw32/bin/../lib/gcc/nios2-elf/4.9.1/../../../../../H-x86_64-mingw32/nios2-elf/lib/mno-hw-mul\libc.a(lib_a-impure.o)
 .bss           0x0000000001009354       0x28 c:/altera/15.0/nios2eds/bin/gnu/h-x86_64-mingw32/bin/../lib/gcc/nios2-elf/4.9.1/../../../../../H-x86_64-mingw32/nios2-elf/lib/mno-hw-mul\libc.a(lib_a-mallocr.o)
                0x0000000001009354                __malloc_current_mallinfo
 .bss           0x000000000100937c        0x0 c:/altera/15.0/nios2eds/bin/gnu/h-x86_64-mingw32/bin/../lib/gcc/nios2-elf/4.9.1/../../../../../H-x86_64-mingw32/nios2-elf/lib/mno-hw-mul\libc.a(lib_a-memchr.o)
 .bss           0x000000000100937c        0x0 c:/altera/15.0/nios2eds/bin/gnu/h-x86_64-mingw32/bin/../lib/gcc/nios2-elf/4.9.1/../../../../../H-x86_64-mingw32/nios2-elf/lib/mno-hw-mul\libc.a(lib_a-memcpy.o)
 .bss           0x000000000100937c        0x0 c:/altera/15.0/nios2eds/bin/gnu/h-x86_64-mingw32/bin/../lib/gcc/nios2-elf/4.9.1/../../../../../H-x86_64-mingw32/nios2-elf/lib/mno-hw-mul\libc.a(lib_a-memmove.o)
 .bss           0x000000000100937c        0x0 c:/altera/15.0/nios2eds/bin/gnu/h-x86_64-mingw32/bin/../lib/gcc/nios2-elf/4.9.1/../../../../../H-x86_64-mingw32/nios2-elf/lib/mno-hw-mul\libc.a(lib_a-reallocr.o)
 .bss           0x000000000100937c        0x0 c:/altera/15.0/nios2eds/bin/gnu/h-x86_64-mingw32/bin/../lib/gcc/nios2-elf/4.9.1/../../../../../H-x86_64-mingw32/nios2-elf/lib/mno-hw-mul\libc.a(lib_a-sbrkr.o)
 .bss           0x000000000100937c        0x0 c:/altera/15.0/nios2eds/bin/gnu/h-x86_64-mingw32/bin/../lib/gcc/nios2-elf/4.9.1/../../../../../H-x86_64-mingw32/nios2-elf/lib/mno-hw-mul\libc.a(lib_a-wsetup.o)
 .bss           0x000000000100937c        0x0 c:/altera/15.0/nios2eds/bin/gnu/h-x86_64-mingw32/bin/../lib/gcc/nios2-elf/4.9.1/../../../../../H-x86_64-mingw32/nios2-elf/lib/mno-hw-mul\libc.a(lib_a-fflush.o)
 .bss           0x000000000100937c        0x0 c:/altera/15.0/nios2eds/bin/gnu/h-x86_64-mingw32/bin/../lib/gcc/nios2-elf/4.9.1/../../../../../H-x86_64-mingw32/nios2-elf/lib/mno-hw-mul\libc.a(lib_a-findfp.o)
 .bss           0x000000000100937c        0x0 c:/altera/15.0/nios2eds/bin/gnu/h-x86_64-mingw32/bin/../lib/gcc/nios2-elf/4.9.1/../../../../../H-x86_64-mingw32/nios2-elf/lib/mno-hw-mul\libc.a(lib_a-freer.o)
 .bss           0x000000000100937c        0x0 c:/altera/15.0/nios2eds/bin/gnu/h-x86_64-mingw32/bin/../lib/gcc/nios2-elf/4.9.1/../../../../../H-x86_64-mingw32/nios2-elf/lib/mno-hw-mul\libc.a(lib_a-fwalk.o)
 .bss           0x000000000100937c        0x0 c:/altera/15.0/nios2eds/bin/gnu/h-x86_64-mingw32/bin/../lib/gcc/nios2-elf/4.9.1/../../../../../H-x86_64-mingw32/nios2-elf/lib/mno-hw-mul\libc.a(lib_a-int_errno.o)
 .bss           0x000000000100937c        0x0 c:/altera/15.0/nios2eds/bin/gnu/h-x86_64-mingw32/bin/../lib/gcc/nios2-elf/4.9.1/../../../../../H-x86_64-mingw32/nios2-elf/lib/mno-hw-mul\libc.a(lib_a-makebuf.o)
 .bss           0x000000000100937c        0x0 c:/altera/15.0/nios2eds/bin/gnu/h-x86_64-mingw32/bin/../lib/gcc/nios2-elf/4.9.1/../../../../../H-x86_64-mingw32/nios2-elf/lib/mno-hw-mul\libc.a(lib_a-memset.o)
 .bss           0x000000000100937c        0x0 c:/altera/15.0/nios2eds/bin/gnu/h-x86_64-mingw32/bin/../lib/gcc/nios2-elf/4.9.1/../../../../../H-x86_64-mingw32/nios2-elf/lib/mno-hw-mul\libc.a(lib_a-stdio.o)
 .bss           0x000000000100937c        0x0 c:/altera/15.0/nios2eds/bin/gnu/h-x86_64-mingw32/bin/../lib/gcc/nios2-elf/4.9.1/../../../../../H-x86_64-mingw32/nios2-elf/lib/mno-hw-mul\libc.a(lib_a-writer.o)
 .bss           0x000000000100937c        0x0 c:/altera/15.0/nios2eds/bin/gnu/h-x86_64-mingw32/bin/../lib/gcc/nios2-elf/4.9.1/../../../../../H-x86_64-mingw32/nios2-elf/lib/mno-hw-mul\libc.a(closer.o)
 .bss           0x000000000100937c        0x0 c:/altera/15.0/nios2eds/bin/gnu/h-x86_64-mingw32/bin/../lib/gcc/nios2-elf/4.9.1/../../../../../H-x86_64-mingw32/nios2-elf/lib/mno-hw-mul\libc.a(lib_a-fclose.o)
 .bss           0x000000000100937c        0x0 c:/altera/15.0/nios2eds/bin/gnu/h-x86_64-mingw32/bin/../lib/gcc/nios2-elf/4.9.1/../../../../../H-x86_64-mingw32/nios2-elf/lib/mno-hw-mul\libc.a(lib_a-fstatr.o)
 .bss           0x000000000100937c        0x0 c:/altera/15.0/nios2eds/bin/gnu/h-x86_64-mingw32/bin/../lib/gcc/nios2-elf/4.9.1/../../../../../H-x86_64-mingw32/nios2-elf/lib/mno-hw-mul\libc.a(lib_a-isattyr.o)
 .bss           0x000000000100937c        0x0 c:/altera/15.0/nios2eds/bin/gnu/h-x86_64-mingw32/bin/../lib/gcc/nios2-elf/4.9.1/../../../../../H-x86_64-mingw32/nios2-elf/lib/mno-hw-mul\libc.a(lib_a-lseekr.o)
 .bss           0x000000000100937c        0x0 c:/altera/15.0/nios2eds/bin/gnu/h-x86_64-mingw32/bin/../lib/gcc/nios2-elf/4.9.1/../../../../../H-x86_64-mingw32/nios2-elf/lib/mno-hw-mul\libc.a(lib_a-readr.o)
 .bss           0x000000000100937c        0x0 c:/altera/15.0/nios2eds/bin/gnu/h-x86_64-mingw32/bin/../lib/gcc/nios2-elf/4.9.1/mno-hw-mul\libgcc.a(lib2-mul.o)
 .bss           0x000000000100937c        0x0 ../HikingPal_bsp/\libhal_bsp.a(alt_close.o)
 .bss           0x000000000100937c        0x0 ../HikingPal_bsp/\libhal_bsp.a(alt_dev.o)
 .bss           0x000000000100937c        0x0 ../HikingPal_bsp/\libhal_bsp.a(alt_errno.o)
 .bss           0x000000000100937c        0x0 ../HikingPal_bsp/\libhal_bsp.a(alt_fstat.o)
 .bss           0x000000000100937c        0x0 ../HikingPal_bsp/\libhal_bsp.a(alt_isatty.o)
 .bss           0x000000000100937c        0x0 ../HikingPal_bsp/\libhal_bsp.a(alt_load.o)
 .bss           0x000000000100937c        0x0 ../HikingPal_bsp/\libhal_bsp.a(alt_lseek.o)
 .bss           0x000000000100937c        0x0 ../HikingPal_bsp/\libhal_bsp.a(alt_main.o)
 .bss           0x000000000100937c        0x0 ../HikingPal_bsp/\libhal_bsp.a(alt_malloc_lock.o)
 .bss           0x000000000100937c        0x0 ../HikingPal_bsp/\libhal_bsp.a(alt_read.o)
 .bss           0x000000000100937c        0x0 ../HikingPal_bsp/\libhal_bsp.a(alt_release_fd.o)
 .bss           0x000000000100937c        0x0 ../HikingPal_bsp/\libhal_bsp.a(alt_sbrk.o)
 .bss           0x000000000100937c        0x0 ../HikingPal_bsp/\libhal_bsp.a(alt_write.o)
 .bss           0x000000000100937c        0x0 ../HikingPal_bsp/\libhal_bsp.a(alt_sys_init.o)
 .bss           0x000000000100937c        0x0 ../HikingPal_bsp/\libhal_bsp.a(altera_avalon_jtag_uart_fd.o)
 .bss           0x000000000100937c        0x0 ../HikingPal_bsp/\libhal_bsp.a(altera_avalon_jtag_uart_init.o)
 .bss           0x000000000100937c        0x0 ../HikingPal_bsp/\libhal_bsp.a(altera_avalon_jtag_uart_ioctl.o)
 .bss           0x000000000100937c        0x0 ../HikingPal_bsp/\libhal_bsp.a(altera_avalon_jtag_uart_read.o)
 .bss           0x000000000100937c        0x0 ../HikingPal_bsp/\libhal_bsp.a(altera_avalon_jtag_uart_write.o)
 .bss           0x000000000100937c        0x0 ../HikingPal_bsp/\libhal_bsp.a(altera_avalon_timer_sc.o)
 .bss           0x000000000100937c        0x0 ../HikingPal_bsp/\libhal_bsp.a(altera_up_avalon_character_lcd.o)
 .bss           0x000000000100937c        0x0 ../HikingPal_bsp/\libhal_bsp.a(altera_up_avalon_rs232.o)
 .bss           0x000000000100937c        0x0 ../HikingPal_bsp/\libhal_bsp.a(alt_alarm_start.o)
 .bss           0x000000000100937c        0x0 ../HikingPal_bsp/\libhal_bsp.a(alt_dcache_flush_all.o)
 .bss           0x000000000100937c        0x0 ../HikingPal_bsp/\libhal_bsp.a(alt_dev_llist_insert.o)
 .bss           0x000000000100937c        0x0 ../HikingPal_bsp/\libhal_bsp.a(alt_do_ctors.o)
 .bss           0x000000000100937c        0x0 ../HikingPal_bsp/\libhal_bsp.a(alt_do_dtors.o)
 .bss           0x000000000100937c        0x0 ../HikingPal_bsp/\libhal_bsp.a(alt_find_dev.o)
 .bss           0x000000000100937c        0x0 ../HikingPal_bsp/\libhal_bsp.a(alt_icache_flush_all.o)
 .bss           0x000000000100937c        0x0 ../HikingPal_bsp/\libhal_bsp.a(alt_io_redirect.o)
 .bss           0x000000000100937c        0x0 ../HikingPal_bsp/\libhal_bsp.a(alt_irq_register.o)
 .bss           0x000000000100937c        0x0 ../HikingPal_bsp/\libhal_bsp.a(alt_irq_vars.o)
 .bss           0x000000000100937c        0x0 ../HikingPal_bsp/\libhal_bsp.a(alt_open.o)
 .bss           0x000000000100937c        0x0 ../HikingPal_bsp/\libhal_bsp.a(alt_tick.o)
 .bss           0x000000000100937c        0x0 ../HikingPal_bsp/\libhal_bsp.a(altera_nios2_qsys_irq.o)
 .bss           0x000000000100937c        0x0 ../HikingPal_bsp/\libhal_bsp.a(alt_find_file.o)
 .bss           0x000000000100937c        0x0 ../HikingPal_bsp/\libhal_bsp.a(alt_get_fd.o)
 .bss           0x000000000100937c        0x0 ../HikingPal_bsp/\libhal_bsp.a(alt_irq_entry.o)
 .bss           0x000000000100937c        0x0 ../HikingPal_bsp/\libhal_bsp.a(alt_irq_handler.o)
 .bss           0x000000000100937c        0x0 ../HikingPal_bsp/\libhal_bsp.a(alt_exception_entry.o)
 .bss           0x000000000100937c        0x0 c:/altera/15.0/nios2eds/bin/gnu/h-x86_64-mingw32/bin/../lib/gcc/nios2-elf/4.9.1/../../../../../H-x86_64-mingw32/nios2-elf/lib/mno-hw-mul\libc.a(lib_a-atexit.o)
 .bss           0x000000000100937c        0x0 c:/altera/15.0/nios2eds/bin/gnu/h-x86_64-mingw32/bin/../lib/gcc/nios2-elf/4.9.1/../../../../../H-x86_64-mingw32/nios2-elf/lib/mno-hw-mul\libc.a(lib_a-exit.o)
 .bss           0x000000000100937c        0x0 c:/altera/15.0/nios2eds/bin/gnu/h-x86_64-mingw32/bin/../lib/gcc/nios2-elf/4.9.1/../../../../../H-x86_64-mingw32/nios2-elf/lib/mno-hw-mul\libc.a(lib_a-memcmp.o)
 .bss           0x000000000100937c        0x0 c:/altera/15.0/nios2eds/bin/gnu/h-x86_64-mingw32/bin/../lib/gcc/nios2-elf/4.9.1/../../../../../H-x86_64-mingw32/nios2-elf/lib/mno-hw-mul\libc.a(lib_a-__atexit.o)
 .bss           0x000000000100937c        0x0 c:/altera/15.0/nios2eds/bin/gnu/h-x86_64-mingw32/bin/../lib/gcc/nios2-elf/4.9.1/../../../../../H-x86_64-mingw32/nios2-elf/lib/mno-hw-mul\libc.a(lib_a-__call_atexit.o)
 .bss           0x000000000100937c        0x0 ../HikingPal_bsp/\libhal_bsp.a(alt_exit.o)
 *(COMMON)
 COMMON         0x000000000100937c      0x100 ../HikingPal_bsp/\libhal_bsp.a(alt_irq_handler.o)
                0x000000000100937c                alt_irq
                0x000000000100947c                . = ALIGN (0x4)
                0x000000000100947c                __bss_end = ABSOLUTE (.)

.onchip_memory2_0
                0x0000000000000000        0x0 load address 0x000000000100947c
                0x0000000000000000                PROVIDE (_alt_partition_onchip_memory2_0_start, ABSOLUTE (.))
 *(.onchip_memory2_0 .onchip_memory2_0. onchip_memory2_0.*)
                0x0000000000000000                . = ALIGN (0x4)
                0x0000000000000000                PROVIDE (_alt_partition_onchip_memory2_0_end, ABSOLUTE (.))
                0x000000000100947c                PROVIDE (_alt_partition_onchip_memory2_0_load_addr, LOADADDR (.onchip_memory2_0))

.new_sdram_controller_0
                0x000000000100947c        0x0
                0x000000000100947c                PROVIDE (_alt_partition_new_sdram_controller_0_start, ABSOLUTE (.))
 *(.new_sdram_controller_0 .new_sdram_controller_0. new_sdram_controller_0.*)
                0x000000000100947c                . = ALIGN (0x4)
                0x000000000100947c                PROVIDE (_alt_partition_new_sdram_controller_0_end, ABSOLUTE (.))
                0x000000000100947c                _end = ABSOLUTE (.)
                0x000000000100947c                end = ABSOLUTE (.)
                0x000000000100947c                __alt_stack_base = ABSOLUTE (.)
                0x000000000100947c                PROVIDE (_alt_partition_new_sdram_controller_0_load_addr, LOADADDR (.new_sdram_controller_0))

.stab
 *(.stab)

.stabstr
 *(.stabstr)

.stab.excl
 *(.stab.excl)

.stab.exclstr
 *(.stab.exclstr)

.stab.index
 *(.stab.index)

.stab.indexstr
 *(.stab.indexstr)

.comment        0x0000000000000000       0x23
 *(.comment)
 .comment       0x0000000000000000       0x23 obj/default/hello_world.o
                                         0x24 (size before relaxing)
 .comment       0x0000000000000000       0x24 c:/altera/15.0/nios2eds/bin/gnu/h-x86_64-mingw32/bin/../lib/gcc/nios2-elf/4.9.1/../../../../../H-x86_64-mingw32/nios2-elf/lib/mno-hw-mul\libc.a(lib_a-puts.o)
 .comment       0x0000000000000000       0x24 c:/altera/15.0/nios2eds/bin/gnu/h-x86_64-mingw32/bin/../lib/gcc/nios2-elf/4.9.1/../../../../../H-x86_64-mingw32/nios2-elf/lib/mno-hw-mul\libc.a(lib_a-strlen.o)
 .comment       0x0000000000000000       0x24 c:/altera/15.0/nios2eds/bin/gnu/h-x86_64-mingw32/bin/../lib/gcc/nios2-elf/4.9.1/../../../../../H-x86_64-mingw32/nios2-elf/lib/mno-hw-mul\libc.a(lib_a-fvwrite.o)
 .comment       0x0000000000000000       0x24 c:/altera/15.0/nios2eds/bin/gnu/h-x86_64-mingw32/bin/../lib/gcc/nios2-elf/4.9.1/../../../../../H-x86_64-mingw32/nios2-elf/lib/mno-hw-mul\libc.a(lib_a-impure.o)
 .comment       0x0000000000000000       0x24 c:/altera/15.0/nios2eds/bin/gnu/h-x86_64-mingw32/bin/../lib/gcc/nios2-elf/4.9.1/../../../../../H-x86_64-mingw32/nios2-elf/lib/mno-hw-mul\libc.a(lib_a-mallocr.o)
 .comment       0x0000000000000000       0x24 c:/altera/15.0/nios2eds/bin/gnu/h-x86_64-mingw32/bin/../lib/gcc/nios2-elf/4.9.1/../../../../../H-x86_64-mingw32/nios2-elf/lib/mno-hw-mul\libc.a(lib_a-memchr.o)
 .comment       0x0000000000000000       0x24 c:/altera/15.0/nios2eds/bin/gnu/h-x86_64-mingw32/bin/../lib/gcc/nios2-elf/4.9.1/../../../../../H-x86_64-mingw32/nios2-elf/lib/mno-hw-mul\libc.a(lib_a-memcpy.o)
 .comment       0x0000000000000000       0x24 c:/altera/15.0/nios2eds/bin/gnu/h-x86_64-mingw32/bin/../lib/gcc/nios2-elf/4.9.1/../../../../../H-x86_64-mingw32/nios2-elf/lib/mno-hw-mul\libc.a(lib_a-memmove.o)
 .comment       0x0000000000000000       0x24 c:/altera/15.0/nios2eds/bin/gnu/h-x86_64-mingw32/bin/../lib/gcc/nios2-elf/4.9.1/../../../../../H-x86_64-mingw32/nios2-elf/lib/mno-hw-mul\libc.a(lib_a-reallocr.o)
 .comment       0x0000000000000000       0x24 c:/altera/15.0/nios2eds/bin/gnu/h-x86_64-mingw32/bin/../lib/gcc/nios2-elf/4.9.1/../../../../../H-x86_64-mingw32/nios2-elf/lib/mno-hw-mul\libc.a(lib_a-sbrkr.o)
 .comment       0x0000000000000000       0x24 c:/altera/15.0/nios2eds/bin/gnu/h-x86_64-mingw32/bin/../lib/gcc/nios2-elf/4.9.1/../../../../../H-x86_64-mingw32/nios2-elf/lib/mno-hw-mul\libc.a(lib_a-wsetup.o)
 .comment       0x0000000000000000       0x24 c:/altera/15.0/nios2eds/bin/gnu/h-x86_64-mingw32/bin/../lib/gcc/nios2-elf/4.9.1/../../../../../H-x86_64-mingw32/nios2-elf/lib/mno-hw-mul\libc.a(lib_a-fflush.o)
 .comment       0x0000000000000000       0x24 c:/altera/15.0/nios2eds/bin/gnu/h-x86_64-mingw32/bin/../lib/gcc/nios2-elf/4.9.1/../../../../../H-x86_64-mingw32/nios2-elf/lib/mno-hw-mul\libc.a(lib_a-findfp.o)
 .comment       0x0000000000000000       0x24 c:/altera/15.0/nios2eds/bin/gnu/h-x86_64-mingw32/bin/../lib/gcc/nios2-elf/4.9.1/../../../../../H-x86_64-mingw32/nios2-elf/lib/mno-hw-mul\libc.a(lib_a-freer.o)
 .comment       0x0000000000000000       0x24 c:/altera/15.0/nios2eds/bin/gnu/h-x86_64-mingw32/bin/../lib/gcc/nios2-elf/4.9.1/../../../../../H-x86_64-mingw32/nios2-elf/lib/mno-hw-mul\libc.a(lib_a-fwalk.o)
 .comment       0x0000000000000000       0x24 c:/altera/15.0/nios2eds/bin/gnu/h-x86_64-mingw32/bin/../lib/gcc/nios2-elf/4.9.1/../../../../../H-x86_64-mingw32/nios2-elf/lib/mno-hw-mul\libc.a(lib_a-int_errno.o)
 .comment       0x0000000000000000       0x24 c:/altera/15.0/nios2eds/bin/gnu/h-x86_64-mingw32/bin/../lib/gcc/nios2-elf/4.9.1/../../../../../H-x86_64-mingw32/nios2-elf/lib/mno-hw-mul\libc.a(lib_a-makebuf.o)
 .comment       0x0000000000000000       0x24 c:/altera/15.0/nios2eds/bin/gnu/h-x86_64-mingw32/bin/../lib/gcc/nios2-elf/4.9.1/../../../../../H-x86_64-mingw32/nios2-elf/lib/mno-hw-mul\libc.a(lib_a-memset.o)
 .comment       0x0000000000000000       0x24 c:/altera/15.0/nios2eds/bin/gnu/h-x86_64-mingw32/bin/../lib/gcc/nios2-elf/4.9.1/../../../../../H-x86_64-mingw32/nios2-elf/lib/mno-hw-mul\libc.a(lib_a-stdio.o)
 .comment       0x0000000000000000       0x24 c:/altera/15.0/nios2eds/bin/gnu/h-x86_64-mingw32/bin/../lib/gcc/nios2-elf/4.9.1/../../../../../H-x86_64-mingw32/nios2-elf/lib/mno-hw-mul\libc.a(lib_a-writer.o)
 .comment       0x0000000000000000       0x24 c:/altera/15.0/nios2eds/bin/gnu/h-x86_64-mingw32/bin/../lib/gcc/nios2-elf/4.9.1/../../../../../H-x86_64-mingw32/nios2-elf/lib/mno-hw-mul\libc.a(closer.o)
 .comment       0x0000000000000000       0x24 c:/altera/15.0/nios2eds/bin/gnu/h-x86_64-mingw32/bin/../lib/gcc/nios2-elf/4.9.1/../../../../../H-x86_64-mingw32/nios2-elf/lib/mno-hw-mul\libc.a(lib_a-fclose.o)
 .comment       0x0000000000000000       0x24 c:/altera/15.0/nios2eds/bin/gnu/h-x86_64-mingw32/bin/../lib/gcc/nios2-elf/4.9.1/../../../../../H-x86_64-mingw32/nios2-elf/lib/mno-hw-mul\libc.a(lib_a-fstatr.o)
 .comment       0x0000000000000000       0x24 c:/altera/15.0/nios2eds/bin/gnu/h-x86_64-mingw32/bin/../lib/gcc/nios2-elf/4.9.1/../../../../../H-x86_64-mingw32/nios2-elf/lib/mno-hw-mul\libc.a(lib_a-isattyr.o)
 .comment       0x0000000000000000       0x24 c:/altera/15.0/nios2eds/bin/gnu/h-x86_64-mingw32/bin/../lib/gcc/nios2-elf/4.9.1/../../../../../H-x86_64-mingw32/nios2-elf/lib/mno-hw-mul\libc.a(lib_a-lseekr.o)
 .comment       0x0000000000000000       0x24 c:/altera/15.0/nios2eds/bin/gnu/h-x86_64-mingw32/bin/../lib/gcc/nios2-elf/4.9.1/../../../../../H-x86_64-mingw32/nios2-elf/lib/mno-hw-mul\libc.a(lib_a-readr.o)
 .comment       0x0000000000000000       0x24 c:/altera/15.0/nios2eds/bin/gnu/h-x86_64-mingw32/bin/../lib/gcc/nios2-elf/4.9.1/mno-hw-mul\libgcc.a(lib2-mul.o)
 .comment       0x0000000000000000       0x24 ../HikingPal_bsp/\libhal_bsp.a(alt_close.o)
 .comment       0x0000000000000000       0x24 ../HikingPal_bsp/\libhal_bsp.a(alt_dev.o)
 .comment       0x0000000000000000       0x24 ../HikingPal_bsp/\libhal_bsp.a(alt_errno.o)
 .comment       0x0000000000000000       0x24 ../HikingPal_bsp/\libhal_bsp.a(alt_fstat.o)
 .comment       0x0000000000000000       0x24 ../HikingPal_bsp/\libhal_bsp.a(alt_isatty.o)
 .comment       0x0000000000000000       0x24 ../HikingPal_bsp/\libhal_bsp.a(alt_load.o)
 .comment       0x0000000000000000       0x24 ../HikingPal_bsp/\libhal_bsp.a(alt_lseek.o)
 .comment       0x0000000000000000       0x24 ../HikingPal_bsp/\libhal_bsp.a(alt_main.o)
 .comment       0x0000000000000000       0x24 ../HikingPal_bsp/\libhal_bsp.a(alt_malloc_lock.o)
 .comment       0x0000000000000000       0x24 ../HikingPal_bsp/\libhal_bsp.a(alt_read.o)
 .comment       0x0000000000000000       0x24 ../HikingPal_bsp/\libhal_bsp.a(alt_release_fd.o)
 .comment       0x0000000000000000       0x24 ../HikingPal_bsp/\libhal_bsp.a(alt_sbrk.o)
 .comment       0x0000000000000000       0x24 ../HikingPal_bsp/\libhal_bsp.a(alt_write.o)
 .comment       0x0000000000000000       0x24 ../HikingPal_bsp/\libhal_bsp.a(alt_sys_init.o)
 .comment       0x0000000000000000       0x24 ../HikingPal_bsp/\libhal_bsp.a(altera_avalon_jtag_uart_fd.o)
 .comment       0x0000000000000000       0x24 ../HikingPal_bsp/\libhal_bsp.a(altera_avalon_jtag_uart_init.o)
 .comment       0x0000000000000000       0x24 ../HikingPal_bsp/\libhal_bsp.a(altera_avalon_jtag_uart_ioctl.o)
 .comment       0x0000000000000000       0x24 ../HikingPal_bsp/\libhal_bsp.a(altera_avalon_jtag_uart_read.o)
 .comment       0x0000000000000000       0x24 ../HikingPal_bsp/\libhal_bsp.a(altera_avalon_jtag_uart_write.o)
 .comment       0x0000000000000000       0x24 ../HikingPal_bsp/\libhal_bsp.a(altera_avalon_timer_sc.o)
 .comment       0x0000000000000000       0x24 ../HikingPal_bsp/\libhal_bsp.a(altera_up_avalon_character_lcd.o)
 .comment       0x0000000000000000       0x24 ../HikingPal_bsp/\libhal_bsp.a(altera_up_avalon_rs232.o)
 .comment       0x0000000000000000       0x24 ../HikingPal_bsp/\libhal_bsp.a(alt_alarm_start.o)
 .comment       0x0000000000000000       0x24 ../HikingPal_bsp/\libhal_bsp.a(alt_dcache_flush_all.o)
 .comment       0x0000000000000000       0x24 ../HikingPal_bsp/\libhal_bsp.a(alt_dev_llist_insert.o)
 .comment       0x0000000000000000       0x24 ../HikingPal_bsp/\libhal_bsp.a(alt_do_ctors.o)
 .comment       0x0000000000000000       0x24 ../HikingPal_bsp/\libhal_bsp.a(alt_do_dtors.o)
 .comment       0x0000000000000000       0x24 ../HikingPal_bsp/\libhal_bsp.a(alt_find_dev.o)
 .comment       0x0000000000000000       0x24 ../HikingPal_bsp/\libhal_bsp.a(alt_icache_flush_all.o)
 .comment       0x0000000000000000       0x24 ../HikingPal_bsp/\libhal_bsp.a(alt_io_redirect.o)
 .comment       0x0000000000000000       0x24 ../HikingPal_bsp/\libhal_bsp.a(alt_irq_register.o)
 .comment       0x0000000000000000       0x24 ../HikingPal_bsp/\libhal_bsp.a(alt_irq_vars.o)
 .comment       0x0000000000000000       0x24 ../HikingPal_bsp/\libhal_bsp.a(alt_open.o)
 .comment       0x0000000000000000       0x24 ../HikingPal_bsp/\libhal_bsp.a(alt_tick.o)
 .comment       0x0000000000000000       0x24 ../HikingPal_bsp/\libhal_bsp.a(altera_nios2_qsys_irq.o)
 .comment       0x0000000000000000       0x24 ../HikingPal_bsp/\libhal_bsp.a(alt_find_file.o)
 .comment       0x0000000000000000       0x24 ../HikingPal_bsp/\libhal_bsp.a(alt_get_fd.o)
 .comment       0x0000000000000000       0x24 ../HikingPal_bsp/\libhal_bsp.a(alt_irq_handler.o)
 .comment       0x0000000000000000       0x24 c:/altera/15.0/nios2eds/bin/gnu/h-x86_64-mingw32/bin/../lib/gcc/nios2-elf/4.9.1/../../../../../H-x86_64-mingw32/nios2-elf/lib/mno-hw-mul\libc.a(lib_a-atexit.o)
 .comment       0x0000000000000000       0x24 c:/altera/15.0/nios2eds/bin/gnu/h-x86_64-mingw32/bin/../lib/gcc/nios2-elf/4.9.1/../../../../../H-x86_64-mingw32/nios2-elf/lib/mno-hw-mul\libc.a(lib_a-exit.o)
 .comment       0x0000000000000000       0x24 c:/altera/15.0/nios2eds/bin/gnu/h-x86_64-mingw32/bin/../lib/gcc/nios2-elf/4.9.1/../../../../../H-x86_64-mingw32/nios2-elf/lib/mno-hw-mul\libc.a(lib_a-memcmp.o)
 .comment       0x0000000000000000       0x24 c:/altera/15.0/nios2eds/bin/gnu/h-x86_64-mingw32/bin/../lib/gcc/nios2-elf/4.9.1/../../../../../H-x86_64-mingw32/nios2-elf/lib/mno-hw-mul\libc.a(lib_a-__atexit.o)
 .comment       0x0000000000000000       0x24 c:/altera/15.0/nios2eds/bin/gnu/h-x86_64-mingw32/bin/../lib/gcc/nios2-elf/4.9.1/../../../../../H-x86_64-mingw32/nios2-elf/lib/mno-hw-mul\libc.a(lib_a-__call_atexit.o)
 .comment       0x0000000000000000       0x24 ../HikingPal_bsp/\libhal_bsp.a(alt_exit.o)

.debug
 *(.debug)

.line
 *(.line)

.debug_srcinfo
 *(.debug_srcinfo)

.debug_sfnames
 *(.debug_sfnames)

.debug_aranges  0x0000000000000000      0x970
 *(.debug_aranges)
 .debug_aranges
                0x0000000000000000       0x28 ../HikingPal_bsp//obj/HAL/src/crt0.o
 .debug_aranges
                0x0000000000000028       0x20 obj/default/hello_world.o
 .debug_aranges
                0x0000000000000048       0x20 c:/altera/15.0/nios2eds/bin/gnu/h-x86_64-mingw32/bin/../lib/gcc/nios2-elf/4.9.1/../../../../../H-x86_64-mingw32/nios2-elf/lib/mno-hw-mul\libc.a(lib_a-puts.o)
 .debug_aranges
                0x0000000000000068       0x20 c:/altera/15.0/nios2eds/bin/gnu/h-x86_64-mingw32/bin/../lib/gcc/nios2-elf/4.9.1/../../../../../H-x86_64-mingw32/nios2-elf/lib/mno-hw-mul\libc.a(lib_a-strlen.o)
 .debug_aranges
                0x0000000000000088       0x20 c:/altera/15.0/nios2eds/bin/gnu/h-x86_64-mingw32/bin/../lib/gcc/nios2-elf/4.9.1/../../../../../H-x86_64-mingw32/nios2-elf/lib/mno-hw-mul\libc.a(lib_a-fvwrite.o)
 .debug_aranges
                0x00000000000000a8       0x18 c:/altera/15.0/nios2eds/bin/gnu/h-x86_64-mingw32/bin/../lib/gcc/nios2-elf/4.9.1/../../../../../H-x86_64-mingw32/nios2-elf/lib/mno-hw-mul\libc.a(lib_a-impure.o)
 .debug_aranges
                0x00000000000000c0       0x20 c:/altera/15.0/nios2eds/bin/gnu/h-x86_64-mingw32/bin/../lib/gcc/nios2-elf/4.9.1/../../../../../H-x86_64-mingw32/nios2-elf/lib/mno-hw-mul\libc.a(lib_a-mallocr.o)
 .debug_aranges
                0x00000000000000e0       0x20 c:/altera/15.0/nios2eds/bin/gnu/h-x86_64-mingw32/bin/../lib/gcc/nios2-elf/4.9.1/../../../../../H-x86_64-mingw32/nios2-elf/lib/mno-hw-mul\libc.a(lib_a-memchr.o)
 .debug_aranges
                0x0000000000000100       0x20 c:/altera/15.0/nios2eds/bin/gnu/h-x86_64-mingw32/bin/../lib/gcc/nios2-elf/4.9.1/../../../../../H-x86_64-mingw32/nios2-elf/lib/mno-hw-mul\libc.a(lib_a-memcpy.o)
 .debug_aranges
                0x0000000000000120       0x20 c:/altera/15.0/nios2eds/bin/gnu/h-x86_64-mingw32/bin/../lib/gcc/nios2-elf/4.9.1/../../../../../H-x86_64-mingw32/nios2-elf/lib/mno-hw-mul\libc.a(lib_a-memmove.o)
 .debug_aranges
                0x0000000000000140       0x20 c:/altera/15.0/nios2eds/bin/gnu/h-x86_64-mingw32/bin/../lib/gcc/nios2-elf/4.9.1/../../../../../H-x86_64-mingw32/nios2-elf/lib/mno-hw-mul\libc.a(lib_a-reallocr.o)
 .debug_aranges
                0x0000000000000160       0x20 c:/altera/15.0/nios2eds/bin/gnu/h-x86_64-mingw32/bin/../lib/gcc/nios2-elf/4.9.1/../../../../../H-x86_64-mingw32/nios2-elf/lib/mno-hw-mul\libc.a(lib_a-sbrkr.o)
 .debug_aranges
                0x0000000000000180       0x20 c:/altera/15.0/nios2eds/bin/gnu/h-x86_64-mingw32/bin/../lib/gcc/nios2-elf/4.9.1/../../../../../H-x86_64-mingw32/nios2-elf/lib/mno-hw-mul\libc.a(lib_a-wsetup.o)
 .debug_aranges
                0x00000000000001a0       0x20 c:/altera/15.0/nios2eds/bin/gnu/h-x86_64-mingw32/bin/../lib/gcc/nios2-elf/4.9.1/../../../../../H-x86_64-mingw32/nios2-elf/lib/mno-hw-mul\libc.a(lib_a-fflush.o)
 .debug_aranges
                0x00000000000001c0       0x20 c:/altera/15.0/nios2eds/bin/gnu/h-x86_64-mingw32/bin/../lib/gcc/nios2-elf/4.9.1/../../../../../H-x86_64-mingw32/nios2-elf/lib/mno-hw-mul\libc.a(lib_a-findfp.o)
 .debug_aranges
                0x00000000000001e0       0x20 c:/altera/15.0/nios2eds/bin/gnu/h-x86_64-mingw32/bin/../lib/gcc/nios2-elf/4.9.1/../../../../../H-x86_64-mingw32/nios2-elf/lib/mno-hw-mul\libc.a(lib_a-freer.o)
 .debug_aranges
                0x0000000000000200       0x20 c:/altera/15.0/nios2eds/bin/gnu/h-x86_64-mingw32/bin/../lib/gcc/nios2-elf/4.9.1/../../../../../H-x86_64-mingw32/nios2-elf/lib/mno-hw-mul\libc.a(lib_a-fwalk.o)
 .debug_aranges
                0x0000000000000220       0x18 c:/altera/15.0/nios2eds/bin/gnu/h-x86_64-mingw32/bin/../lib/gcc/nios2-elf/4.9.1/../../../../../H-x86_64-mingw32/nios2-elf/lib/mno-hw-mul\libc.a(lib_a-int_errno.o)
 .debug_aranges
                0x0000000000000238       0x20 c:/altera/15.0/nios2eds/bin/gnu/h-x86_64-mingw32/bin/../lib/gcc/nios2-elf/4.9.1/../../../../../H-x86_64-mingw32/nios2-elf/lib/mno-hw-mul\libc.a(lib_a-makebuf.o)
 .debug_aranges
                0x0000000000000258       0x20 c:/altera/15.0/nios2eds/bin/gnu/h-x86_64-mingw32/bin/../lib/gcc/nios2-elf/4.9.1/../../../../../H-x86_64-mingw32/nios2-elf/lib/mno-hw-mul\libc.a(lib_a-memset.o)
 .debug_aranges
                0x0000000000000278       0x20 c:/altera/15.0/nios2eds/bin/gnu/h-x86_64-mingw32/bin/../lib/gcc/nios2-elf/4.9.1/../../../../../H-x86_64-mingw32/nios2-elf/lib/mno-hw-mul\libc.a(lib_a-stdio.o)
 .debug_aranges
                0x0000000000000298       0x20 c:/altera/15.0/nios2eds/bin/gnu/h-x86_64-mingw32/bin/../lib/gcc/nios2-elf/4.9.1/../../../../../H-x86_64-mingw32/nios2-elf/lib/mno-hw-mul\libc.a(lib_a-writer.o)
 .debug_aranges
                0x00000000000002b8       0x20 c:/altera/15.0/nios2eds/bin/gnu/h-x86_64-mingw32/bin/../lib/gcc/nios2-elf/4.9.1/../../../../../H-x86_64-mingw32/nios2-elf/lib/mno-hw-mul\libc.a(closer.o)
 .debug_aranges
                0x00000000000002d8       0x20 c:/altera/15.0/nios2eds/bin/gnu/h-x86_64-mingw32/bin/../lib/gcc/nios2-elf/4.9.1/../../../../../H-x86_64-mingw32/nios2-elf/lib/mno-hw-mul\libc.a(lib_a-fclose.o)
 .debug_aranges
                0x00000000000002f8       0x20 c:/altera/15.0/nios2eds/bin/gnu/h-x86_64-mingw32/bin/../lib/gcc/nios2-elf/4.9.1/../../../../../H-x86_64-mingw32/nios2-elf/lib/mno-hw-mul\libc.a(lib_a-fstatr.o)
 .debug_aranges
                0x0000000000000318       0x20 c:/altera/15.0/nios2eds/bin/gnu/h-x86_64-mingw32/bin/../lib/gcc/nios2-elf/4.9.1/../../../../../H-x86_64-mingw32/nios2-elf/lib/mno-hw-mul\libc.a(lib_a-isattyr.o)
 .debug_aranges
                0x0000000000000338       0x20 c:/altera/15.0/nios2eds/bin/gnu/h-x86_64-mingw32/bin/../lib/gcc/nios2-elf/4.9.1/../../../../../H-x86_64-mingw32/nios2-elf/lib/mno-hw-mul\libc.a(lib_a-lseekr.o)
 .debug_aranges
                0x0000000000000358       0x20 c:/altera/15.0/nios2eds/bin/gnu/h-x86_64-mingw32/bin/../lib/gcc/nios2-elf/4.9.1/../../../../../H-x86_64-mingw32/nios2-elf/lib/mno-hw-mul\libc.a(lib_a-readr.o)
 .debug_aranges
                0x0000000000000378       0x20 c:/altera/15.0/nios2eds/bin/gnu/h-x86_64-mingw32/bin/../lib/gcc/nios2-elf/4.9.1/mno-hw-mul\libgcc.a(lib2-mul.o)
 .debug_aranges
                0x0000000000000398       0x20 ../HikingPal_bsp/\libhal_bsp.a(alt_close.o)
 .debug_aranges
                0x00000000000003b8       0x20 ../HikingPal_bsp/\libhal_bsp.a(alt_dev.o)
 .debug_aranges
                0x00000000000003d8       0x18 ../HikingPal_bsp/\libhal_bsp.a(alt_errno.o)
 .debug_aranges
                0x00000000000003f0       0x20 ../HikingPal_bsp/\libhal_bsp.a(alt_fstat.o)
 .debug_aranges
                0x0000000000000410       0x20 ../HikingPal_bsp/\libhal_bsp.a(alt_isatty.o)
 .debug_aranges
                0x0000000000000430       0x20 ../HikingPal_bsp/\libhal_bsp.a(alt_load.o)
 .debug_aranges
                0x0000000000000450       0x20 ../HikingPal_bsp/\libhal_bsp.a(alt_lseek.o)
 .debug_aranges
                0x0000000000000470       0x20 ../HikingPal_bsp/\libhal_bsp.a(alt_main.o)
 .debug_aranges
                0x0000000000000490       0x20 ../HikingPal_bsp/\libhal_bsp.a(alt_malloc_lock.o)
 .debug_aranges
                0x00000000000004b0       0x20 ../HikingPal_bsp/\libhal_bsp.a(alt_read.o)
 .debug_aranges
                0x00000000000004d0       0x20 ../HikingPal_bsp/\libhal_bsp.a(alt_release_fd.o)
 .debug_aranges
                0x00000000000004f0       0x20 ../HikingPal_bsp/\libhal_bsp.a(alt_sbrk.o)
 .debug_aranges
                0x0000000000000510       0x20 ../HikingPal_bsp/\libhal_bsp.a(alt_write.o)
 .debug_aranges
                0x0000000000000530       0x20 ../HikingPal_bsp/\libhal_bsp.a(alt_sys_init.o)
 .debug_aranges
                0x0000000000000550       0x20 ../HikingPal_bsp/\libhal_bsp.a(altera_avalon_jtag_uart_fd.o)
 .debug_aranges
                0x0000000000000570       0x20 ../HikingPal_bsp/\libhal_bsp.a(altera_avalon_jtag_uart_init.o)
 .debug_aranges
                0x0000000000000590       0x20 ../HikingPal_bsp/\libhal_bsp.a(altera_avalon_jtag_uart_ioctl.o)
 .debug_aranges
                0x00000000000005b0       0x20 ../HikingPal_bsp/\libhal_bsp.a(altera_avalon_jtag_uart_read.o)
 .debug_aranges
                0x00000000000005d0       0x20 ../HikingPal_bsp/\libhal_bsp.a(altera_avalon_jtag_uart_write.o)
 .debug_aranges
                0x00000000000005f0       0x20 ../HikingPal_bsp/\libhal_bsp.a(altera_avalon_timer_sc.o)
 .debug_aranges
                0x0000000000000610       0x20 ../HikingPal_bsp/\libhal_bsp.a(altera_up_avalon_character_lcd.o)
 .debug_aranges
                0x0000000000000630       0x20 ../HikingPal_bsp/\libhal_bsp.a(altera_up_avalon_rs232.o)
 .debug_aranges
                0x0000000000000650       0x20 ../HikingPal_bsp/\libhal_bsp.a(alt_alarm_start.o)
 .debug_aranges
                0x0000000000000670       0x20 ../HikingPal_bsp/\libhal_bsp.a(alt_dcache_flush_all.o)
 .debug_aranges
                0x0000000000000690       0x20 ../HikingPal_bsp/\libhal_bsp.a(alt_dev_llist_insert.o)
 .debug_aranges
                0x00000000000006b0       0x20 ../HikingPal_bsp/\libhal_bsp.a(alt_do_ctors.o)
 .debug_aranges
                0x00000000000006d0       0x20 ../HikingPal_bsp/\libhal_bsp.a(alt_do_dtors.o)
 .debug_aranges
                0x00000000000006f0       0x20 ../HikingPal_bsp/\libhal_bsp.a(alt_find_dev.o)
 .debug_aranges
                0x0000000000000710       0x20 ../HikingPal_bsp/\libhal_bsp.a(alt_icache_flush_all.o)
 .debug_aranges
                0x0000000000000730       0x20 ../HikingPal_bsp/\libhal_bsp.a(alt_io_redirect.o)
 .debug_aranges
                0x0000000000000750       0x20 ../HikingPal_bsp/\libhal_bsp.a(alt_irq_register.o)
 .debug_aranges
                0x0000000000000770       0x18 ../HikingPal_bsp/\libhal_bsp.a(alt_irq_vars.o)
 .debug_aranges
                0x0000000000000788       0x20 ../HikingPal_bsp/\libhal_bsp.a(alt_open.o)
 .debug_aranges
                0x00000000000007a8       0x20 ../HikingPal_bsp/\libhal_bsp.a(alt_tick.o)
 .debug_aranges
                0x00000000000007c8       0x20 ../HikingPal_bsp/\libhal_bsp.a(altera_nios2_qsys_irq.o)
 .debug_aranges
                0x00000000000007e8       0x20 ../HikingPal_bsp/\libhal_bsp.a(alt_find_file.o)
 .debug_aranges
                0x0000000000000808       0x20 ../HikingPal_bsp/\libhal_bsp.a(alt_get_fd.o)
 .debug_aranges
                0x0000000000000828       0x30 ../HikingPal_bsp/\libhal_bsp.a(alt_irq_entry.o)
 .debug_aranges
                0x0000000000000858       0x20 ../HikingPal_bsp/\libhal_bsp.a(alt_irq_handler.o)
 .debug_aranges
                0x0000000000000878       0x38 ../HikingPal_bsp/\libhal_bsp.a(alt_exception_entry.o)
 .debug_aranges
                0x00000000000008b0       0x20 c:/altera/15.0/nios2eds/bin/gnu/h-x86_64-mingw32/bin/../lib/gcc/nios2-elf/4.9.1/../../../../../H-x86_64-mingw32/nios2-elf/lib/mno-hw-mul\libc.a(lib_a-atexit.o)
 .debug_aranges
                0x00000000000008d0       0x20 c:/altera/15.0/nios2eds/bin/gnu/h-x86_64-mingw32/bin/../lib/gcc/nios2-elf/4.9.1/../../../../../H-x86_64-mingw32/nios2-elf/lib/mno-hw-mul\libc.a(lib_a-exit.o)
 .debug_aranges
                0x00000000000008f0       0x20 c:/altera/15.0/nios2eds/bin/gnu/h-x86_64-mingw32/bin/../lib/gcc/nios2-elf/4.9.1/../../../../../H-x86_64-mingw32/nios2-elf/lib/mno-hw-mul\libc.a(lib_a-memcmp.o)
 .debug_aranges
                0x0000000000000910       0x20 c:/altera/15.0/nios2eds/bin/gnu/h-x86_64-mingw32/bin/../lib/gcc/nios2-elf/4.9.1/../../../../../H-x86_64-mingw32/nios2-elf/lib/mno-hw-mul\libc.a(lib_a-__atexit.o)
 .debug_aranges
                0x0000000000000930       0x20 c:/altera/15.0/nios2eds/bin/gnu/h-x86_64-mingw32/bin/../lib/gcc/nios2-elf/4.9.1/../../../../../H-x86_64-mingw32/nios2-elf/lib/mno-hw-mul\libc.a(lib_a-__call_atexit.o)
 .debug_aranges
                0x0000000000000950       0x20 ../HikingPal_bsp/\libhal_bsp.a(alt_exit.o)

.debug_pubnames
 *(.debug_pubnames)

.debug_info     0x0000000000000000    0x16b6a
 *(.debug_info .gnu.linkonce.wi.*)
 .debug_info    0x0000000000000000       0x64 ../HikingPal_bsp//obj/HAL/src/crt0.o
 .debug_info    0x0000000000000064       0x8f obj/default/hello_world.o
 .debug_info    0x00000000000000f3      0x9f4 c:/altera/15.0/nios2eds/bin/gnu/h-x86_64-mingw32/bin/../lib/gcc/nios2-elf/4.9.1/../../../../../H-x86_64-mingw32/nios2-elf/lib/mno-hw-mul\libc.a(lib_a-puts.o)
 .debug_info    0x0000000000000ae7       0xdb c:/altera/15.0/nios2eds/bin/gnu/h-x86_64-mingw32/bin/../lib/gcc/nios2-elf/4.9.1/../../../../../H-x86_64-mingw32/nios2-elf/lib/mno-hw-mul\libc.a(lib_a-strlen.o)
 .debug_info    0x0000000000000bc2      0xc31 c:/altera/15.0/nios2eds/bin/gnu/h-x86_64-mingw32/bin/../lib/gcc/nios2-elf/4.9.1/../../../../../H-x86_64-mingw32/nios2-elf/lib/mno-hw-mul\libc.a(lib_a-fvwrite.o)
 .debug_info    0x00000000000017f3      0x88f c:/altera/15.0/nios2eds/bin/gnu/h-x86_64-mingw32/bin/../lib/gcc/nios2-elf/4.9.1/../../../../../H-x86_64-mingw32/nios2-elf/lib/mno-hw-mul\libc.a(lib_a-impure.o)
 .debug_info    0x0000000000002082      0xd71 c:/altera/15.0/nios2eds/bin/gnu/h-x86_64-mingw32/bin/../lib/gcc/nios2-elf/4.9.1/../../../../../H-x86_64-mingw32/nios2-elf/lib/mno-hw-mul\libc.a(lib_a-mallocr.o)
 .debug_info    0x0000000000002df3      0x12b c:/altera/15.0/nios2eds/bin/gnu/h-x86_64-mingw32/bin/../lib/gcc/nios2-elf/4.9.1/../../../../../H-x86_64-mingw32/nios2-elf/lib/mno-hw-mul\libc.a(lib_a-memchr.o)
 .debug_info    0x0000000000002f1e      0x133 c:/altera/15.0/nios2eds/bin/gnu/h-x86_64-mingw32/bin/../lib/gcc/nios2-elf/4.9.1/../../../../../H-x86_64-mingw32/nios2-elf/lib/mno-hw-mul\libc.a(lib_a-memcpy.o)
 .debug_info    0x0000000000003051      0x133 c:/altera/15.0/nios2eds/bin/gnu/h-x86_64-mingw32/bin/../lib/gcc/nios2-elf/4.9.1/../../../../../H-x86_64-mingw32/nios2-elf/lib/mno-hw-mul\libc.a(lib_a-memmove.o)
 .debug_info    0x0000000000003184      0xcc6 c:/altera/15.0/nios2eds/bin/gnu/h-x86_64-mingw32/bin/../lib/gcc/nios2-elf/4.9.1/../../../../../H-x86_64-mingw32/nios2-elf/lib/mno-hw-mul\libc.a(lib_a-reallocr.o)
 .debug_info    0x0000000000003e4a      0x8ef c:/altera/15.0/nios2eds/bin/gnu/h-x86_64-mingw32/bin/../lib/gcc/nios2-elf/4.9.1/../../../../../H-x86_64-mingw32/nios2-elf/lib/mno-hw-mul\libc.a(lib_a-sbrkr.o)
 .debug_info    0x0000000000004739      0x91d c:/altera/15.0/nios2eds/bin/gnu/h-x86_64-mingw32/bin/../lib/gcc/nios2-elf/4.9.1/../../../../../H-x86_64-mingw32/nios2-elf/lib/mno-hw-mul\libc.a(lib_a-wsetup.o)
 .debug_info    0x0000000000005056      0xa3a c:/altera/15.0/nios2eds/bin/gnu/h-x86_64-mingw32/bin/../lib/gcc/nios2-elf/4.9.1/../../../../../H-x86_64-mingw32/nios2-elf/lib/mno-hw-mul\libc.a(lib_a-fflush.o)
 .debug_info    0x0000000000005a90      0xd37 c:/altera/15.0/nios2eds/bin/gnu/h-x86_64-mingw32/bin/../lib/gcc/nios2-elf/4.9.1/../../../../../H-x86_64-mingw32/nios2-elf/lib/mno-hw-mul\libc.a(lib_a-findfp.o)
 .debug_info    0x00000000000067c7      0xc02 c:/altera/15.0/nios2eds/bin/gnu/h-x86_64-mingw32/bin/../lib/gcc/nios2-elf/4.9.1/../../../../../H-x86_64-mingw32/nios2-elf/lib/mno-hw-mul\libc.a(lib_a-freer.o)
 .debug_info    0x00000000000073c9      0xab7 c:/altera/15.0/nios2eds/bin/gnu/h-x86_64-mingw32/bin/../lib/gcc/nios2-elf/4.9.1/../../../../../H-x86_64-mingw32/nios2-elf/lib/mno-hw-mul\libc.a(lib_a-fwalk.o)
 .debug_info    0x0000000000007e80       0x83 c:/altera/15.0/nios2eds/bin/gnu/h-x86_64-mingw32/bin/../lib/gcc/nios2-elf/4.9.1/../../../../../H-x86_64-mingw32/nios2-elf/lib/mno-hw-mul\libc.a(lib_a-int_errno.o)
 .debug_info    0x0000000000007f03      0xaff c:/altera/15.0/nios2eds/bin/gnu/h-x86_64-mingw32/bin/../lib/gcc/nios2-elf/4.9.1/../../../../../H-x86_64-mingw32/nios2-elf/lib/mno-hw-mul\libc.a(lib_a-makebuf.o)
 .debug_info    0x0000000000008a02      0x11a c:/altera/15.0/nios2eds/bin/gnu/h-x86_64-mingw32/bin/../lib/gcc/nios2-elf/4.9.1/../../../../../H-x86_64-mingw32/nios2-elf/lib/mno-hw-mul\libc.a(lib_a-memset.o)
 .debug_info    0x0000000000008b1c      0xb83 c:/altera/15.0/nios2eds/bin/gnu/h-x86_64-mingw32/bin/../lib/gcc/nios2-elf/4.9.1/../../../../../H-x86_64-mingw32/nios2-elf/lib/mno-hw-mul\libc.a(lib_a-stdio.o)
 .debug_info    0x000000000000969f      0x921 c:/altera/15.0/nios2eds/bin/gnu/h-x86_64-mingw32/bin/../lib/gcc/nios2-elf/4.9.1/../../../../../H-x86_64-mingw32/nios2-elf/lib/mno-hw-mul\libc.a(lib_a-writer.o)
 .debug_info    0x0000000000009fc0      0x8ce c:/altera/15.0/nios2eds/bin/gnu/h-x86_64-mingw32/bin/../lib/gcc/nios2-elf/4.9.1/../../../../../H-x86_64-mingw32/nios2-elf/lib/mno-hw-mul\libc.a(closer.o)
 .debug_info    0x000000000000a88e      0xa12 c:/altera/15.0/nios2eds/bin/gnu/h-x86_64-mingw32/bin/../lib/gcc/nios2-elf/4.9.1/../../../../../H-x86_64-mingw32/nios2-elf/lib/mno-hw-mul\libc.a(lib_a-fclose.o)
 .debug_info    0x000000000000b2a0      0xa5c c:/altera/15.0/nios2eds/bin/gnu/h-x86_64-mingw32/bin/../lib/gcc/nios2-elf/4.9.1/../../../../../H-x86_64-mingw32/nios2-elf/lib/mno-hw-mul\libc.a(lib_a-fstatr.o)
 .debug_info    0x000000000000bcfc      0x8ce c:/altera/15.0/nios2eds/bin/gnu/h-x86_64-mingw32/bin/../lib/gcc/nios2-elf/4.9.1/../../../../../H-x86_64-mingw32/nios2-elf/lib/mno-hw-mul\libc.a(lib_a-isattyr.o)
 .debug_info    0x000000000000c5ca      0x91a c:/altera/15.0/nios2eds/bin/gnu/h-x86_64-mingw32/bin/../lib/gcc/nios2-elf/4.9.1/../../../../../H-x86_64-mingw32/nios2-elf/lib/mno-hw-mul\libc.a(lib_a-lseekr.o)
 .debug_info    0x000000000000cee4      0x91a c:/altera/15.0/nios2eds/bin/gnu/h-x86_64-mingw32/bin/../lib/gcc/nios2-elf/4.9.1/../../../../../H-x86_64-mingw32/nios2-elf/lib/mno-hw-mul\libc.a(lib_a-readr.o)
 .debug_info    0x000000000000d7fe       0xb4 c:/altera/15.0/nios2eds/bin/gnu/h-x86_64-mingw32/bin/../lib/gcc/nios2-elf/4.9.1/mno-hw-mul\libgcc.a(lib2-mul.o)
 .debug_info    0x000000000000d8b2      0x31a ../HikingPal_bsp/\libhal_bsp.a(alt_close.o)
 .debug_info    0x000000000000dbcc      0x495 ../HikingPal_bsp/\libhal_bsp.a(alt_dev.o)
 .debug_info    0x000000000000e061       0x9f ../HikingPal_bsp/\libhal_bsp.a(alt_errno.o)
 .debug_info    0x000000000000e100      0x481 ../HikingPal_bsp/\libhal_bsp.a(alt_fstat.o)
 .debug_info    0x000000000000e581      0x484 ../HikingPal_bsp/\libhal_bsp.a(alt_isatty.o)
 .debug_info    0x000000000000ea05      0x13e ../HikingPal_bsp/\libhal_bsp.a(alt_load.o)
 .debug_info    0x000000000000eb43      0x34b ../HikingPal_bsp/\libhal_bsp.a(alt_lseek.o)
 .debug_info    0x000000000000ee8e      0x150 ../HikingPal_bsp/\libhal_bsp.a(alt_main.o)
 .debug_info    0x000000000000efde      0x89f ../HikingPal_bsp/\libhal_bsp.a(alt_malloc_lock.o)
 .debug_info    0x000000000000f87d      0x4a9 ../HikingPal_bsp/\libhal_bsp.a(alt_read.o)
 .debug_info    0x000000000000fd26      0x2b0 ../HikingPal_bsp/\libhal_bsp.a(alt_release_fd.o)
 .debug_info    0x000000000000ffd6      0x1cb ../HikingPal_bsp/\libhal_bsp.a(alt_sbrk.o)
 .debug_info    0x00000000000101a1      0x4b0 ../HikingPal_bsp/\libhal_bsp.a(alt_write.o)
 .debug_info    0x0000000000010651      0x5ab ../HikingPal_bsp/\libhal_bsp.a(alt_sys_init.o)
 .debug_info    0x0000000000010bfc      0x527 ../HikingPal_bsp/\libhal_bsp.a(altera_avalon_jtag_uart_fd.o)
 .debug_info    0x0000000000011123      0x3c4 ../HikingPal_bsp/\libhal_bsp.a(altera_avalon_jtag_uart_init.o)
 .debug_info    0x00000000000114e7      0x279 ../HikingPal_bsp/\libhal_bsp.a(altera_avalon_jtag_uart_ioctl.o)
 .debug_info    0x0000000000011760      0x358 ../HikingPal_bsp/\libhal_bsp.a(altera_avalon_jtag_uart_read.o)
 .debug_info    0x0000000000011ab8      0x34f ../HikingPal_bsp/\libhal_bsp.a(altera_avalon_jtag_uart_write.o)
 .debug_info    0x0000000000011e07      0x242 ../HikingPal_bsp/\libhal_bsp.a(altera_avalon_timer_sc.o)
 .debug_info    0x0000000000012049      0x5fa ../HikingPal_bsp/\libhal_bsp.a(altera_up_avalon_character_lcd.o)
 .debug_info    0x0000000000012643      0x561 ../HikingPal_bsp/\libhal_bsp.a(altera_up_avalon_rs232.o)
 .debug_info    0x0000000000012ba4      0x2db ../HikingPal_bsp/\libhal_bsp.a(alt_alarm_start.o)
 .debug_info    0x0000000000012e7f       0x8b ../HikingPal_bsp/\libhal_bsp.a(alt_dcache_flush_all.o)
 .debug_info    0x0000000000012f0a      0x1a2 ../HikingPal_bsp/\libhal_bsp.a(alt_dev_llist_insert.o)
 .debug_info    0x00000000000130ac       0x83 ../HikingPal_bsp/\libhal_bsp.a(alt_do_ctors.o)
 .debug_info    0x000000000001312f       0x83 ../HikingPal_bsp/\libhal_bsp.a(alt_do_dtors.o)
 .debug_info    0x00000000000131b2      0x2e2 ../HikingPal_bsp/\libhal_bsp.a(alt_find_dev.o)
 .debug_info    0x0000000000013494       0x8b ../HikingPal_bsp/\libhal_bsp.a(alt_icache_flush_all.o)
 .debug_info    0x000000000001351f      0x49e ../HikingPal_bsp/\libhal_bsp.a(alt_io_redirect.o)
 .debug_info    0x00000000000139bd      0x322 ../HikingPal_bsp/\libhal_bsp.a(alt_irq_register.o)
 .debug_info    0x0000000000013cdf       0x88 ../HikingPal_bsp/\libhal_bsp.a(alt_irq_vars.o)
 .debug_info    0x0000000000013d67      0x3b4 ../HikingPal_bsp/\libhal_bsp.a(alt_open.o)
 .debug_info    0x000000000001411b      0x2a8 ../HikingPal_bsp/\libhal_bsp.a(alt_tick.o)
 .debug_info    0x00000000000143c3       0xb1 ../HikingPal_bsp/\libhal_bsp.a(altera_nios2_qsys_irq.o)
 .debug_info    0x0000000000014474      0x2df ../HikingPal_bsp/\libhal_bsp.a(alt_find_file.o)
 .debug_info    0x0000000000014753      0x309 ../HikingPal_bsp/\libhal_bsp.a(alt_get_fd.o)
 .debug_info    0x0000000000014a5c       0x6d ../HikingPal_bsp/\libhal_bsp.a(alt_irq_entry.o)
 .debug_info    0x0000000000014ac9      0x1a0 ../HikingPal_bsp/\libhal_bsp.a(alt_irq_handler.o)
 .debug_info    0x0000000000014c69       0x73 ../HikingPal_bsp/\libhal_bsp.a(alt_exception_entry.o)
 .debug_info    0x0000000000014cdc      0x10a c:/altera/15.0/nios2eds/bin/gnu/h-x86_64-mingw32/bin/../lib/gcc/nios2-elf/4.9.1/../../../../../H-x86_64-mingw32/nios2-elf/lib/mno-hw-mul\libc.a(lib_a-atexit.o)
 .debug_info    0x0000000000014de6      0x8df c:/altera/15.0/nios2eds/bin/gnu/h-x86_64-mingw32/bin/../lib/gcc/nios2-elf/4.9.1/../../../../../H-x86_64-mingw32/nios2-elf/lib/mno-hw-mul\libc.a(lib_a-exit.o)
 .debug_info    0x00000000000156c5      0x113 c:/altera/15.0/nios2eds/bin/gnu/h-x86_64-mingw32/bin/../lib/gcc/nios2-elf/4.9.1/../../../../../H-x86_64-mingw32/nios2-elf/lib/mno-hw-mul\libc.a(lib_a-memcmp.o)
 .debug_info    0x00000000000157d8      0x93b c:/altera/15.0/nios2eds/bin/gnu/h-x86_64-mingw32/bin/../lib/gcc/nios2-elf/4.9.1/../../../../../H-x86_64-mingw32/nios2-elf/lib/mno-hw-mul\libc.a(lib_a-__atexit.o)
 .debug_info    0x0000000000016113      0x948 c:/altera/15.0/nios2eds/bin/gnu/h-x86_64-mingw32/bin/../lib/gcc/nios2-elf/4.9.1/../../../../../H-x86_64-mingw32/nios2-elf/lib/mno-hw-mul\libc.a(lib_a-__call_atexit.o)
 .debug_info    0x0000000000016a5b      0x10f ../HikingPal_bsp/\libhal_bsp.a(alt_exit.o)

.debug_abbrev   0x0000000000000000     0x5fd9
 *(.debug_abbrev)
 .debug_abbrev  0x0000000000000000       0x12 ../HikingPal_bsp//obj/HAL/src/crt0.o
 .debug_abbrev  0x0000000000000012       0x42 obj/default/hello_world.o
 .debug_abbrev  0x0000000000000054      0x226 c:/altera/15.0/nios2eds/bin/gnu/h-x86_64-mingw32/bin/../lib/gcc/nios2-elf/4.9.1/../../../../../H-x86_64-mingw32/nios2-elf/lib/mno-hw-mul\libc.a(lib_a-puts.o)
 .debug_abbrev  0x000000000000027a       0x90 c:/altera/15.0/nios2eds/bin/gnu/h-x86_64-mingw32/bin/../lib/gcc/nios2-elf/4.9.1/../../../../../H-x86_64-mingw32/nios2-elf/lib/mno-hw-mul\libc.a(lib_a-strlen.o)
 .debug_abbrev  0x000000000000030a      0x252 c:/altera/15.0/nios2eds/bin/gnu/h-x86_64-mingw32/bin/../lib/gcc/nios2-elf/4.9.1/../../../../../H-x86_64-mingw32/nios2-elf/lib/mno-hw-mul\libc.a(lib_a-fvwrite.o)
 .debug_abbrev  0x000000000000055c      0x180 c:/altera/15.0/nios2eds/bin/gnu/h-x86_64-mingw32/bin/../lib/gcc/nios2-elf/4.9.1/../../../../../H-x86_64-mingw32/nios2-elf/lib/mno-hw-mul\libc.a(lib_a-impure.o)
 .debug_abbrev  0x00000000000006dc      0x2ad c:/altera/15.0/nios2eds/bin/gnu/h-x86_64-mingw32/bin/../lib/gcc/nios2-elf/4.9.1/../../../../../H-x86_64-mingw32/nios2-elf/lib/mno-hw-mul\libc.a(lib_a-mallocr.o)
 .debug_abbrev  0x0000000000000989       0xab c:/altera/15.0/nios2eds/bin/gnu/h-x86_64-mingw32/bin/../lib/gcc/nios2-elf/4.9.1/../../../../../H-x86_64-mingw32/nios2-elf/lib/mno-hw-mul\libc.a(lib_a-memchr.o)
 .debug_abbrev  0x0000000000000a34       0x9c c:/altera/15.0/nios2eds/bin/gnu/h-x86_64-mingw32/bin/../lib/gcc/nios2-elf/4.9.1/../../../../../H-x86_64-mingw32/nios2-elf/lib/mno-hw-mul\libc.a(lib_a-memcpy.o)
 .debug_abbrev  0x0000000000000ad0       0x9c c:/altera/15.0/nios2eds/bin/gnu/h-x86_64-mingw32/bin/../lib/gcc/nios2-elf/4.9.1/../../../../../H-x86_64-mingw32/nios2-elf/lib/mno-hw-mul\libc.a(lib_a-memmove.o)
 .debug_abbrev  0x0000000000000b6c      0x269 c:/altera/15.0/nios2eds/bin/gnu/h-x86_64-mingw32/bin/../lib/gcc/nios2-elf/4.9.1/../../../../../H-x86_64-mingw32/nios2-elf/lib/mno-hw-mul\libc.a(lib_a-reallocr.o)
 .debug_abbrev  0x0000000000000dd5      0x1fd c:/altera/15.0/nios2eds/bin/gnu/h-x86_64-mingw32/bin/../lib/gcc/nios2-elf/4.9.1/../../../../../H-x86_64-mingw32/nios2-elf/lib/mno-hw-mul\libc.a(lib_a-sbrkr.o)
 .debug_abbrev  0x0000000000000fd2      0x1f3 c:/altera/15.0/nios2eds/bin/gnu/h-x86_64-mingw32/bin/../lib/gcc/nios2-elf/4.9.1/../../../../../H-x86_64-mingw32/nios2-elf/lib/mno-hw-mul\libc.a(lib_a-wsetup.o)
 .debug_abbrev  0x00000000000011c5      0x275 c:/altera/15.0/nios2eds/bin/gnu/h-x86_64-mingw32/bin/../lib/gcc/nios2-elf/4.9.1/../../../../../H-x86_64-mingw32/nios2-elf/lib/mno-hw-mul\libc.a(lib_a-fflush.o)
 .debug_abbrev  0x000000000000143a      0x387 c:/altera/15.0/nios2eds/bin/gnu/h-x86_64-mingw32/bin/../lib/gcc/nios2-elf/4.9.1/../../../../../H-x86_64-mingw32/nios2-elf/lib/mno-hw-mul\libc.a(lib_a-findfp.o)
 .debug_abbrev  0x00000000000017c1      0x27b c:/altera/15.0/nios2eds/bin/gnu/h-x86_64-mingw32/bin/../lib/gcc/nios2-elf/4.9.1/../../../../../H-x86_64-mingw32/nios2-elf/lib/mno-hw-mul\libc.a(lib_a-freer.o)
 .debug_abbrev  0x0000000000001a3c      0x242 c:/altera/15.0/nios2eds/bin/gnu/h-x86_64-mingw32/bin/../lib/gcc/nios2-elf/4.9.1/../../../../../H-x86_64-mingw32/nios2-elf/lib/mno-hw-mul\libc.a(lib_a-fwalk.o)
 .debug_abbrev  0x0000000000001c7e       0x37 c:/altera/15.0/nios2eds/bin/gnu/h-x86_64-mingw32/bin/../lib/gcc/nios2-elf/4.9.1/../../../../../H-x86_64-mingw32/nios2-elf/lib/mno-hw-mul\libc.a(lib_a-int_errno.o)
 .debug_abbrev  0x0000000000001cb5      0x206 c:/altera/15.0/nios2eds/bin/gnu/h-x86_64-mingw32/bin/../lib/gcc/nios2-elf/4.9.1/../../../../../H-x86_64-mingw32/nios2-elf/lib/mno-hw-mul\libc.a(lib_a-makebuf.o)
 .debug_abbrev  0x0000000000001ebb       0xae c:/altera/15.0/nios2eds/bin/gnu/h-x86_64-mingw32/bin/../lib/gcc/nios2-elf/4.9.1/../../../../../H-x86_64-mingw32/nios2-elf/lib/mno-hw-mul\libc.a(lib_a-memset.o)
 .debug_abbrev  0x0000000000001f69      0x246 c:/altera/15.0/nios2eds/bin/gnu/h-x86_64-mingw32/bin/../lib/gcc/nios2-elf/4.9.1/../../../../../H-x86_64-mingw32/nios2-elf/lib/mno-hw-mul\libc.a(lib_a-stdio.o)
 .debug_abbrev  0x00000000000021af      0x1de c:/altera/15.0/nios2eds/bin/gnu/h-x86_64-mingw32/bin/../lib/gcc/nios2-elf/4.9.1/../../../../../H-x86_64-mingw32/nios2-elf/lib/mno-hw-mul\libc.a(lib_a-writer.o)
 .debug_abbrev  0x000000000000238d      0x1d9 c:/altera/15.0/nios2eds/bin/gnu/h-x86_64-mingw32/bin/../lib/gcc/nios2-elf/4.9.1/../../../../../H-x86_64-mingw32/nios2-elf/lib/mno-hw-mul\libc.a(closer.o)
 .debug_abbrev  0x0000000000002566      0x2a9 c:/altera/15.0/nios2eds/bin/gnu/h-x86_64-mingw32/bin/../lib/gcc/nios2-elf/4.9.1/../../../../../H-x86_64-mingw32/nios2-elf/lib/mno-hw-mul\libc.a(lib_a-fclose.o)
 .debug_abbrev  0x000000000000280f      0x1e8 c:/altera/15.0/nios2eds/bin/gnu/h-x86_64-mingw32/bin/../lib/gcc/nios2-elf/4.9.1/../../../../../H-x86_64-mingw32/nios2-elf/lib/mno-hw-mul\libc.a(lib_a-fstatr.o)
 .debug_abbrev  0x00000000000029f7      0x1d9 c:/altera/15.0/nios2eds/bin/gnu/h-x86_64-mingw32/bin/../lib/gcc/nios2-elf/4.9.1/../../../../../H-x86_64-mingw32/nios2-elf/lib/mno-hw-mul\libc.a(lib_a-isattyr.o)
 .debug_abbrev  0x0000000000002bd0      0x1e8 c:/altera/15.0/nios2eds/bin/gnu/h-x86_64-mingw32/bin/../lib/gcc/nios2-elf/4.9.1/../../../../../H-x86_64-mingw32/nios2-elf/lib/mno-hw-mul\libc.a(lib_a-lseekr.o)
 .debug_abbrev  0x0000000000002db8      0x1d9 c:/altera/15.0/nios2eds/bin/gnu/h-x86_64-mingw32/bin/../lib/gcc/nios2-elf/4.9.1/../../../../../H-x86_64-mingw32/nios2-elf/lib/mno-hw-mul\libc.a(lib_a-readr.o)
 .debug_abbrev  0x0000000000002f91       0x6f c:/altera/15.0/nios2eds/bin/gnu/h-x86_64-mingw32/bin/../lib/gcc/nios2-elf/4.9.1/mno-hw-mul\libgcc.a(lib2-mul.o)
 .debug_abbrev  0x0000000000003000      0x11f ../HikingPal_bsp/\libhal_bsp.a(alt_close.o)
 .debug_abbrev  0x000000000000311f       0xd9 ../HikingPal_bsp/\libhal_bsp.a(alt_dev.o)
 .debug_abbrev  0x00000000000031f8       0x5a ../HikingPal_bsp/\libhal_bsp.a(alt_errno.o)
 .debug_abbrev  0x0000000000003252      0x11f ../HikingPal_bsp/\libhal_bsp.a(alt_fstat.o)
 .debug_abbrev  0x0000000000003371      0x11f ../HikingPal_bsp/\libhal_bsp.a(alt_isatty.o)
 .debug_abbrev  0x0000000000003490       0x9f ../HikingPal_bsp/\libhal_bsp.a(alt_load.o)
 .debug_abbrev  0x000000000000352f      0x11f ../HikingPal_bsp/\libhal_bsp.a(alt_lseek.o)
 .debug_abbrev  0x000000000000364e       0xc1 ../HikingPal_bsp/\libhal_bsp.a(alt_main.o)
 .debug_abbrev  0x000000000000370f      0x1a5 ../HikingPal_bsp/\libhal_bsp.a(alt_malloc_lock.o)
 .debug_abbrev  0x00000000000038b4      0x12e ../HikingPal_bsp/\libhal_bsp.a(alt_read.o)
 .debug_abbrev  0x00000000000039e2       0xde ../HikingPal_bsp/\libhal_bsp.a(alt_release_fd.o)