Archive member included to satisfy reference by file (symbol)

c:/altera/15.0/nios2eds/bin/gnu/h-x86_64-mingw32/bin/../lib/gcc/nios2-elf/4.9.1/../../../../../H-x86_64-mingw32/nios2-elf/lib/mno-hw-mul\libm.a(lib_a-w_fmod.o)
                              obj/default/gps.o (fmod)
c:/altera/15.0/nios2eds/bin/gnu/h-x86_64-mingw32/bin/../lib/gcc/nios2-elf/4.9.1/../../../../../H-x86_64-mingw32/nios2-elf/lib/mno-hw-mul\libm.a(lib_a-e_fmod.o)
                              c:/altera/15.0/nios2eds/bin/gnu/h-x86_64-mingw32/bin/../lib/gcc/nios2-elf/4.9.1/../../../../../H-x86_64-mingw32/nios2-elf/lib/mno-hw-mul\libm.a(lib_a-w_fmod.o) (__ieee754_fmod)
c:/altera/15.0/nios2eds/bin/gnu/h-x86_64-mingw32/bin/../lib/gcc/nios2-elf/4.9.1/../../../../../H-x86_64-mingw32/nios2-elf/lib/mno-hw-mul\libm.a(lib_a-s_fpclassify.o)
                              c:/altera/15.0/nios2eds/bin/gnu/h-x86_64-mingw32/bin/../lib/gcc/nios2-elf/4.9.1/../../../../../H-x86_64-mingw32/nios2-elf/lib/mno-hw-mul\libm.a(lib_a-w_fmod.o) (__fpclassifyd)
c:/altera/15.0/nios2eds/bin/gnu/h-x86_64-mingw32/bin/../lib/gcc/nios2-elf/4.9.1/../../../../../H-x86_64-mingw32/nios2-elf/lib/mno-hw-mul\libm.a(lib_a-s_lib_ver.o)
                              c:/altera/15.0/nios2eds/bin/gnu/h-x86_64-mingw32/bin/../lib/gcc/nios2-elf/4.9.1/../../../../../H-x86_64-mingw32/nios2-elf/lib/mno-hw-mul\libm.a(lib_a-w_fmod.o) (__fdlib_version)
c:/altera/15.0/nios2eds/bin/gnu/h-x86_64-mingw32/bin/../lib/gcc/nios2-elf/4.9.1/../../../../../H-x86_64-mingw32/nios2-elf/lib/mno-hw-mul\libm.a(lib_a-s_matherr.o)
                              c:/altera/15.0/nios2eds/bin/gnu/h-x86_64-mingw32/bin/../lib/gcc/nios2-elf/4.9.1/../../../../../H-x86_64-mingw32/nios2-elf/lib/mno-hw-mul\libm.a(lib_a-w_fmod.o) (matherr)
c:/altera/15.0/nios2eds/bin/gnu/h-x86_64-mingw32/bin/../lib/gcc/nios2-elf/4.9.1/mno-hw-mul\libgcc.a(_muldi3.o)
                              obj/default/graphics.o (__muldi3)
c:/altera/15.0/nios2eds/bin/gnu/h-x86_64-mingw32/bin/../lib/gcc/nios2-elf/4.9.1/mno-hw-mul\libgcc.a(lib2-divmod.o)
                              obj/default/gps.o (__divsi3)
c:/altera/15.0/nios2eds/bin/gnu/h-x86_64-mingw32/bin/../lib/gcc/nios2-elf/4.9.1/mno-hw-mul\libgcc.a(lib2-mul.o)
                              obj/default/OutGraphicsCharFont.o (__mulsi3)
c:/altera/15.0/nios2eds/bin/gnu/h-x86_64-mingw32/bin/../lib/gcc/nios2-elf/4.9.1/mno-hw-mul\libgcc.a(addsf3.o)
                              obj/default/gps.o (__addsf3)
c:/altera/15.0/nios2eds/bin/gnu/h-x86_64-mingw32/bin/../lib/gcc/nios2-elf/4.9.1/mno-hw-mul\libgcc.a(divsf3.o)
                              obj/default/gps.o (__divsf3)
c:/altera/15.0/nios2eds/bin/gnu/h-x86_64-mingw32/bin/../lib/gcc/nios2-elf/4.9.1/mno-hw-mul\libgcc.a(mulsf3.o)
                              obj/default/gps.o (__mulsf3)
c:/altera/15.0/nios2eds/bin/gnu/h-x86_64-mingw32/bin/../lib/gcc/nios2-elf/4.9.1/mno-hw-mul\libgcc.a(subsf3.o)
                              obj/default/gps.o (__subsf3)
c:/altera/15.0/nios2eds/bin/gnu/h-x86_64-mingw32/bin/../lib/gcc/nios2-elf/4.9.1/mno-hw-mul\libgcc.a(fixsfsi.o)
                              obj/default/gps.o (__fixsfsi)
c:/altera/15.0/nios2eds/bin/gnu/h-x86_64-mingw32/bin/../lib/gcc/nios2-elf/4.9.1/mno-hw-mul\libgcc.a(floatsisf.o)
                              obj/default/gps.o (__floatsisf)
c:/altera/15.0/nios2eds/bin/gnu/h-x86_64-mingw32/bin/../lib/gcc/nios2-elf/4.9.1/mno-hw-mul\libgcc.a(divdf3.o)
                              c:/altera/15.0/nios2eds/bin/gnu/h-x86_64-mingw32/bin/../lib/gcc/nios2-elf/4.9.1/../../../../../H-x86_64-mingw32/nios2-elf/lib/mno-hw-mul\libm.a(lib_a-w_fmod.o) (__divdf3)
c:/altera/15.0/nios2eds/bin/gnu/h-x86_64-mingw32/bin/../lib/gcc/nios2-elf/4.9.1/mno-hw-mul\libgcc.a(eqdf2.o)
                              c:/altera/15.0/nios2eds/bin/gnu/h-x86_64-mingw32/bin/../lib/gcc/nios2-elf/4.9.1/../../../../../H-x86_64-mingw32/nios2-elf/lib/mno-hw-mul\libm.a(lib_a-w_fmod.o) (__nedf2)
c:/altera/15.0/nios2eds/bin/gnu/h-x86_64-mingw32/bin/../lib/gcc/nios2-elf/4.9.1/mno-hw-mul\libgcc.a(muldf3.o)
                              obj/default/gps.o (__muldf3)
c:/altera/15.0/nios2eds/bin/gnu/h-x86_64-mingw32/bin/../lib/gcc/nios2-elf/4.9.1/mno-hw-mul\libgcc.a(fixdfsi.o)
                              obj/default/gps.o (__fixdfsi)
c:/altera/15.0/nios2eds/bin/gnu/h-x86_64-mingw32/bin/../lib/gcc/nios2-elf/4.9.1/mno-hw-mul\libgcc.a(extendsfdf2.o)
                              obj/default/gps.o (__extendsfdf2)
c:/altera/15.0/nios2eds/bin/gnu/h-x86_64-mingw32/bin/../lib/gcc/nios2-elf/4.9.1/mno-hw-mul\libgcc.a(truncdfsf2.o)
                              obj/default/gps.o (__truncdfsf2)
c:/altera/15.0/nios2eds/bin/gnu/h-x86_64-mingw32/bin/../lib/gcc/nios2-elf/4.9.1/mno-hw-mul\libgcc.a(_clzsi2.o)
                              c:/altera/15.0/nios2eds/bin/gnu/h-x86_64-mingw32/bin/../lib/gcc/nios2-elf/4.9.1/mno-hw-mul\libgcc.a(addsf3.o) (__clzsi2)
c:/altera/15.0/nios2eds/bin/gnu/h-x86_64-mingw32/bin/../lib/gcc/nios2-elf/4.9.1/mno-hw-mul\libgcc.a(_clz.o)
[...]
Memory Configuration

Name             Origin             Length             Attributes
onchip_memory2_0 0x0000000000000000 0x0000000000001000
reset            0x0000000001000000 0x0000000000000020
new_sdram_controller_0 0x0000000001000020 0x00000000007fffe0
*default*        0x0000000000000000 0xffffffffffffffff

Linker script and memory map

LOAD Z:/CPEN391/Exercises/Main/MainHikingPal_bsp//obj/HAL/src/crt0.o
LOAD obj/default/ColourPalletteData.o
LOAD obj/default/HikingPal.o
LOAD obj/default/OutGraphicsCharFont.o
LOAD obj/default/SDCard_Test_Program.o
LOAD obj/default/fonts.o
LOAD obj/default/gps.o
LOAD obj/default/graphics.o
LOAD obj/default/wifi.o
LOAD c:/altera/15.0/nios2eds/bin/gnu/h-x86_64-mingw32/bin/../lib/gcc/nios2-elf/4.9.1/../../../../../H-x86_64-mingw32/nios2-elf/lib/mno-hw-mul\libstdc++.a
LOAD c:/altera/15.0/nios2eds/bin/gnu/h-x86_64-mingw32/bin/../lib/gcc/nios2-elf/4.9.1/../../../../../H-x86_64-mingw32/nios2-elf/lib/mno-hw-mul\libm.a
LOAD c:/altera/15.0/nios2eds/bin/gnu/h-x86_64-mingw32/bin/../lib/gcc/nios2-elf/4.9.1/mno-hw-mul\libgcc.a
START GROUP
LOAD c:/altera/15.0/nios2eds/bin/gnu/h-x86_64-mingw32/bin/../lib/gcc/nios2-elf/4.9.1/../../../../../H-x86_64-mingw32/nios2-elf/lib/mno-hw-mul\libc.a
LOAD c:/altera/15.0/nios2eds/bin/gnu/h-x86_64-mingw32/bin/../lib/gcc/nios2-elf/4.9.1/mno-hw-mul\libgcc.a
LOAD Z:/CPEN391/Exercises/Main/MainHikingPal_bsp/\libhal_bsp.a
LOAD c:/altera/15.0/nios2eds/bin/gnu/h-x86_64-mingw32/bin/../lib/gcc/nios2-elf/4.9.1/../../../../../H-x86_64-mingw32/nios2-elf/lib/mno-hw-mul\libm.a
END GROUP
LOAD c:/altera/15.0/nios2eds/bin/gnu/h-x86_64-mingw32/bin/../lib/gcc/nios2-elf/4.9.1/mno-hw-mul\libgcc.a
                0x0000000000000000                __alt_mem_onchip_memory2_0 = 0x0
                0x0000000001000000                __alt_mem_new_sdram_controller_0 = 0x1000000

.entry          0x0000000001000000       0x20
 *(.entry)
 .entry         0x0000000001000000       0x20 Z:/CPEN391/Exercises/Main/MainHikingPal_bsp//obj/HAL/src/crt0.o
                0x0000000001000000                __reset

.exceptions     0x0000000001000020      0x1a0
                0x0000000001000020                PROVIDE (__ram_exceptions_start, ABSOLUTE (.))
                0x0000000001000020                . = ALIGN (0x20)
 *(.irq)
 *(.exceptions.entry.label)
 .exceptions.entry.label
                0x0000000001000020        0x0 Z:/CPEN391/Exercises/Main/MainHikingPal_bsp/\libhal_bsp.a(alt_irq_entry.o)
                0x0000000001000020                alt_irq_entry
 .exceptions.entry.label
                0x0000000001000020        0x0 Z:/CPEN391/Exercises/Main/MainHikingPal_bsp/\libhal_bsp.a(alt_exception_entry.o)
                0x0000000001000020                alt_exception
 *(.exceptions.entry.user)
 *(.exceptions.entry.ecc_fatal)
 *(.exceptions.entry)
 .exceptions.entry
                0x0000000001000020       0x54 Z:/CPEN391/Exercises/Main/MainHikingPal_bsp/\libhal_bsp.a(alt_exception_entry.o)
 *(.exceptions.irqtest.user)
 *(.exceptions.irqtest)
 .exceptions.irqtest
                0x0000000001000074       0x10 Z:/CPEN391/Exercises/Main/MainHikingPal_bsp/\libhal_bsp.a(alt_irq_entry.o)
 *(.exceptions.irqhandler.user)
 *(.exceptions.irqhandler)
 .exceptions.irqhandler
                0x0000000001000084        0x4 Z:/CPEN391/Exercises/Main/MainHikingPal_bsp/\libhal_bsp.a(alt_irq_entry.o)
 *(.exceptions.irqreturn.user)
 *(.exceptions.irqreturn)
 .exceptions.irqreturn
                0x0000000001000088        0x4 Z:/CPEN391/Exercises/Main/MainHikingPal_bsp/\libhal_bsp.a(alt_irq_entry.o)
 *(.exceptions.notirq.label)
 .exceptions.notirq.label
                0x000000000100008c        0x0 Z:/CPEN391/Exercises/Main/MainHikingPal_bsp/\libhal_bsp.a(alt_irq_entry.o)
 *(.exceptions.notirq.user)
 *(.exceptions.notirq)
 .exceptions.notirq
                0x000000000100008c        0x8 Z:/CPEN391/Exercises/Main/MainHikingPal_bsp/\libhal_bsp.a(alt_exception_entry.o)
 *(.exceptions.soft.user)
 *(.exceptions.soft)
 *(.exceptions.unknown.user)
 *(.exceptions.unknown)
 .exceptions.unknown
                0x0000000001000094        0x4 Z:/CPEN391/Exercises/Main/MainHikingPal_bsp/\libhal_bsp.a(alt_exception_entry.o)
 *(.exceptions.exit.label)
 .exceptions.exit.label
                0x0000000001000098        0x0 Z:/CPEN391/Exercises/Main/MainHikingPal_bsp/\libhal_bsp.a(alt_irq_entry.o)
 .exceptions.exit.label
                0x0000000001000098        0x0 Z:/CPEN391/Exercises/Main/MainHikingPal_bsp/\libhal_bsp.a(alt_exception_entry.o)
 *(.exceptions.exit.user)
 *(.exceptions.exit)
 .exceptions.exit
                0x0000000001000098       0x54 Z:/CPEN391/Exercises/Main/MainHikingPal_bsp/\libhal_bsp.a(alt_exception_entry.o)
 *(.exceptions)
 .exceptions    0x00000000010000ec       0xd4 Z:/CPEN391/Exercises/Main/MainHikingPal_bsp/\libhal_bsp.a(alt_irq_handler.o)
                0x00000000010000ec                alt_irq_handler
                0x00000000010001c0                PROVIDE (__ram_exceptions_end, ABSOLUTE (.))
                0x0000000001000020                PROVIDE (__flash_exceptions_start, LOADADDR (.exceptions))

.text           0x00000000010001c0    0x21350
                0x00000000010001c0                PROVIDE (stext, ABSOLUTE (.))
 *(.interp)
 *(.hash)
 *(.dynsym)
 *(.dynstr)
 *(.gnu.version)
 *(.gnu.version_d)
 *(.gnu.version_r)
 *(.rel.init)
 *(.rela.init)
 *(.rel.text .rel.text.* .rel.gnu.linkonce.t.*)
 *(.rela.text .rela.text.* .rela.gnu.linkonce.t.*)
 *(.rel.fini)
 *(.rela.fini)
 *(.rel.rodata .rel.rodata.* .rel.gnu.linkonce.r.*)
 *(.rela.rodata .rela.rodata.* .rela.gnu.linkonce.r.*)
 *(.rel.data .rel.data.* .rel.gnu.linkonce.d.*)
 *(.rela.data .rela.data.* .rela.gnu.linkonce.d.*)
 *(.rel.tdata .rel.tdata.* .rel.gnu.linkonce.td.*)
 *(.rela.tdata .rela.tdata.* .rela.gnu.linkonce.td.*)
 *(.rel.tbss .rel.tbss.* .rel.gnu.linkonce.tb.*)
 *(.rela.tbss .rela.tbss.* .rela.gnu.linkonce.tb.*)
 *(.rel.ctors)
 *(.rela.ctors)
 *(.rel.dtors)
 *(.rela.dtors)
 *(.rel.got)
 *(.rela.got)
 *(.rel.sdata .rel.sdata.* .rel.gnu.linkonce.s.*)
 *(.rela.sdata .rela.sdata.* .rela.gnu.linkonce.s.*)
 *(.rel.sbss .rel.sbss.* .rel.gnu.linkonce.sb.*)
 *(.rela.sbss .rela.sbss.* .rela.gnu.linkonce.sb.*)
 *(.rel.sdata2 .rel.sdata2.* .rel.gnu.linkonce.s2.*)
 *(.rela.sdata2 .rela.sdata2.* .rela.gnu.linkonce.s2.*)
 *(.rel.sbss2 .rel.sbss2.* .rel.gnu.linkonce.sb2.*)
 *(.rela.sbss2 .rela.sbss2.* .rela.gnu.linkonce.sb2.*)
 *(.rel.bss .rel.bss.* .rel.gnu.linkonce.b.*)
 *(.rela.bss .rela.bss.* .rela.gnu.linkonce.b.*)
 *(.rel.plt)
 *(.rela.plt)
 *(.rel.dyn)
 *(.init)
 *(.plt)
 *(.text .stub .text.* .gnu.linkonce.t.*)
 .text          0x00000000010001c0       0x3c Z:/CPEN391/Exercises/Main/MainHikingPal_bsp//obj/HAL/src/crt0.o
                0x00000000010001c0                _start
 .text          0x00000000010001fc        0x0 obj/default/ColourPalletteData.o
 .text          0x00000000010001fc       0x38 obj/default/HikingPal.o
                0x00000000010001fc                main
 .text          0x0000000001000234      0x424 obj/default/OutGraphicsCharFont.o
                0x0000000001000234                OutGraphicsCharFont
                0x0000000001000450                OutGraphicsCharFont1
                0x00000000010004b8                OutGraphicsCharFont2
                0x0000000001000520                OutGraphicsCharFont3
                0x0000000001000588                OutGraphicsCharFont4
                0x00000000010005f0                OutGraphicsCharFont5
 .text          0x0000000001000658      0x378 obj/default/SDCard_Test_Program.o
                0x0000000001000658                TestSDCard
                0x00000000010007d4                WriteToFile
                0x00000000010008d0                ReadFromFile
 .text          0x00000000010009d0        0x0 obj/default/fonts.o
 .text          0x00000000010009d0     0x1ed4 obj/default/gps.o
                0x00000000010009d0                Init_GPSCHIP
                0x0000000001000af4                parseData
                0x0000000001001c40                parseHex
                0x0000000001001cdc                waitForSentence
                0x0000000001001d70                newNMEAreceived
                0x0000000001001d90                lastNMEA
                0x0000000001001db4                LOCUS_StartLogger
                0x0000000001001df4                LOCUS_StopLogger
                0x0000000001001e34                LOCUS_ReadStatus
                0x0000000001002138                standby
                0x0000000001002188                wakeup
                0x00000000010021d8                FloatToLatitudeConversion
                0x0000000001002248                FloatToLongitudeConversion
                0x00000000010022b8                putcharGPSCHIP
                0x000000000100230c                sendCommand
                0x0000000001002390                getcharGPSCHIP
                0x0000000001002484                GPSCHIPTestForReceivedData
                0x00000000010024b4                GPSCHIPTestForTransmitData
                0x00000000010024e4                getLocationData
                0x0000000001002608                test
 .text          0x00000000010028a4     0x10f8 obj/default/graphics.o
                0x00000000010028a4                WriteAPixel
                0x0000000001002920                ReadAPixel
                0x00000000010029b0                DrawHorizontalLine
                0x0000000001002a40                DrawVerticalLine
                0x0000000001002ad0                DrawBresenhamLine
                0x0000000001002b70                DrawString1
                0x0000000001002c20                DrawString2
                0x0000000001002cd0                DrawRectangle
                0x0000000001002d54                DrawFilledRectangle
                0x0000000001002df4                DrawBresenhamCircle
                0x0000000001002e84                MapToColour
                0x0000000001002f20                GetClosetColour
                0x0000000001003068                DrawMap
                0x0000000001003220                DrawMap2
                0x0000000001003628                DrawMap3
                0x00000000010037cc                TestShapes
                0x0000000001003920                ProgramPalette
 .text          0x000000000100399c      0x1b0 obj/default/wifi.o
                0x000000000100399c                Wifi_Init
                0x00000000010039e8                getcharWifi
                0x0000000001003a2c                putcharWifi
                0x0000000001003a7c                WifiWait
                0x0000000001003ad4                Wifi_SendCommand
 .text          0x0000000001003b4c      0x158 c:/altera/15.0/nios2eds/bin/gnu/h-x86_64-mingw32/bin/../lib/gcc/nios2-elf/4.9.1/../../../../../H-x86_64-mingw32/nios2-elf/lib/mno-hw-mul\libm.a(lib_a-w_fmod.o)
                0x0000000001003b4c                fmod
 .text          0x0000000001003ca4      0x330 c:/altera/15.0/nios2eds/bin/gnu/h-x86_64-mingw32/bin/../lib/gcc/nios2-elf/4.9.1/../../../../../H-x86_64-mingw32/nios2-elf/lib/mno-hw-mul\libm.a(lib_a-e_fmod.o)
                0x0000000001003ca4                __ieee754_fmod
 .text          0x0000000001003fd4       0x74 c:/altera/15.0/nios2eds/bin/gnu/h-x86_64-mingw32/bin/../lib/gcc/nios2-elf/4.9.1/../../../../../H-x86_64-mingw32/nios2-elf/lib/mno-hw-mul\libm.a(lib_a-s_fpclassify.o)
                0x0000000001003fd4                __fpclassifyd
 .text          0x0000000001004048        0x0 c:/altera/15.0/nios2eds/bin/gnu/h-x86_64-mingw32/bin/../lib/gcc/nios2-elf/4.9.1/../../../../../H-x86_64-mingw32/nios2-elf/lib/mno-hw-mul\libm.a(lib_a-s_lib_ver.o)
 .text          0x0000000001004048        0x8 c:/altera/15.0/nios2eds/bin/gnu/h-x86_64-mingw32/bin/../lib/gcc/nios2-elf/4.9.1/../../../../../H-x86_64-mingw32/nios2-elf/lib/mno-hw-mul\libm.a(lib_a-s_matherr.o)
                0x0000000001004048                matherr
 .text          0x0000000001004050      0x10c c:/altera/15.0/nios2eds/bin/gnu/h-x86_64-mingw32/bin/../lib/gcc/nios2-elf/4.9.1/mno-hw-mul\libgcc.a(_muldi3.o)
                0x0000000001004050                __muldi3
 .text          0x000000000100415c      0x12c c:/altera/15.0/nios2eds/bin/gnu/h-x86_64-mingw32/bin/../lib/gcc/nios2-elf/4.9.1/mno-hw-mul\libgcc.a(lib2-divmod.o)
                0x00000000010041c8                __divsi3
                0x000000000100421c                __modsi3
                0x0000000001004278                __udivsi3
                0x0000000001004280                __umodsi3
 .text          0x0000000001004288       0x28 c:/altera/15.0/nios2eds/bin/gnu/h-x86_64-mingw32/bin/../lib/gcc/nios2-elf/4.9.1/mno-hw-mul\libgcc.a(lib2-mul.o)
                0x0000000001004288                __mulsi3
 .text          0x00000000010042b0      0x4e0 c:/altera/15.0/nios2eds/bin/gnu/h-x86_64-mingw32/bin/../lib/gcc/nios2-elf/4.9.1/mno-hw-mul\libgcc.a(addsf3.o)
                0x00000000010042b0                __addsf3
 .text          0x0000000001004790      0x450 c:/altera/15.0/nios2eds/bin/gnu/h-x86_64-mingw32/bin/../lib/gcc/nios2-elf/4.9.1/mno-hw-mul\libgcc.a(divsf3.o)
                0x0000000001004790                __divsf3
 .text          0x0000000001004be0      0x450 c:/altera/15.0/nios2eds/bin/gnu/h-x86_64-mingw32/bin/../lib/gcc/nios2-elf/4.9.1/mno-hw-mul\libgcc.a(mulsf3.o)
                0x0000000001004be0                __mulsf3
 .text          0x0000000001005030      0x4fc c:/altera/15.0/nios2eds/bin/gnu/h-x86_64-mingw32/bin/../lib/gcc/nios2-elf/4.9.1/mno-hw-mul\libgcc.a(subsf3.o)
                0x0000000001005030                __subsf3
 .text          0x000000000100552c       0x78 c:/altera/15.0/nios2eds/bin/gnu/h-x86_64-mingw32/bin/../lib/gcc/nios2-elf/4.9.1/mno-hw-mul\libgcc.a(fixsfsi.o)
                0x000000000100552c                __fixsfsi
 .text          0x00000000010055a4      0x134 c:/altera/15.0/nios2eds/bin/gnu/h-x86_64-mingw32/bin/../lib/gcc/nios2-elf/4.9.1/mno-hw-mul\libgcc.a(floatsisf.o)
                0x00000000010055a4                __floatsisf
 .text          0x00000000010056d8      0x980 c:/altera/15.0/nios2eds/bin/gnu/h-x86_64-mingw32/bin/../lib/gcc/nios2-elf/4.9.1/mno-hw-mul\libgcc.a(divdf3.o)
                0x00000000010056d8                __divdf3
 .text          0x0000000001006058       0x84 c:/altera/15.0/nios2eds/bin/gnu/h-x86_64-mingw32/bin/../lib/gcc/nios2-elf/4.9.1/mno-hw-mul\libgcc.a(eqdf2.o)
                0x0000000001006058                __nedf2
                0x0000000001006058                __eqdf2
 .text          0x00000000010060dc      0x86c c:/altera/15.0/nios2eds/bin/gnu/h-x86_64-mingw32/bin/../lib/gcc/nios2-elf/4.9.1/mno-hw-mul\libgcc.a(muldf3.o)
                0x00000000010060dc                __muldf3
 .text          0x0000000001006948       0x88 c:/altera/15.0/nios2eds/bin/gnu/h-x86_64-mingw32/bin/../lib/gcc/nios2-elf/4.9.1/mno-hw-mul\libgcc.a(fixdfsi.o)
                0x0000000001006948                __fixdfsi
 .text          0x00000000010069d0      0x110 c:/altera/15.0/nios2eds/bin/gnu/h-x86_64-mingw32/bin/../lib/gcc/nios2-elf/4.9.1/mno-hw-mul\libgcc.a(extendsfdf2.o)
                0x00000000010069d0                __extendsfdf2
 .text          0x0000000001006ae0      0x198 c:/altera/15.0/nios2eds/bin/gnu/h-x86_64-mingw32/bin/../lib/gcc/nios2-elf/4.9.1/mno-hw-mul\libgcc.a(truncdfsf2.o)
                0x0000000001006ae0                __truncdfsf2
 .text          0x0000000001006c78       0x64 c:/altera/15.0/nios2eds/bin/gnu/h-x86_64-mingw32/bin/../lib/gcc/nios2-elf/4.9.1/mno-hw-mul\libgcc.a(_clzsi2.o)
                0x0000000001006c78                __clzsi2
 .text          0x0000000001006cdc        0x0 c:/altera/15.0/nios2eds/bin/gnu/h-x86_64-mingw32/bin/../lib/gcc/nios2-elf/4.9.1/mno-hw-mul\libgcc.a(_clz.o)
 .text          0x0000000001006cdc        0x8 c:/altera/15.0/nios2eds/bin/gnu/h-x86_64-mingw32/bin/../lib/gcc/nios2-elf/4.9.1/../../../../../H-x86_64-mingw32/nios2-elf/lib/mno-hw-mul\libc.a(lib_a-atof.o)
                0x0000000001006cdc                atof
 .text          0x0000000001006ce4       0x18 c:/altera/15.0/nios2eds/bin/gnu/h-x86_64-mingw32/bin/../lib/gcc/nios2-elf/4.9.1/../../../../../H-x86_64-mingw32/nios2-elf/lib/mno-hw-mul\libc.a(lib_a-atoi.o)
                0x0000000001006ce4                atoi
                0x0000000001006cf0                _atoi_r
 .text          0x0000000001006cfc       0x18 c:/altera/15.0/nios2eds/bin/gnu/h-x86_64-mingw32/bin/../lib/gcc/nios2-elf/4.9.1/../../../../../H-x86_64-mingw32/nios2-elf/lib/mno-hw-mul\libc.a(lib_a-atol.o)
                0x0000000001006cfc                atol
                0x0000000001006d08                _atol_r
 .text          0x0000000001006d14        0x0 c:/altera/15.0/nios2eds/bin/gnu/h-x86_64-mingw32/bin/../lib/gcc/nios2-elf/4.9.1/../../../../../H-x86_64-mingw32/nios2-elf/lib/mno-hw-mul\libc.a(lib_a-ctype_.o)
 .text          0x0000000001006d14       0x10 c:/altera/15.0/nios2eds/bin/gnu/h-x86_64-mingw32/bin/../lib/gcc/nios2-elf/4.9.1/../../../../../H-x86_64-mingw32/nios2-elf/lib/mno-hw-mul\libc.a(lib_a-errno.o)
                0x0000000001006d14                __errno
 .text          0x0000000001006d24       0x38 c:/altera/15.0/nios2eds/bin/gnu/h-x86_64-mingw32/bin/../lib/gcc/nios2-elf/4.9.1/../../../../../H-x86_64-mingw32/nios2-elf/lib/mno-hw-mul\libc.a(lib_a-exit.o)
                0x0000000001006d24                exit
 .text          0x0000000001006d5c      0x114 c:/altera/15.0/nios2eds/bin/gnu/h-x86_64-mingw32/bin/../lib/gcc/nios2-elf/4.9.1/../../../../../H-x86_64-mingw32/nios2-elf/lib/mno-hw-mul\libc.a(lib_a-fclose.o)
                0x0000000001006d5c                _fclose_r
                0x0000000001006e5c                fclose
 .text          0x0000000001006e70      0x258 c:/altera/15.0/nios2eds/bin/gnu/h-x86_64-mingw32/bin/../lib/gcc/nios2-elf/4.9.1/../../../../../H-x86_64-mingw32/nios2-elf/lib/mno-hw-mul\libc.a(lib_a-fflush.o)
                0x0000000001006e70                _fflush_r
                0x0000000001007098                fflush
 .text          0x00000000010070c8       0xf8 c:/altera/15.0/nios2eds/bin/gnu/h-x86_64-mingw32/bin/../lib/gcc/nios2-elf/4.9.1/../../../../../H-x86_64-mingw32/nios2-elf/lib/mno-hw-mul\libc.a(lib_a-fgetc.o)
                0x00000000010070c8                _fgetc_r
                0x0000000001007138                fgetc
 .text          0x00000000010071c0      0x3b4 c:/altera/15.0/nios2eds/bin/gnu/h-x86_64-mingw32/bin/../lib/gcc/nios2-elf/4.9.1/../../../../../H-x86_64-mingw32/nios2-elf/lib/mno-hw-mul\libc.a(lib_a-findfp.o)
                0x00000000010071d0                _cleanup_r
                0x000000000100737c                __sfmoreglue
                0x00000000010073f4                __sfp
                0x000000000100750c                _cleanup
                0x0000000001007524                __sinit
                0x0000000001007534                __sfp_lock_acquire
                0x0000000001007538                __sfp_lock_release
                0x000000000100753c                __sinit_lock_acquire
                0x0000000001007540                __sinit_lock_release
                0x0000000001007544                __fp_lock_all
                0x000000000100755c                __fp_unlock_all
 .text          0x0000000001007574      0x10c c:/altera/15.0/nios2eds/bin/gnu/h-x86_64-mingw32/bin/../lib/gcc/nios2-elf/4.9.1/../../../../../H-x86_64-mingw32/nios2-elf/lib/mno-hw-mul\libc.a(lib_a-fopen.o)
                0x0000000001007574                _fopen_r
                0x0000000001007664                fopen
 .text          0x0000000001007680      0x290 c:/altera/15.0/nios2eds/bin/gnu/h-x86_64-mingw32/bin/../lib/gcc/nios2-elf/4.9.1/../../../../../H-x86_64-mingw32/nios2-elf/lib/mno-hw-mul\libc.a(lib_a-fread.o)
                0x0000000001007680                _fread_r
                0x00000000010078d0                fread
 .text          0x0000000001007910      0x414 c:/altera/15.0/nios2eds/bin/gnu/h-x86_64-mingw32/bin/../lib/gcc/nios2-elf/4.9.1/../../../../../H-x86_64-mingw32/nios2-elf/lib/mno-hw-mul\libc.a(lib_a-freer.o)
                0x0000000001007910                _malloc_trim_r
                0x0000000001007a34                _free_r
 .text          0x0000000001007d24      0x478 c:/altera/15.0/nios2eds/bin/gnu/h-x86_64-mingw32/bin/../lib/gcc/nios2-elf/4.9.1/../../../../../H-x86_64-mingw32/nios2-elf/lib/mno-hw-mul\libc.a(lib_a-fseek.o)
                0x0000000001007d24                _fseek_r
                0x0000000001008178                fseek
 .text          0x000000000100819c       0x58 c:/altera/15.0/nios2eds/bin/gnu/h-x86_64-mingw32/bin/../lib/gcc/nios2-elf/4.9.1/../../../../../H-x86_64-mingw32/nios2-elf/lib/mno-hw-mul\libc.a(lib_a-fstatr.o)
                0x000000000100819c                _fstat_r
 .text          0x00000000010081f4      0x170 c:/altera/15.0/nios2eds/bin/gnu/h-x86_64-mingw32/bin/../lib/gcc/nios2-elf/4.9.1/../../../../../H-x86_64-mingw32/nios2-elf/lib/mno-hw-mul\libc.a(lib_a-fwalk.o)
                0x00000000010081f4                _fwalk
                0x00000000010082ac                _fwalk_reent
 .text          0x0000000001008364      0x108 c:/altera/15.0/nios2eds/bin/gnu/h-x86_64-mingw32/bin/../lib/gcc/nios2-elf/4.9.1/../../../../../H-x86_64-mingw32/nios2-elf/lib/mno-hw-mul\libc.a(lib_a-getc.o)
                0x0000000001008364                _getc_r
                0x00000000010083e4                getc
 .text          0x000000000100846c        0x0 c:/altera/15.0/nios2eds/bin/gnu/h-x86_64-mingw32/bin/../lib/gcc/nios2-elf/4.9.1/../../../../../H-x86_64-mingw32/nios2-elf/lib/mno-hw-mul\libc.a(lib_a-impure.o)
 .text          0x000000000100846c        0x0 c:/altera/15.0/nios2eds/bin/gnu/h-x86_64-mingw32/bin/../lib/gcc/nios2-elf/4.9.1/../../../../../H-x86_64-mingw32/nios2-elf/lib/mno-hw-mul\libc.a(lib_a-int_errno.o)
 .text          0x000000000100846c      0x1b8 c:/altera/15.0/nios2eds/bin/gnu/h-x86_64-mingw32/bin/../lib/gcc/nios2-elf/4.9.1/../../../../../H-x86_64-mingw32/nios2-elf/lib/mno-hw-mul\libc.a(lib_a-makebuf.o)
                0x000000000100846c                __smakebuf_r
 .text          0x0000000001008624      0x7a8 c:/altera/15.0/nios2eds/bin/gnu/h-x86_64-mingw32/bin/../lib/gcc/nios2-elf/4.9.1/../../../../../H-x86_64-mingw32/nios2-elf/lib/mno-hw-mul\libc.a(lib_a-mallocr.o)
                0x0000000001008624                _malloc_r
 .text          0x0000000001008dcc      0x138 c:/altera/15.0/nios2eds/bin/gnu/h-x86_64-mingw32/bin/../lib/gcc/nios2-elf/4.9.1/../../../../../H-x86_64-mingw32/nios2-elf/lib/mno-hw-mul\libc.a(lib_a-memcpy.o)
                0x0000000001008dcc                memcpy
 .text          0x0000000001008f04      0x124 c:/altera/15.0/nios2eds/bin/gnu/h-x86_64-mingw32/bin/../lib/gcc/nios2-elf/4.9.1/../../../../../H-x86_64-mingw32/nios2-elf/lib/mno-hw-mul\libc.a(lib_a-memset.o)
                0x0000000001008f04                memset
 .text          0x0000000001009028       0x5c c:/altera/15.0/nios2eds/bin/gnu/h-x86_64-mingw32/bin/../lib/gcc/nios2-elf/4.9.1/../../../../../H-x86_64-mingw32/nios2-elf/lib/mno-hw-mul\libc.a(lib_a-openr.o)
                0x0000000001009028                _open_r
 .text          0x0000000001009084       0x84 c:/altera/15.0/nios2eds/bin/gnu/h-x86_64-mingw32/bin/../lib/gcc/nios2-elf/4.9.1/../../../../../H-x86_64-mingw32/nios2-elf/lib/mno-hw-mul\libc.a(lib_a-perror.o)
                0x0000000001009084                _perror_r
                0x00000000010090f4                perror
 .text          0x0000000001009108       0x68 c:/altera/15.0/nios2eds/bin/gnu/h-x86_64-mingw32/bin/../lib/gcc/nios2-elf/4.9.1/../../../../../H-x86_64-mingw32/nios2-elf/lib/mno-hw-mul\libc.a(lib_a-printf.o)
                0x0000000001009108                _printf_r
                0x0000000001009134                printf
 .text          0x0000000001009170       0x20 c:/altera/15.0/nios2eds/bin/gnu/h-x86_64-mingw32/bin/../lib/gcc/nios2-elf/4.9.1/../../../../../H-x86_64-mingw32/nios2-elf/lib/mno-hw-mul\libc.a(lib_a-putchar.o)
                0x0000000001009170                _putchar_r
                0x0000000001009178                putchar
 .text          0x0000000001009190       0xcc c:/altera/15.0/nios2eds/bin/gnu/h-x86_64-mingw32/bin/../lib/gcc/nios2-elf/4.9.1/../../../../../H-x86_64-mingw32/nios2-elf/lib/mno-hw-mul\libc.a(lib_a-puts.o)
                0x0000000001009190                _puts_r
                0x0000000001009248                puts
 .text          0x000000000100925c      0x1c4 c:/altera/15.0/nios2eds/bin/gnu/h-x86_64-mingw32/bin/../lib/gcc/nios2-elf/4.9.1/../../../../../H-x86_64-mingw32/nios2-elf/lib/mno-hw-mul\libc.a(lib_a-refill.o)
                0x0000000001009278                __srefill_r
 .text          0x0000000001009420       0x88 c:/altera/15.0/nios2eds/bin/gnu/h-x86_64-mingw32/bin/../lib/gcc/nios2-elf/4.9.1/../../../../../H-x86_64-mingw32/nios2-elf/lib/mno-hw-mul\libc.a(lib_a-rget.o)
                0x0000000001009420                __srget_r
                0x0000000001009494                __srget
 .text          0x00000000010094a8       0x54 c:/altera/15.0/nios2eds/bin/gnu/h-x86_64-mingw32/bin/../lib/gcc/nios2-elf/4.9.1/../../../../../H-x86_64-mingw32/nios2-elf/lib/mno-hw-mul\libc.a(lib_a-sbrkr.o)
                0x00000000010094a8                _sbrk_r
 .text          0x00000000010094fc       0xc4 c:/altera/15.0/nios2eds/bin/gnu/h-x86_64-mingw32/bin/../lib/gcc/nios2-elf/4.9.1/../../../../../H-x86_64-mingw32/nios2-elf/lib/mno-hw-mul\libc.a(lib_a-sprintf.o)
                0x00000000010094fc                _sprintf_r
                0x0000000001009554                sprintf
 .text          0x00000000010095c0      0x13c c:/altera/15.0/nios2eds/bin/gnu/h-x86_64-mingw32/bin/../lib/gcc/nios2-elf/4.9.1/../../../../../H-x86_64-mingw32/nios2-elf/lib/mno-hw-mul\libc.a(lib_a-stdio.o)
                0x00000000010095c0                __sread
                0x0000000001009614                __seofread
                0x000000000100961c                __swrite
                0x0000000001009698                __sseek
                0x00000000010096f4                __sclose
 .text          0x00000000010096fc      0x164 c:/altera/15.0/nios2eds/bin/gnu/h-x86_64-mingw32/bin/../lib/gcc/nios2-elf/4.9.1/../../../../../H-x86_64-mingw32/nios2-elf/lib/mno-hw-mul\libc.a(lib_a-strchr.o)
                0x00000000010096fc                strchr
 .text          0x0000000001009860       0x90 c:/altera/15.0/nios2eds/bin/gnu/h-x86_64-mingw32/bin/../lib/gcc/nios2-elf/4.9.1/../../../../../H-x86_64-mingw32/nios2-elf/lib/mno-hw-mul\libc.a(lib_a-strcpy.o)
                0x0000000001009860                strcpy
 .text          0x00000000010098f0      0x5ec c:/altera/15.0/nios2eds/bin/gnu/h-x86_64-mingw32/bin/../lib/gcc/nios2-elf/4.9.1/../../../../../H-x86_64-mingw32/nios2-elf/lib/mno-hw-mul\libc.a(lib_a-strerror.o)
                0x00000000010098f0                strerror
 .text          0x0000000001009edc       0x98 c:/altera/15.0/nios2eds/bin/gnu/h-x86_64-mingw32/bin/../lib/gcc/nios2-elf/4.9.1/../../../../../H-x86_64-mingw32/nios2-elf/lib/mno-hw-mul\libc.a(lib_a-strlen.o)
                0x0000000001009edc                strlen
 .text          0x0000000001009f74       0xec c:/altera/15.0/nios2eds/bin/gnu/h-x86_64-mingw32/bin/../lib/gcc/nios2-elf/4.9.1/../../../../../H-x86_64-mingw32/nios2-elf/lib/mno-hw-mul\libc.a(lib_a-strncpy.o)
                0x0000000001009f74                strncpy
 .text          0x000000000100a060      0x7e8 c:/altera/15.0/nios2eds/bin/gnu/h-x86_64-mingw32/bin/../lib/gcc/nios2-elf/4.9.1/../../../../../H-x86_64-mingw32/nios2-elf/lib/mno-hw-mul\libc.a(lib_a-strstr.o)
                0x000000000100a4d0                strstr
 .text          0x000000000100a848     0x1728 c:/altera/15.0/nios2eds/bin/gnu/h-x86_64-mingw32/bin/../lib/gcc/nios2-elf/4.9.1/../../../../../H-x86_64-mingw32/nios2-elf/lib/mno-hw-mul\libc.a(lib_a-strtod.o)
                0x000000000100a848                _strtod_r
                0x000000000100be50                strtod
                0x000000000100be6c                strtof
 .text          0x000000000100bf70      0x28c c:/altera/15.0/nios2eds/bin/gnu/h-x86_64-mingw32/bin/../lib/gcc/nios2-elf/4.9.1/../../../../../H-x86_64-mingw32/nios2-elf/lib/mno-hw-mul\libc.a(lib_a-strtol.o)
                0x000000000100bf70                _strtol_r
                0x000000000100c1d8                strtol
 .text          0x000000000100c1fc     0x2070 c:/altera/15.0/nios2eds/bin/gnu/h-x86_64-mingw32/bin/../lib/gcc/nios2-elf/4.9.1/../../../../../H-x86_64-mingw32/nios2-elf/lib/mno-hw-mul\libc.a(lib_a-svfprintf.o)
                0x000000000100c1fc                ___svfprintf_internal_r
 .text          0x000000000100e26c        0x8 c:/altera/15.0/nios2eds/bin/gnu/h-x86_64-mingw32/bin/../lib/gcc/nios2-elf/4.9.1/../../../../../H-x86_64-mingw32/nios2-elf/lib/mno-hw-mul\libc.a(lib_a-u_strerr.o)
                0x000000000100e26c                _user_strerror
 .text          0x000000000100e274     0x2120 c:/altera/15.0/nios2eds/bin/gnu/h-x86_64-mingw32/bin/../lib/gcc/nios2-elf/4.9.1/../../../../../H-x86_64-mingw32/nios2-elf/lib/mno-hw-mul\libc.a(lib_a-vfprintf.o)
                0x000000000100e274                ___vfprintf_internal_r
                0x0000000001010370                __vfprintf_internal
 .text          0x0000000001010394       0x5c c:/altera/15.0/nios2eds/bin/gnu/h-x86_64-mingw32/bin/../lib/gcc/nios2-elf/4.9.1/../../../../../H-x86_64-mingw32/nios2-elf/lib/mno-hw-mul\libc.a(lib_a-writer.o)
                0x0000000001010394                _write_r
 .text          0x00000000010103f0      0x130 c:/altera/15.0/nios2eds/bin/gnu/h-x86_64-mingw32/bin/../lib/gcc/nios2-elf/4.9.1/../../../../../H-x86_64-mingw32/nios2-elf/lib/mno-hw-mul\libc.a(lib_a-wsetup.o)
                0x00000000010103f0                __swsetup_r
 .text          0x0000000001010520       0x54 c:/altera/15.0/nios2eds/bin/gnu/h-x86_64-mingw32/bin/../lib/gcc/nios2-elf/4.9.1/../../../../../H-x86_64-mingw32/nios2-elf/lib/mno-hw-mul\libc.a(closer.o)
                0x0000000001010520                _close_r
 .text          0x0000000001010574      0x194 c:/altera/15.0/nios2eds/bin/gnu/h-x86_64-mingw32/bin/../lib/gcc/nios2-elf/4.9.1/../../../../../H-x86_64-mingw32/nios2-elf/lib/mno-hw-mul\libc.a(lib_a-__call_atexit.o)
                0x0000000001010574                __call_exitprocs
 .text          0x0000000001010708     0x1950 c:/altera/15.0/nios2eds/bin/gnu/h-x86_64-mingw32/bin/../lib/gcc/nios2-elf/4.9.1/../../../../../H-x86_64-mingw32/nios2-elf/lib/mno-hw-mul\libc.a(lib_a-dtoa.o)
                0x0000000001010930                _dtoa_r
 .text          0x0000000001012058       0x98 c:/altera/15.0/nios2eds/bin/gnu/h-x86_64-mingw32/bin/../lib/gcc/nios2-elf/4.9.1/../../../../../H-x86_64-mingw32/nios2-elf/lib/mno-hw-mul\libc.a(lib_a-flags.o)
                0x0000000001012058                __sflags
 .text          0x00000000010120f0       0x9c c:/altera/15.0/nios2eds/bin/gnu/h-x86_64-mingw32/bin/../lib/gcc/nios2-elf/4.9.1/../../../../../H-x86_64-mingw32/nios2-elf/lib/mno-hw-mul\libc.a(lib_a-fputc.o)
                0x00000000010120f0                _fputc_r
                0x0000000001012134                fputc
 .text          0x000000000101218c       0xb8 c:/altera/15.0/nios2eds/bin/gnu/h-x86_64-mingw32/bin/../lib/gcc/nios2-elf/4.9.1/../../../../../H-x86_64-mingw32/nios2-elf/lib/mno-hw-mul\libc.a(lib_a-fputs.o)
                0x000000000101218c                _fputs_r
                0x0000000001012228                fputs
 .text          0x0000000001012244      0x4a4 c:/altera/15.0/nios2eds/bin/gnu/h-x86_64-mingw32/bin/../lib/gcc/nios2-elf/4.9.1/../../../../../H-x86_64-mingw32/nios2-elf/lib/mno-hw-mul\libc.a(lib_a-fvwrite.o)
                0x0000000001012244                __sfvwrite_r
 .text          0x00000000010126e8      0x9dc c:/altera/15.0/nios2eds/bin/gnu/h-x86_64-mingw32/bin/../lib/gcc/nios2-elf/4.9.1/../../../../../H-x86_64-mingw32/nios2-elf/lib/mno-hw-mul\libc.a(lib_a-gdtoa-gethex.o)
                0x00000000010127e8                __hexdig_init
                0x000000000101286c                __gethex
 .text          0x00000000010130c4      0x294 c:/altera/15.0/nios2eds/bin/gnu/h-x86_64-mingw32/bin/../lib/gcc/nios2-elf/4.9.1/../../../../../H-x86_64-mingw32/nios2-elf/lib/mno-hw-mul\libc.a(lib_a-gdtoa-hexnan.o)
                0x00000000010130c4                __hexnan
 .text          0x0000000001013358       0x54 c:/altera/15.0/nios2eds/bin/gnu/h-x86_64-mingw32/bin/../lib/gcc/nios2-elf/4.9.1/../../../../../H-x86_64-mingw32/nios2-elf/lib/mno-hw-mul\libc.a(lib_a-isattyr.o)
                0x0000000001013358                _isatty_r
 .text          0x00000000010133ac       0xe0 c:/altera/15.0/nios2eds/bin/gnu/h-x86_64-mingw32/bin/../lib/gcc/nios2-elf/4.9.1/../../../../../H-x86_64-mingw32/nios2-elf/lib/mno-hw-mul\libc.a(lib_a-locale.o)
                0x00000000010133ac                _setlocale_r
                0x0000000001013428                __locale_charset
                0x0000000001013434                __locale_mb_cur_max
                0x0000000001013444                __locale_msgcharset
                0x0000000001013450                __locale_cjk_lang
                0x0000000001013458                _localeconv_r
                0x0000000001013464                setlocale
                0x0000000001013480                localeconv
 .text          0x000000000101348c       0x5c c:/altera/15.0/nios2eds/bin/gnu/h-x86_64-mingw32/bin/../lib/gcc/nios2-elf/4.9.1/../../../../../H-x86_64-mingw32/nios2-elf/lib/mno-hw-mul\libc.a(lib_a-lseekr.o)
                0x000000000101348c                _lseek_r
 .text          0x00000000010134e8       0xe8 c:/altera/15.0/nios2eds/bin/gnu/h-x86_64-mingw32/bin/../lib/gcc/nios2-elf/4.9.1/../../../../../H-x86_64-mingw32/nios2-elf/lib/mno-hw-mul\libc.a(lib_a-memchr.o)
                0x00000000010134e8                memchr
 .text          0x00000000010135d0       0x7c c:/altera/15.0/nios2eds/bin/gnu/h-x86_64-mingw32/bin/../lib/gcc/nios2-elf/4.9.1/../../../../../H-x86_64-mingw32/nios2-elf/lib/mno-hw-mul\libc.a(lib_a-memcmp.o)
                0x00000000010135d0                memcmp
 .text          0x000000000101364c      0x15c c:/altera/15.0/nios2eds/bin/gnu/h-x86_64-mingw32/bin/../lib/gcc/nios2-elf/4.9.1/../../../../../H-x86_64-mingw32/nios2-elf/lib/mno-hw-mul\libc.a(lib_a-memmove.o)
                0x000000000101364c                memmove
 .text          0x00000000010137a8     0x1048 c:/altera/15.0/nios2eds/bin/gnu/h-x86_64-mingw32/bin/../lib/gcc/nios2-elf/4.9.1/../../../../../H-x86_64-mingw32/nios2-elf/lib/mno-hw-mul\libc.a(lib_a-mprec.o)
                0x00000000010137a8                _Balloc
                0x0000000001013850                _Bfree
                0x0000000001013878                __multadd
                0x00000000010139b4                __s2b
                0x0000000001013ab8                __hi0bits
                0x0000000001013b20                __lo0bits
                0x0000000001013bd0                __i2b
                0x0000000001013c0c                __multiply
                0x0000000001013e9c                __pow5mult
                0x0000000001013fdc                __lshift
                0x0000000001014124                __mcmp
                0x0000000001014184                __mdiff
                0x000000000101431c                __ulp
                0x000000000101437c                __b2d
                0x0000000001014498                __d2b
                0x00000000010145d4                __ratio
                0x0000000001014678                _mprec_log10
                0x00000000010146ec                __copybits
                0x0000000001014764                __any_on
 .text          0x00000000010147f0      0x168 c:/altera/15.0/nios2eds/bin/gnu/h-x86_64-mingw32/bin/../lib/gcc/nios2-elf/4.9.1/../../../../../H-x86_64-mingw32/nios2-elf/lib/mno-hw-mul\libc.a(lib_a-putc.o)
                0x00000000010147f0                _putc_r
                0x0000000001014890                putc
 .text          0x0000000001014958       0x5c c:/altera/15.0/nios2eds/bin/gnu/h-x86_64-mingw32/bin/../lib/gcc/nios2-elf/4.9.1/../../../../../H-x86_64-mingw32/nios2-elf/lib/mno-hw-mul\libc.a(lib_a-readr.o)
                0x0000000001014958                _read_r
 .text          0x00000000010149b4      0x5a0 c:/altera/15.0/nios2eds/bin/gnu/h-x86_64-mingw32/bin/../lib/gcc/nios2-elf/4.9.1/../../../../../H-x86_64-mingw32/nios2-elf/lib/mno-hw-mul\libc.a(lib_a-reallocr.o)
                0x00000000010149b4                _realloc_r
 .text          0x0000000001014f54       0xa4 c:/altera/15.0/nios2eds/bin/gnu/h-x86_64-mingw32/bin/../lib/gcc/nios2-elf/4.9.1/../../../../../H-x86_64-mingw32/nios2-elf/lib/mno-hw-mul\libc.a(lib_a-strcmp.o)
                0x0000000001014f54                strcmp
 .text          0x0000000001014ff8       0xc0 c:/altera/15.0/nios2eds/bin/gnu/h-x86_64-mingw32/bin/../lib/gcc/nios2-elf/4.9.1/../../../../../H-x86_64-mingw32/nios2-elf/lib/mno-hw-mul\libc.a(lib_a-strncmp.o)
                0x0000000001014ff8                strncmp
 .text          0x00000000010150b8     0x1398 c:/altera/15.0/nios2eds/bin/gnu/h-x86_64-mingw32/bin/../lib/gcc/nios2-elf/4.9.1/../../../../../H-x86_64-mingw32/nios2-elf/lib/mno-hw-mul\libc.a(lib_a-svfiprintf.o)
                0x00000000010150b8                __ssprint_r
                0x0000000001015280                ___svfiprintf_internal_r
 .text          0x0000000001016450     0x155c c:/altera/15.0/nios2eds/bin/gnu/h-x86_64-mingw32/bin/../lib/gcc/nios2-elf/4.9.1/../../../../../H-x86_64-mingw32/nios2-elf/lib/mno-hw-mul\libc.a(lib_a-vfiprintf.o)
                0x000000000101654c                __sprint_r
                0x0000000001016564                ___vfiprintf_internal_r
                0x0000000001017988                __vfiprintf_internal
 .text          0x00000000010179ac      0x170 c:/altera/15.0/nios2eds/bin/gnu/h-x86_64-mingw32/bin/../lib/gcc/nios2-elf/4.9.1/../../../../../H-x86_64-mingw32/nios2-elf/lib/mno-hw-mul\libc.a(lib_a-wbuf.o)
                0x00000000010179ac                __swbuf_r
                0x0000000001017b00                __swbuf
 .text          0x0000000001017b1c       0xd8 c:/altera/15.0/nios2eds/bin/gnu/h-x86_64-mingw32/bin/../lib/gcc/nios2-elf/4.9.1/../../../../../H-x86_64-mingw32/nios2-elf/lib/mno-hw-mul\libc.a(lib_a-callocr.o)
                0x0000000001017b1c                _calloc_r
 .text          0x0000000001017bf4      0x1dc c:/altera/15.0/nios2eds/bin/gnu/h-x86_64-mingw32/bin/../lib/gcc/nios2-elf/4.9.1/../../../../../H-x86_64-mingw32/nios2-elf/lib/mno-hw-mul\libc.a(lib_a-fputwc.o)
                0x0000000001017bf4                _fputwc_r
                0x0000000001017d78                fputwc
 .text          0x0000000001017dd0      0x174 c:/altera/15.0/nios2eds/bin/gnu/h-x86_64-mingw32/bin/../lib/gcc/nios2-elf/4.9.1/../../../../../H-x86_64-mingw32/nios2-elf/lib/mno-hw-mul\libc.a(lib_a-wcrtomb.o)
                0x0000000001017dd0                _wcrtomb_r
                0x0000000001017e6c                wcrtomb
 .text          0x0000000001017f44       0x8c c:/altera/15.0/nios2eds/bin/gnu/h-x86_64-mingw32/bin/../lib/gcc/nios2-elf/4.9.1/../../../../../H-x86_64-mingw32/nios2-elf/lib/mno-hw-mul\libc.a(lib_a-wctomb_r.o)
                0x0000000001017f44                __ascii_wctomb
                0x0000000001017f74                _wctomb_r
 .text          0x0000000001017fd0       0x74 c:/altera/15.0/nios2eds/bin/gnu/h-x86_64-mingw32/bin/../lib/gcc/nios2-elf/4.9.1/mno-hw-mul\libgcc.a(_fixunsdfsi.o)
                0x0000000001017fd0                __fixunsdfsi
 .text          0x0000000001018044      0x640 c:/altera/15.0/nios2eds/bin/gnu/h-x86_64-mingw32/bin/../lib/gcc/nios2-elf/4.9.1/mno-hw-mul\libgcc.a(_udivdi3.o)
                0x0000000001018044                __udivdi3
 .text          0x0000000001018684      0x61c c:/altera/15.0/nios2eds/bin/gnu/h-x86_64-mingw32/bin/../lib/gcc/nios2-elf/4.9.1/mno-hw-mul\libgcc.a(_umoddi3.o)
                0x0000000001018684                __umoddi3
 .text          0x0000000001018ca0       0x74 c:/altera/15.0/nios2eds/bin/gnu/h-x86_64-mingw32/bin/../lib/gcc/nios2-elf/4.9.1/mno-hw-mul\libgcc.a(eqsf2.o)
                0x0000000001018ca0                __eqsf2
                0x0000000001018ca0                __nesf2
 .text          0x0000000001018d14       0xb8 c:/altera/15.0/nios2eds/bin/gnu/h-x86_64-mingw32/bin/../lib/gcc/nios2-elf/4.9.1/mno-hw-mul\libgcc.a(gesf2.o)
                0x0000000001018d14                __gesf2
                0x0000000001018d14                __gtsf2
 .text          0x0000000001018dcc       0xb8 c:/altera/15.0/nios2eds/bin/gnu/h-x86_64-mingw32/bin/../lib/gcc/nios2-elf/4.9.1/mno-hw-mul\libgcc.a(lesf2.o)
                0x0000000001018dcc                __ltsf2
                0x0000000001018dcc                __lesf2
 .text          0x0000000001018e84      0x89c c:/altera/15.0/nios2eds/bin/gnu/h-x86_64-mingw32/bin/../lib/gcc/nios2-elf/4.9.1/mno-hw-mul\libgcc.a(adddf3.o)
                0x0000000001018e84                __adddf3
 .text          0x0000000001019720       0xe0 c:/altera/15.0/nios2eds/bin/gnu/h-x86_64-mingw32/bin/../lib/gcc/nios2-elf/4.9.1/mno-hw-mul\libgcc.a(gedf2.o)
                0x0000000001019720                __gedf2
                0x0000000001019720                __gtdf2
 .text          0x0000000001019800       0xe0 c:/altera/15.0/nios2eds/bin/gnu/h-x86_64-mingw32/bin/../lib/gcc/nios2-elf/4.9.1/mno-hw-mul\libgcc.a(ledf2.o)
                0x0000000001019800                __ledf2
                0x0000000001019800                __ltdf2
 .text          0x00000000010198e0      0x8d0 c:/altera/15.0/nios2eds/bin/gnu/h-x86_64-mingw32/bin/../lib/gcc/nios2-elf/4.9.1/mno-hw-mul\libgcc.a(subdf3.o)
                0x00000000010198e0                __subdf3
 .text          0x000000000101a1b0       0xd0 c:/altera/15.0/nios2eds/bin/gnu/h-x86_64-mingw32/bin/../lib/gcc/nios2-elf/4.9.1/mno-hw-mul\libgcc.a(floatsidf.o)
                0x000000000101a1b0                __floatsidf
 .text          0x000000000101a280       0xa4 c:/altera/15.0/nios2eds/bin/gnu/h-x86_64-mingw32/bin/../lib/gcc/nios2-elf/4.9.1/mno-hw-mul\libgcc.a(floatunsidf.o)
                0x000000000101a280                __floatunsidf
 .text          0x000000000101a324      0x128 Z:/CPEN391/Exercises/Main/MainHikingPal_bsp/\libhal_bsp.a(alt_close.o)
                0x000000000101a374                close
 .text          0x000000000101a44c       0x2c Z:/CPEN391/Exercises/Main/MainHikingPal_bsp/\libhal_bsp.a(alt_dev.o)
 .text          0x000000000101a478        0x0 Z:/CPEN391/Exercises/Main/MainHikingPal_bsp/\libhal_bsp.a(alt_errno.o)
 .text          0x000000000101a478       0x34 Z:/CPEN391/Exercises/Main/MainHikingPal_bsp/\libhal_bsp.a(alt_exit.o)
                0x000000000101a478                _exit
 .text          0x000000000101a4ac      0x108 Z:/CPEN391/Exercises/Main/MainHikingPal_bsp/\libhal_bsp.a(alt_fstat.o)
                0x000000000101a4fc                fstat
 .text          0x000000000101a5b4       0xfc Z:/CPEN391/Exercises/Main/MainHikingPal_bsp/\libhal_bsp.a(alt_isatty.o)
                0x000000000101a604                isatty
 .text          0x000000000101a6b0       0xe4 Z:/CPEN391/Exercises/Main/MainHikingPal_bsp/\libhal_bsp.a(alt_load.o)
                0x000000000101a714                alt_load
 .text          0x000000000101a794      0x12c Z:/CPEN391/Exercises/Main/MainHikingPal_bsp/\libhal_bsp.a(alt_lseek.o)
                0x000000000101a7e4                lseek
 .text          0x000000000101a8c0       0x78 Z:/CPEN391/Exercises/Main/MainHikingPal_bsp/\libhal_bsp.a(alt_main.o)
                0x000000000101a8c0                alt_main
 .text          0x000000000101a938       0x40 Z:/CPEN391/Exercises/Main/MainHikingPal_bsp/\libhal_bsp.a(alt_malloc_lock.o)
                0x000000000101a938                __malloc_lock
                0x000000000101a958                __malloc_unlock
 .text          0x000000000101a978      0x2a4 Z:/CPEN391/Exercises/Main/MainHikingPal_bsp/\libhal_bsp.a(alt_open.o)
                0x000000000101aabc                open
 .text          0x000000000101ac1c      0x154 Z:/CPEN391/Exercises/Main/MainHikingPal_bsp/\libhal_bsp.a(alt_read.o)
                0x000000000101ac6c                read
 .text          0x000000000101ad70       0x80 Z:/CPEN391/Exercises/Main/MainHikingPal_bsp/\libhal_bsp.a(alt_release_fd.o)
                0x000000000101ad70                alt_release_fd
 .text          0x000000000101adf0       0xb0 Z:/CPEN391/Exercises/Main/MainHikingPal_bsp/\libhal_bsp.a(alt_sbrk.o)
                0x000000000101adf0                sbrk
 .text          0x000000000101aea0       0x30 Z:/CPEN391/Exercises/Main/MainHikingPal_bsp/\libhal_bsp.a(alt_usleep.o)
                0x000000000101aea0                usleep
 .text          0x000000000101aed0      0x150 Z:/CPEN391/Exercises/Main/MainHikingPal_bsp/\libhal_bsp.a(alt_write.o)
                0x000000000101af20                write
 .text          0x000000000101b020       0xf4 Z:/CPEN391/Exercises/Main/MainHikingPal_bsp/\libhal_bsp.a(alt_sys_init.o)
                0x000000000101b058                alt_irq_init
                0x000000000101b08c                alt_sys_init
 .text          0x000000000101b114     0x437c Z:/CPEN391/Exercises/Main/MainHikingPal_bsp/\libhal_bsp.a(Altera_UP_SD_Card_Avalon_Interface.o)
                0x000000000101b114                Write_Sector_Data
                0x000000000101b1c8                Save_Modified_Sector
                0x000000000101b214                Read_Sector_Data
                0x000000000101b2ec                get_cluster_flag
                0x000000000101b3a0                mark_cluster
                0x000000000101b480                Check_for_Master_Boot_Record
                0x000000000101b62c                Read_File_Record_At_Offset
                0x000000000101b8a8                Write_File_Record_At_Offset
                0x000000000101bb34                Check_for_DOS_FAT
                0x000000000101c1dc                Look_for_FAT16
                0x000000000101c2c8                filename_to_upper_case
                0x000000000101c388                check_file_name_for_FAT16_compliance
                0x000000000101c5f4                get_dir_divider_location
                0x000000000101c6ac                match_file_record_to_name_ext
                0x000000000101c948                get_home_directory_cluster_for_file
                0x000000000101ce84                find_file_in_directory
                0x000000000101d2fc                find_first_empty_cluster
                0x000000000101d4b0                find_first_empty_record_in_a_subdirectory
                0x000000000101d704                find_first_empty_record_in_root_directory
                0x000000000101d838                convert_filename_to_name_extension
                0x000000000101d9c0                create_file
                0x000000000101dc94                copy_file_record_name_to_string
                0x000000000101ddd8                alt_up_sd_card_open_dev
                0x000000000101de98                alt_up_sd_card_is_Present
                0x000000000101df5c                alt_up_sd_card_is_FAT16
                0x000000000101dfc8                alt_up_sd_card_find_first
                0x000000000101e098                alt_up_sd_card_find_next
                0x000000000101e454                alt_up_sd_card_fopen
                0x000000000101e7d8                alt_up_sd_card_set_attributes
                0x000000000101e85c                alt_up_sd_card_get_attributes
                0x000000000101e8e4                alt_up_sd_card_read
                0x000000000101ec74                alt_up_sd_card_write
                0x000000000101f2c4                alt_up_sd_card_fclose
 .text          0x000000000101f490      0x164 Z:/CPEN391/Exercises/Main/MainHikingPal_bsp/\libhal_bsp.a(altera_avalon_jtag_uart_fd.o)
                0x000000000101f490                altera_avalon_jtag_uart_read_fd
                0x000000000101f4f0                altera_avalon_jtag_uart_write_fd
                0x000000000101f550                altera_avalon_jtag_uart_close_fd
                0x000000000101f5a0                altera_avalon_jtag_uart_ioctl_fd
 .text          0x000000000101f5f4      0x3d0 Z:/CPEN391/Exercises/Main/MainHikingPal_bsp/\libhal_bsp.a(altera_avalon_jtag_uart_init.o)
                0x000000000101f5f4                altera_avalon_jtag_uart_init
                0x000000000101f95c                altera_avalon_jtag_uart_close
 .text          0x000000000101f9c4       0xec Z:/CPEN391/Exercises/Main/MainHikingPal_bsp/\libhal_bsp.a(altera_avalon_jtag_uart_ioctl.o)
                0x000000000101f9c4                altera_avalon_jtag_uart_ioctl
 .text          0x000000000101fab0      0x20c Z:/CPEN391/Exercises/Main/MainHikingPal_bsp/\libhal_bsp.a(altera_avalon_jtag_uart_read.o)
                0x000000000101fab0                altera_avalon_jtag_uart_read
 .text          0x000000000101fcbc      0x218 Z:/CPEN391/Exercises/Main/MainHikingPal_bsp/\libhal_bsp.a(altera_avalon_jtag_uart_write.o)
                0x000000000101fcbc                altera_avalon_jtag_uart_write
 .text          0x000000000101fed4       0xf8 Z:/CPEN391/Exercises/Main/MainHikingPal_bsp/\libhal_bsp.a(altera_avalon_timer_sc.o)
                0x000000000101ff4c                alt_avalon_timer_sc_init
 .text          0x000000000101ffcc      0x4d8 Z:/CPEN391/Exercises/Main/MainHikingPal_bsp/\libhal_bsp.a(altera_up_avalon_character_lcd.o)
                0x000000000101ffcc                get_DDRAM_addr
                0x0000000001020040                alt_up_character_lcd_send_cmd
                0x000000000102007c                alt_up_character_lcd_init
                0x00000000010200b0                alt_up_character_lcd_open_dev
                0x00000000010200f0                alt_up_character_lcd_write
                0x0000000001020168                alt_up_character_lcd_string
                0x00000000010201dc                alt_up_character_lcd_write_fd
                0x000000000102022c                alt_up_character_lcd_set_cursor_pos
                0x00000000010202a0                alt_up_character_lcd_shift_cursor
                0x0000000001020328                alt_up_character_lcd_shift_display
                0x00000000010203b0                alt_up_character_lcd_erase_pos
                0x000000000102043c                alt_up_character_lcd_cursor_off
                0x0000000001020470                alt_up_character_lcd_cursor_blink_on
 .text          0x00000000010204a4      0x38c Z:/CPEN391/Exercises/Main/MainHikingPal_bsp/\libhal_bsp.a(altera_up_avalon_rs232.o)
                0x00000000010204a4                alt_up_rs232_enable_read_interrupt
                0x00000000010204fc                alt_up_rs232_disable_read_interrupt
                0x0000000001020558                alt_up_rs232_get_used_space_in_read_FIFO
                0x0000000001020598                alt_up_rs232_get_available_space_in_write_FIFO
                0x00000000010205d4                alt_up_rs232_check_parity
                0x0000000001020618                alt_up_rs232_write_data
                0x0000000001020658                alt_up_rs232_read_data
                0x00000000010206cc                alt_up_rs232_read_fd
                0x000000000102075c                alt_up_rs232_write_fd
                0x00000000010207f0                alt_up_rs232_open_dev
 .text          0x0000000001020830      0x140 Z:/CPEN391/Exercises/Main/MainHikingPal_bsp/\libhal_bsp.a(alt_alarm_start.o)
                0x0000000001020830                alt_alarm_start
 .text          0x0000000001020970      0x158 Z:/CPEN391/Exercises/Main/MainHikingPal_bsp/\libhal_bsp.a(alt_busy_sleep.o)
                0x0000000001020970                alt_busy_sleep
 .text          0x0000000001020ac8       0x1c Z:/CPEN391/Exercises/Main/MainHikingPal_bsp/\libhal_bsp.a(alt_dcache_flush_all.o)
                0x0000000001020ac8                alt_dcache_flush_all
 .text          0x0000000001020ae4       0xf4 Z:/CPEN391/Exercises/Main/MainHikingPal_bsp/\libhal_bsp.a(alt_dev_llist_insert.o)
                0x0000000001020b34                alt_dev_llist_insert
 .text          0x0000000001020bd8       0x5c Z:/CPEN391/Exercises/Main/MainHikingPal_bsp/\libhal_bsp.a(alt_do_ctors.o)
                0x0000000001020bd8                _do_ctors
 .text          0x0000000001020c34       0x5c Z:/CPEN391/Exercises/Main/MainHikingPal_bsp/\libhal_bsp.a(alt_do_dtors.o)
                0x0000000001020c34                _do_dtors
 .text          0x0000000001020c90       0x90 Z:/CPEN391/Exercises/Main/MainHikingPal_bsp/\libhal_bsp.a(alt_find_dev.o)
                0x0000000001020c90                alt_find_dev
 .text          0x0000000001020d20      0x114 Z:/CPEN391/Exercises/Main/MainHikingPal_bsp/\libhal_bsp.a(alt_find_file.o)
                0x0000000001020d20                alt_find_file
 .text          0x0000000001020e34       0xd4 Z:/CPEN391/Exercises/Main/MainHikingPal_bsp/\libhal_bsp.a(alt_get_fd.o)
                0x0000000001020e34                alt_get_fd
 .text          0x0000000001020f08       0x1c Z:/CPEN391/Exercises/Main/MainHikingPal_bsp/\libhal_bsp.a(alt_icache_flush_all.o)
                0x0000000001020f08                alt_icache_flush_all
 .text          0x0000000001020f24      0x158 Z:/CPEN391/Exercises/Main/MainHikingPal_bsp/\libhal_bsp.a(alt_io_redirect.o)
                0x0000000001021004                alt_io_redirect
 .text          0x000000000102107c      0x1b0 Z:/CPEN391/Exercises/Main/MainHikingPal_bsp/\libhal_bsp.a(alt_irq_register.o)
                0x000000000102107c                alt_irq_register
 .text          0x000000000102122c        0x0 Z:/CPEN391/Exercises/Main/MainHikingPal_bsp/\libhal_bsp.a(alt_irq_vars.o)
 .text          0x000000000102122c      0x19c Z:/CPEN391/Exercises/Main/MainHikingPal_bsp/\libhal_bsp.a(alt_tick.o)
                0x000000000102122c                alt_alarm_stop
                0x00000000010212c4                alt_tick
 .text          0x00000000010213c8       0x20 Z:/CPEN391/Exercises/Main/MainHikingPal_bsp/\libhal_bsp.a(altera_nios2_qsys_irq.o)
                0x00000000010213c8                altera_nios2_qsys_irq_init
 .text          0x00000000010213e8        0x0 Z:/CPEN391/Exercises/Main/MainHikingPal_bsp/\libhal_bsp.a(alt_irq_entry.o)
 .text          0x00000000010213e8        0x0 Z:/CPEN391/Exercises/Main/MainHikingPal_bsp/\libhal_bsp.a(alt_irq_handler.o)
 .text          0x00000000010213e8        0x0 Z:/CPEN391/Exercises/Main/MainHikingPal_bsp/\libhal_bsp.a(alt_exception_entry.o)
 .text          0x00000000010213e8       0x14 c:/altera/15.0/nios2eds/bin/gnu/h-x86_64-mingw32/bin/../lib/gcc/nios2-elf/4.9.1/../../../../../H-x86_64-mingw32/nios2-elf/lib/mno-hw-mul\libc.a(lib_a-atexit.o)
                0x00000000010213e8                atexit
 .text          0x00000000010213fc      0x114 c:/altera/15.0/nios2eds/bin/gnu/h-x86_64-mingw32/bin/../lib/gcc/nios2-elf/4.9.1/../../../../../H-x86_64-mingw32/nios2-elf/lib/mno-hw-mul\libc.a(lib_a-__atexit.o)
                0x00000000010213fc                __register_exitproc
 *(.gnu.warning.*)
 *(.fini)
                0x0000000001021510                PROVIDE (__etext, ABSOLUTE (.))
                0x0000000001021510                PROVIDE (_etext, ABSOLUTE (.))
                0x0000000001021510                PROVIDE (etext, ABSOLUTE (.))
 *(.eh_frame_hdr)
                0x0000000001021510                . = ALIGN (0x4)
                0x0000000001021510                PROVIDE (__preinit_array_start, ABSOLUTE (.))
 *(.preinit_array)
                0x0000000001021510                PROVIDE (__preinit_array_end, ABSOLUTE (.))
                0x0000000001021510                PROVIDE (__init_array_start, ABSOLUTE (.))
 *(.init_array)
                0x0000000001021510                PROVIDE (__init_array_end, ABSOLUTE (.))
                0x0000000001021510                PROVIDE (__fini_array_start, ABSOLUTE (.))
 *(.fini_array)
                0x0000000001021510                PROVIDE (__fini_array_end, ABSOLUTE (.))
 *(.eh_frame)
 *(.gcc_except_table .gcc_except_table.*)
 *(.dynamic)
                0x0000000001021510                PROVIDE (__CTOR_LIST__, ABSOLUTE (.))
 *(.ctors)
 *(SORT(.ctors.*))
                0x0000000001021510                PROVIDE (__CTOR_END__, ABSOLUTE (.))
                0x0000000001021510                PROVIDE (__DTOR_LIST__, ABSOLUTE (.))
 *(.dtors)
 *(SORT(.dtors.*))
                0x0000000001021510                PROVIDE (__DTOR_END__, ABSOLUTE (.))
 *(.jcr)
                0x0000000001021510                . = ALIGN (0x4)

.rodata         0x0000000001021510     0xb9cc
                0x0000000001021510                PROVIDE (__ram_rodata_start, ABSOLUTE (.))
                0x0000000001021510                . = ALIGN (0x4)
 *(.rodata .rodata.* .gnu.linkonce.r.*)
 .rodata        0x0000000001021510      0x400 obj/default/ColourPalletteData.o
                0x0000000001021510                ColourPalletteData
 .rodata        0x0000000001021910       0x14 obj/default/HikingPal.o
 .rodata        0x0000000001021924      0x180 obj/default/SDCard_Test_Program.o
 .rodata        0x0000000001021aa4     0xa524 obj/default/fonts.o
                0x0000000001021aa4                Font5x7
                0x0000000001021d3e                Font10x14
                0x00000000010227a2                Font16x27
                0x0000000001023bac                Font22x40
                0x0000000001026834                Font38x59
 .rodata        0x000000000102bfc8      0x210 obj/default/gps.o
 .rodata        0x000000000102c1d8       0x4c obj/default/graphics.o
 .rodata.str1.4
                0x000000000102c224        0x5 c:/altera/15.0/nios2eds/bin/gnu/h-x86_64-mingw32/bin/../lib/gcc/nios2-elf/4.9.1/../../../../../H-x86_64-mingw32/nios2-elf/lib/mno-hw-mul\libm.a(lib_a-w_fmod.o)
                                          0x8 (size before relaxing)
 *fill*         0x000000000102c229        0x3 
 .rodata        0x000000000102c22c       0x10 c:/altera/15.0/nios2eds/bin/gnu/h-x86_64-mingw32/bin/../lib/gcc/nios2-elf/4.9.1/../../../../../H-x86_64-mingw32/nios2-elf/lib/mno-hw-mul\libm.a(lib_a-e_fmod.o)
 .rodata        0x000000000102c23c      0x100 c:/altera/15.0/nios2eds/bin/gnu/h-x86_64-mingw32/bin/../lib/gcc/nios2-elf/4.9.1/mno-hw-mul\libgcc.a(_clz.o)
                0x000000000102c23c                __clz_tab
 .rodata        0x000000000102c33c      0x281 c:/altera/15.0/nios2eds/bin/gnu/h-x86_64-mingw32/bin/../lib/gcc/nios2-elf/4.9.1/../../../../../H-x86_64-mingw32/nios2-elf/lib/mno-hw-mul\libc.a(lib_a-ctype_.o)
                0x000000000102c33c                _ctype_
 *fill*         0x000000000102c5bd        0x3 
 .rodata.str1.4
                0x000000000102c5c0        0x2 c:/altera/15.0/nios2eds/bin/gnu/h-x86_64-mingw32/bin/../lib/gcc/nios2-elf/4.9.1/../../../../../H-x86_64-mingw32/nios2-elf/lib/mno-hw-mul\libc.a(lib_a-impure.o)
                                          0x4 (size before relaxing)
 *fill*         0x000000000102c5c2        0x2 
 .rodata.str1.4
                0x000000000102c5c4        0x3 c:/altera/15.0/nios2eds/bin/gnu/h-x86_64-mingw32/bin/../lib/gcc/nios2-elf/4.9.1/../../../../../H-x86_64-mingw32/nios2-elf/lib/mno-hw-mul\libc.a(lib_a-perror.o)
                                          0x4 (size before relaxing)
 *fill*         0x000000000102c5c7        0x1 
 .rodata.str1.4
                0x000000000102c5c8        0x2 c:/altera/15.0/nios2eds/bin/gnu/h-x86_64-mingw32/bin/../lib/gcc/nios2-elf/4.9.1/../../../../../H-x86_64-mingw32/nios2-elf/lib/mno-hw-mul\libc.a(lib_a-puts.o)
                                          0x4 (size before relaxing)
 *fill*         0x000000000102c5ca        0x2 
 .rodata.str1.4
                0x000000000102c5cc      0x62d c:/altera/15.0/nios2eds/bin/gnu/h-x86_64-mingw32/bin/../lib/gcc/nios2-elf/4.9.1/../../../../../H-x86_64-mingw32/nios2-elf/lib/mno-hw-mul\libc.a(lib_a-strerror.o)
                                        0x634 (size before relaxing)
 *fill*         0x000000000102cbf9        0x3 
 .rodata.str1.4
                0x000000000102cbfc        0xf c:/altera/15.0/nios2eds/bin/gnu/h-x86_64-mingw32/bin/../lib/gcc/nios2-elf/4.9.1/../../../../../H-x86_64-mingw32/nios2-elf/lib/mno-hw-mul\libc.a(lib_a-strtod.o)
                                         0x10 (size before relaxing)
 *fill*         0x000000000102cc0b        0x1 
 .rodata        0x000000000102cc0c       0x28 c:/altera/15.0/nios2eds/bin/gnu/h-x86_64-mingw32/bin/../lib/gcc/nios2-elf/4.9.1/../../../../../H-x86_64-mingw32/nios2-elf/lib/mno-hw-mul\libc.a(lib_a-strtod.o)
 .rodata.str1.4
                0x000000000102cc34       0x42 c:/altera/15.0/nios2eds/bin/gnu/h-x86_64-mingw32/bin/../lib/gcc/nios2-elf/4.9.1/../../../../../H-x86_64-mingw32/nios2-elf/lib/mno-hw-mul\libc.a(lib_a-svfprintf.o)
                                         0x44 (size before relaxing)
 .rodata        0x000000000102cc76       0x20 c:/altera/15.0/nios2eds/bin/gnu/h-x86_64-mingw32/bin/../lib/gcc/nios2-elf/4.9.1/../../../../../H-x86_64-mingw32/nios2-elf/lib/mno-hw-mul\libc.a(lib_a-svfprintf.o)
 .rodata.str1.4
                0x0000000000000000       0x44 c:/altera/15.0/nios2eds/bin/gnu/h-x86_64-mingw32/bin/../lib/gcc/nios2-elf/4.9.1/../../../../../H-x86_64-mingw32/nios2-elf/lib/mno-hw-mul\libc.a(lib_a-vfprintf.o)
 .rodata        0x000000000102cc96       0x20 c:/altera/15.0/nios2eds/bin/gnu/h-x86_64-mingw32/bin/../lib/gcc/nios2-elf/4.9.1/../../../../../H-x86_64-mingw32/nios2-elf/lib/mno-hw-mul\libc.a(lib_a-vfprintf.o)
 *fill*         0x000000000102ccb6        0x2 
 .rodata.str1.4
                0x000000000102ccb8       0x10 c:/altera/15.0/nios2eds/bin/gnu/h-x86_64-mingw32/bin/../lib/gcc/nios2-elf/4.9.1/../../../../../H-x86_64-mingw32/nios2-elf/lib/mno-hw-mul\libc.a(lib_a-dtoa.o)
                                         0x14 (size before relaxing)
 .rodata.str1.4
                0x000000000102ccc8       0x1b c:/altera/15.0/nios2eds/bin/gnu/h-x86_64-mingw32/bin/../lib/gcc/nios2-elf/4.9.1/../../../../../H-x86_64-mingw32/nios2-elf/lib/mno-hw-mul\libc.a(lib_a-gdtoa-gethex.o)
                                         0x1c (size before relaxing)
 *fill*         0x000000000102cce3        0x1 
 .rodata.str1.4
                0x000000000102cce4        0xc c:/altera/15.0/nios2eds/bin/gnu/h-x86_64-mingw32/bin/../lib/gcc/nios2-elf/4.9.1/../../../../../H-x86_64-mingw32/nios2-elf/lib/mno-hw-mul\libc.a(lib_a-locale.o)
                                         0x14 (size before relaxing)
 .rodata        0x000000000102ccf0      0x124 c:/altera/15.0/nios2eds/bin/gnu/h-x86_64-mingw32/bin/../lib/gcc/nios2-elf/4.9.1/../../../../../H-x86_64-mingw32/nios2-elf/lib/mno-hw-mul\libc.a(lib_a-mprec.o)
                0x000000000102ccfc                __mprec_tinytens
                0x000000000102cd24                __mprec_bigtens
                0x000000000102cd4c                __mprec_tens
 .rodata.str1.4
                0x0000000000000000       0x30 c:/altera/15.0/nios2eds/bin/gnu/h-x86_64-mingw32/bin/../lib/gcc/nios2-elf/4.9.1/../../../../../H-x86_64-mingw32/nios2-elf/lib/mno-hw-mul\libc.a(lib_a-svfiprintf.o)
 .rodata        0x000000000102ce14       0x20 c:/altera/15.0/nios2eds/bin/gnu/h-x86_64-mingw32/bin/../lib/gcc/nios2-elf/4.9.1/../../../../../H-x86_64-mingw32/nios2-elf/lib/mno-hw-mul\libc.a(lib_a-svfiprintf.o)
 .rodata.str1.4
                0x0000000000000000       0x30 c:/altera/15.0/nios2eds/bin/gnu/h-x86_64-mingw32/bin/../lib/gcc/nios2-elf/4.9.1/../../../../../H-x86_64-mingw32/nios2-elf/lib/mno-hw-mul\libc.a(lib_a-vfiprintf.o)
 .rodata        0x000000000102ce34       0x20 c:/altera/15.0/nios2eds/bin/gnu/h-x86_64-mingw32/bin/../lib/gcc/nios2-elf/4.9.1/../../../../../H-x86_64-mingw32/nios2-elf/lib/mno-hw-mul\libc.a(lib_a-vfiprintf.o)
 .rodata        0x000000000102ce54        0xc Z:/CPEN391/Exercises/Main/MainHikingPal_bsp/\libhal_bsp.a(alt_dev.o)
 .rodata        0x000000000102ce60       0x14 Z:/CPEN391/Exercises/Main/MainHikingPal_bsp/\libhal_bsp.a(alt_main.o)
 .rodata        0x000000000102ce74       0x68 Z:/CPEN391/Exercises/Main/MainHikingPal_bsp/\libhal_bsp.a(alt_sys_init.o)
 *(.rodata1)
                0x000000000102cedc                . = ALIGN (0x4)
                0x000000000102cedc                PROVIDE (__ram_rodata_end, ABSOLUTE (.))
                0x0000000001021510                PROVIDE (__flash_rodata_start, LOADADDR (.rodata))

.rwdata         0x000000000102cedc     0x1ba4 load address 0x000000000102ea80
                0x000000000102cedc                PROVIDE (__ram_rwdata_start, ABSOLUTE (.))
                0x000000000102cedc                . = ALIGN (0x4)
 *(.got.plt)
 *(.got)
 *(.data1)
 *(.data .data.* .gnu.linkonce.d.*)
 .data          0x000000000102cedc        0x0 Z:/CPEN391/Exercises/Main/MainHikingPal_bsp//obj/HAL/src/crt0.o
 .data          0x000000000102cedc        0x0 obj/default/ColourPalletteData.o
 .data          0x000000000102cedc        0x0 obj/default/HikingPal.o
 .data          0x000000000102cedc        0x0 obj/default/OutGraphicsCharFont.o
 .data          0x000000000102cedc        0x0 obj/default/SDCard_Test_Program.o
 .data          0x000000000102cedc        0x0 obj/default/fonts.o
 .data          0x000000000102cedc        0x0 obj/default/gps.o
 .data          0x000000000102cedc        0x0 obj/default/graphics.o
 .data          0x000000000102cedc        0x0 obj/default/wifi.o
 .data          0x000000000102cedc        0x0 c:/altera/15.0/nios2eds/bin/gnu/h-x86_64-mingw32/bin/../lib/gcc/nios2-elf/4.9.1/../../../../../H-x86_64-mingw32/nios2-elf/lib/mno-hw-mul\libm.a(lib_a-w_fmod.o)
 .data          0x000000000102cedc        0x0 c:/altera/15.0/nios2eds/bin/gnu/h-x86_64-mingw32/bin/../lib/gcc/nios2-elf/4.9.1/../../../../../H-x86_64-mingw32/nios2-elf/lib/mno-hw-mul\libm.a(lib_a-e_fmod.o)
 .data          0x000000000102cedc        0x0 c:/altera/15.0/nios2eds/bin/gnu/h-x86_64-mingw32/bin/../lib/gcc/nios2-elf/4.9.1/../../../../../H-x86_64-mingw32/nios2-elf/lib/mno-hw-mul\libm.a(lib_a-s_fpclassify.o)
 .data          0x000000000102cedc        0x0 c:/altera/15.0/nios2eds/bin/gnu/h-x86_64-mingw32/bin/../lib/gcc/nios2-elf/4.9.1/../../../../../H-x86_64-mingw32/nios2-elf/lib/mno-hw-mul\libm.a(lib_a-s_lib_ver.o)
 .data          0x000000000102cedc        0x0 c:/altera/15.0/nios2eds/bin/gnu/h-x86_64-mingw32/bin/../lib/gcc/nios2-elf/4.9.1/../../../../../H-x86_64-mingw32/nios2-elf/lib/mno-hw-mul\libm.a(lib_a-s_matherr.o)
 .data          0x000000000102cedc        0x0 c:/altera/15.0/nios2eds/bin/gnu/h-x86_64-mingw32/bin/../lib/gcc/nios2-elf/4.9.1/mno-hw-mul\libgcc.a(_muldi3.o)
 .data          0x000000000102cedc        0x0 c:/altera/15.0/nios2eds/bin/gnu/h-x86_64-mingw32/bin/../lib/gcc/nios2-elf/4.9.1/mno-hw-mul\libgcc.a(lib2-divmod.o)
 .data          0x000000000102cedc        0x0 c:/altera/15.0/nios2eds/bin/gnu/h-x86_64-mingw32/bin/../lib/gcc/nios2-elf/4.9.1/mno-hw-mul\libgcc.a(lib2-mul.o)
 .data          0x000000000102cedc        0x0 c:/altera/15.0/nios2eds/bin/gnu/h-x86_64-mingw32/bin/../lib/gcc/nios2-elf/4.9.1/mno-hw-mul\libgcc.a(addsf3.o)
 .data          0x000000000102cedc        0x0 c:/altera/15.0/nios2eds/bin/gnu/h-x86_64-mingw32/bin/../lib/gcc/nios2-elf/4.9.1/mno-hw-mul\libgcc.a(divsf3.o)
 .data          0x000000000102cedc        0x0 c:/altera/15.0/nios2eds/bin/gnu/h-x86_64-mingw32/bin/../lib/gcc/nios2-elf/4.9.1/mno-hw-mul\libgcc.a(mulsf3.o)
 .data          0x000000000102cedc        0x0 c:/altera/15.0/nios2eds/bin/gnu/h-x86_64-mingw32/bin/../lib/gcc/nios2-elf/4.9.1/mno-hw-mul\libgcc.a(subsf3.o)
 .data          0x000000000102cedc        0x0 c:/altera/15.0/nios2eds/bin/gnu/h-x86_64-mingw32/bin/../lib/gcc/nios2-elf/4.9.1/mno-hw-mul\libgcc.a(fixsfsi.o)
 .data          0x000000000102cedc        0x0 c:/altera/15.0/nios2eds/bin/gnu/h-x86_64-mingw32/bin/../lib/gcc/nios2-elf/4.9.1/mno-hw-mul\libgcc.a(floatsisf.o)
 .data          0x000000000102cedc        0x0 c:/altera/15.0/nios2eds/bin/gnu/h-x86_64-mingw32/bin/../lib/gcc/nios2-elf/4.9.1/mno-hw-mul\libgcc.a(divdf3.o)
 .data          0x000000000102cedc        0x0 c:/altera/15.0/nios2eds/bin/gnu/h-x86_64-mingw32/bin/../lib/gcc/nios2-elf/4.9.1/mno-hw-mul\libgcc.a(eqdf2.o)
 .data          0x000000000102cedc        0x0 c:/altera/15.0/nios2eds/bin/gnu/h-x86_64-mingw32/bin/../lib/gcc/nios2-elf/4.9.1/mno-hw-mul\libgcc.a(muldf3.o)
 .data          0x000000000102cedc        0x0 c:/altera/15.0/nios2eds/bin/gnu/h-x86_64-mingw32/bin/../lib/gcc/nios2-elf/4.9.1/mno-hw-mul\libgcc.a(fixdfsi.o)
 .data          0x000000000102cedc        0x0 c:/altera/15.0/nios2eds/bin/gnu/h-x86_64-mingw32/bin/../lib/gcc/nios2-elf/4.9.1/mno-hw-mul\libgcc.a(extendsfdf2.o)
 .data          0x000000000102cedc        0x0 c:/altera/15.0/nios2eds/bin/gnu/h-x86_64-mingw32/bin/../lib/gcc/nios2-elf/4.9.1/mno-hw-mul\libgcc.a(truncdfsf2.o)
 .data          0x000000000102cedc        0x0 c:/altera/15.0/nios2eds/bin/gnu/h-x86_64-mingw32/bin/../lib/gcc/nios2-elf/4.9.1/mno-hw-mul\libgcc.a(_clzsi2.o)
 .data          0x000000000102cedc        0x0 c:/altera/15.0/nios2eds/bin/gnu/h-x86_64-mingw32/bin/../lib/gcc/nios2-elf/4.9.1/mno-hw-mul\libgcc.a(_clz.o)
 .data          0x000000000102cedc        0x0 c:/altera/15.0/nios2eds/bin/gnu/h-x86_64-mingw32/bin/../lib/gcc/nios2-elf/4.9.1/../../../../../H-x86_64-mingw32/nios2-elf/lib/mno-hw-mul\libc.a(lib_a-atof.o)
 .data          0x000000000102cedc        0x0 c:/altera/15.0/nios2eds/bin/gnu/h-x86_64-mingw32/bin/../lib/gcc/nios2-elf/4.9.1/../../../../../H-x86_64-mingw32/nios2-elf/lib/mno-hw-mul\libc.a(lib_a-atoi.o)
 .data          0x000000000102cedc        0x0 c:/altera/15.0/nios2eds/bin/gnu/h-x86_64-mingw32/bin/../lib/gcc/nios2-elf/4.9.1/../../../../../H-x86_64-mingw32/nios2-elf/lib/mno-hw-mul\libc.a(lib_a-atol.o)
 .data          0x000000000102cedc        0x0 c:/altera/15.0/nios2eds/bin/gnu/h-x86_64-mingw32/bin/../lib/gcc/nios2-elf/4.9.1/../../../../../H-x86_64-mingw32/nios2-elf/lib/mno-hw-mul\libc.a(lib_a-ctype_.o)
 .data          0x000000000102cedc        0x0 c:/altera/15.0/nios2eds/bin/gnu/h-x86_64-mingw32/bin/../lib/gcc/nios2-elf/4.9.1/../../../../../H-x86_64-mingw32/nios2-elf/lib/mno-hw-mul\libc.a(lib_a-errno.o)
 .data          0x000000000102cedc        0x0 c:/altera/15.0/nios2eds/bin/gnu/h-x86_64-mingw32/bin/../lib/gcc/nios2-elf/4.9.1/../../../../../H-x86_64-mingw32/nios2-elf/lib/mno-hw-mul\libc.a(lib_a-exit.o)
 .data          0x000000000102cedc        0x0 c:/altera/15.0/nios2eds/bin/gnu/h-x86_64-mingw32/bin/../lib/gcc/nios2-elf/4.9.1/../../../../../H-x86_64-mingw32/nios2-elf/lib/mno-hw-mul\libc.a(lib_a-fclose.o)
 .data          0x000000000102cedc        0x0 c:/altera/15.0/nios2eds/bin/gnu/h-x86_64-mingw32/bin/../lib/gcc/nios2-elf/4.9.1/../../../../../H-x86_64-mingw32/nios2-elf/lib/mno-hw-mul\libc.a(lib_a-fflush.o)
 .data          0x000000000102cedc        0x0 c:/altera/15.0/nios2eds/bin/gnu/h-x86_64-mingw32/bin/../lib/gcc/nios2-elf/4.9.1/../../../../../H-x86_64-mingw32/nios2-elf/lib/mno-hw-mul\libc.a(lib_a-fgetc.o)
 .data          0x000000000102cedc        0x0 c:/altera/15.0/nios2eds/bin/gnu/h-x86_64-mingw32/bin/../lib/gcc/nios2-elf/4.9.1/../../../../../H-x86_64-mingw32/nios2-elf/lib/mno-hw-mul\libc.a(lib_a-findfp.o)
 .data          0x000000000102cedc        0x0 c:/altera/15.0/nios2eds/bin/gnu/h-x86_64-mingw32/bin/../lib/gcc/nios2-elf/4.9.1/../../../../../H-x86_64-mingw32/nios2-elf/lib/mno-hw-mul\libc.a(lib_a-fopen.o)
 .data          0x000000000102cedc        0x0 c:/altera/15.0/nios2eds/bin/gnu/h-x86_64-mingw32/bin/../lib/gcc/nios2-elf/4.9.1/../../../../../H-x86_64-mingw32/nios2-elf/lib/mno-hw-mul\libc.a(lib_a-fread.o)
 .data          0x000000000102cedc        0x0 c:/altera/15.0/nios2eds/bin/gnu/h-x86_64-mingw32/bin/../lib/gcc/nios2-elf/4.9.1/../../../../../H-x86_64-mingw32/nios2-elf/lib/mno-hw-mul\libc.a(lib_a-freer.o)
 .data          0x000000000102cedc        0x0 c:/altera/15.0/nios2eds/bin/gnu/h-x86_64-mingw32/bin/../lib/gcc/nios2-elf/4.9.1/../../../../../H-x86_64-mingw32/nios2-elf/lib/mno-hw-mul\libc.a(lib_a-fseek.o)
 .data          0x000000000102cedc        0x0 c:/altera/15.0/nios2eds/bin/gnu/h-x86_64-mingw32/bin/../lib/gcc/nios2-elf/4.9.1/../../../../../H-x86_64-mingw32/nios2-elf/lib/mno-hw-mul\libc.a(lib_a-fstatr.o)
 .data          0x000000000102cedc        0x0 c:/altera/15.0/nios2eds/bin/gnu/h-x86_64-mingw32/bin/../lib/gcc/nios2-elf/4.9.1/../../../../../H-x86_64-mingw32/nios2-elf/lib/mno-hw-mul\libc.a(lib_a-fwalk.o)
 .data          0x000000000102cedc        0x0 c:/altera/15.0/nios2eds/bin/gnu/h-x86_64-mingw32/bin/../lib/gcc/nios2-elf/4.9.1/../../../../../H-x86_64-mingw32/nios2-elf/lib/mno-hw-mul\libc.a(lib_a-getc.o)
 .data          0x000000000102cedc      0x424 c:/altera/15.0/nios2eds/bin/gnu/h-x86_64-mingw32/bin/../lib/gcc/nios2-elf/4.9.1/../../../../../H-x86_64-mingw32/nios2-elf/lib/mno-hw-mul\libc.a(lib_a-impure.o)
 .data          0x000000000102d300        0x0 c:/altera/15.0/nios2eds/bin/gnu/h-x86_64-mingw32/bin/../lib/gcc/nios2-elf/4.9.1/../../../../../H-x86_64-mingw32/nios2-elf/lib/mno-hw-mul\libc.a(lib_a-int_errno.o)
 .data          0x000000000102d300        0x0 c:/altera/15.0/nios2eds/bin/gnu/h-x86_64-mingw32/bin/../lib/gcc/nios2-elf/4.9.1/../../../../../H-x86_64-mingw32/nios2-elf/lib/mno-hw-mul\libc.a(lib_a-makebuf.o)
 .data          0x000000000102d300      0x408 c:/altera/15.0/nios2eds/bin/gnu/h-x86_64-mingw32/bin/../lib/gcc/nios2-elf/4.9.1/../../../../../H-x86_64-mingw32/nios2-elf/lib/mno-hw-mul\libc.a(lib_a-mallocr.o)
                0x000000000102d300                __malloc_av_
 .data          0x000000000102d708        0x0 c:/altera/15.0/nios2eds/bin/gnu/h-x86_64-mingw32/bin/../lib/gcc/nios2-elf/4.9.1/../../../../../H-x86_64-mingw32/nios2-elf/lib/mno-hw-mul\libc.a(lib_a-memcpy.o)
 .data          0x000000000102d708        0x0 c:/altera/15.0/nios2eds/bin/gnu/h-x86_64-mingw32/bin/../lib/gcc/nios2-elf/4.9.1/../../../../../H-x86_64-mingw32/nios2-elf/lib/mno-hw-mul\libc.a(lib_a-memset.o)
 .data          0x000000000102d708        0x0 c:/altera/15.0/nios2eds/bin/gnu/h-x86_64-mingw32/bin/../lib/gcc/nios2-elf/4.9.1/../../../../../H-x86_64-mingw32/nios2-elf/lib/mno-hw-mul\libc.a(lib_a-openr.o)
 .data          0x000000000102d708        0x0 c:/altera/15.0/nios2eds/bin/gnu/h-x86_64-mingw32/bin/../lib/gcc/nios2-elf/4.9.1/../../../../../H-x86_64-mingw32/nios2-elf/lib/mno-hw-mul\libc.a(lib_a-perror.o)
 .data          0x000000000102d708        0x0 c:/altera/15.0/nios2eds/bin/gnu/h-x86_64-mingw32/bin/../lib/gcc/nios2-elf/4.9.1/../../../../../H-x86_64-mingw32/nios2-elf/lib/mno-hw-mul\libc.a(lib_a-printf.o)
 .data          0x000000000102d708        0x0 c:/altera/15.0/nios2eds/bin/gnu/h-x86_64-mingw32/bin/../lib/gcc/nios2-elf/4.9.1/../../../../../H-x86_64-mingw32/nios2-elf/lib/mno-hw-mul\libc.a(lib_a-putchar.o)
 .data          0x000000000102d708        0x0 c:/altera/15.0/nios2eds/bin/gnu/h-x86_64-mingw32/bin/../lib/gcc/nios2-elf/4.9.1/../../../../../H-x86_64-mingw32/nios2-elf/lib/mno-hw-mul\libc.a(lib_a-puts.o)
 .data          0x000000000102d708        0x0 c:/altera/15.0/nios2eds/bin/gnu/h-x86_64-mingw32/bin/../lib/gcc/nios2-elf/4.9.1/../../../../../H-x86_64-mingw32/nios2-elf/lib/mno-hw-mul\libc.a(lib_a-refill.o)
 .data          0x000000000102d708        0x0 c:/altera/15.0/nios2eds/bin/gnu/h-x86_64-mingw32/bin/../lib/gcc/nios2-elf/4.9.1/../../../../../H-x86_64-mingw32/nios2-elf/lib/mno-hw-mul\libc.a(lib_a-rget.o)
 .data          0x000000000102d708        0x0 c:/altera/15.0/nios2eds/bin/gnu/h-x86_64-mingw32/bin/../lib/gcc/nios2-elf/4.9.1/../../../../../H-x86_64-mingw32/nios2-elf/lib/mno-hw-mul\libc.a(lib_a-sbrkr.o)
 .data          0x000000000102d708        0x0 c:/altera/15.0/nios2eds/bin/gnu/h-x86_64-mingw32/bin/../lib/gcc/nios2-elf/4.9.1/../../../../../H-x86_64-mingw32/nios2-elf/lib/mno-hw-mul\libc.a(lib_a-sprintf.o)
 .data          0x000000000102d708        0x0 c:/altera/15.0/nios2eds/bin/gnu/h-x86_64-mingw32/bin/../lib/gcc/nios2-elf/4.9.1/../../../../../H-x86_64-mingw32/nios2-elf/lib/mno-hw-mul\libc.a(lib_a-stdio.o)
 .data          0x000000000102d708        0x0 c:/altera/15.0/nios2eds/bin/gnu/h-x86_64-mingw32/bin/../lib/gcc/nios2-elf/4.9.1/../../../../../H-x86_64-mingw32/nios2-elf/lib/mno-hw-mul\libc.a(lib_a-strchr.o)
 .data          0x000000000102d708        0x0 c:/altera/15.0/nios2eds/bin/gnu/h-x86_64-mingw32/bin/../lib/gcc/nios2-elf/4.9.1/../../../../../H-x86_64-mingw32/nios2-elf/lib/mno-hw-mul\libc.a(lib_a-strcpy.o)
 .data          0x000000000102d708        0x0 c:/altera/15.0/nios2eds/bin/gnu/h-x86_64-mingw32/bin/../lib/gcc/nios2-elf/4.9.1/../../../../../H-x86_64-mingw32/nios2-elf/lib/mno-hw-mul\libc.a(lib_a-strerror.o)
 .data          0x000000000102d708        0x0 c:/altera/15.0/nios2eds/bin/gnu/h-x86_64-mingw32/bin/../lib/gcc/nios2-elf/4.9.1/../../../../../H-x86_64-mingw32/nios2-elf/lib/mno-hw-mul\libc.a(lib_a-strlen.o)
 .data          0x000000000102d708        0x0 c:/altera/15.0/nios2eds/bin/gnu/h-x86_64-mingw32/bin/../lib/gcc/nios2-elf/4.9.1/../../../../../H-x86_64-mingw32/nios2-elf/lib/mno-hw-mul\libc.a(lib_a-strncpy.o)
 .data          0x000000000102d708        0x0 c:/altera/15.0/nios2eds/bin/gnu/h-x86_64-mingw32/bin/../lib/gcc/nios2-elf/4.9.1/../../../../../H-x86_64-mingw32/nios2-elf/lib/mno-hw-mul\libc.a(lib_a-strstr.o)
 .data          0x000000000102d708       0x28 c:/altera/15.0/nios2eds/bin/gnu/h-x86_64-mingw32/bin/../lib/gcc/nios2-elf/4.9.1/../../../../../H-x86_64-mingw32/nios2-elf/lib/mno-hw-mul\libc.a(lib_a-strtod.o)
 .data          0x000000000102d730        0x0 c:/altera/15.0/nios2eds/bin/gnu/h-x86_64-mingw32/bin/../lib/gcc/nios2-elf/4.9.1/../../../../../H-x86_64-mingw32/nios2-elf/lib/mno-hw-mul\libc.a(lib_a-strtol.o)
 .data          0x000000000102d730        0x0 c:/altera/15.0/nios2eds/bin/gnu/h-x86_64-mingw32/bin/../lib/gcc/nios2-elf/4.9.1/../../../../../H-x86_64-mingw32/nios2-elf/lib/mno-hw-mul\libc.a(lib_a-svfprintf.o)
 .data          0x000000000102d730        0x0 c:/altera/15.0/nios2eds/bin/gnu/h-x86_64-mingw32/bin/../lib/gcc/nios2-elf/4.9.1/../../../../../H-x86_64-mingw32/nios2-elf/lib/mno-hw-mul\libc.a(lib_a-u_strerr.o)
 .data          0x000000000102d730        0x0 c:/altera/15.0/nios2eds/bin/gnu/h-x86_64-mingw32/bin/../lib/gcc/nios2-elf/4.9.1/../../../../../H-x86_64-mingw32/nios2-elf/lib/mno-hw-mul\libc.a(lib_a-vfprintf.o)
 .data          0x000000000102d730        0x0 c:/altera/15.0/nios2eds/bin/gnu/h-x86_64-mingw32/bin/../lib/gcc/nios2-elf/4.9.1/../../../../../H-x86_64-mingw32/nios2-elf/lib/mno-hw-mul\libc.a(lib_a-writer.o)
 .data          0x000000000102d730        0x0 c:/altera/15.0/nios2eds/bin/gnu/h-x86_64-mingw32/bin/../lib/gcc/nios2-elf/4.9.1/../../../../../H-x86_64-mingw32/nios2-elf/lib/mno-hw-mul\libc.a(lib_a-wsetup.o)
 .data          0x000000000102d730        0x0 c:/altera/15.0/nios2eds/bin/gnu/h-x86_64-mingw32/bin/../lib/gcc/nios2-elf/4.9.1/../../../../../H-x86_64-mingw32/nios2-elf/lib/mno-hw-mul\libc.a(closer.o)
 .data          0x000000000102d730        0x0 c:/altera/15.0/nios2eds/bin/gnu/h-x86_64-mingw32/bin/../lib/gcc/nios2-elf/4.9.1/../../../../../H-x86_64-mingw32/nios2-elf/lib/mno-hw-mul\libc.a(lib_a-__call_atexit.o)
 .data          0x000000000102d730        0x0 c:/altera/15.0/nios2eds/bin/gnu/h-x86_64-mingw32/bin/../lib/gcc/nios2-elf/4.9.1/../../../../../H-x86_64-mingw32/nios2-elf/lib/mno-hw-mul\libc.a(lib_a-dtoa.o)
 .data          0x000000000102d730        0x0 c:/altera/15.0/nios2eds/bin/gnu/h-x86_64-mingw32/bin/../lib/gcc/nios2-elf/4.9.1/../../../../../H-x86_64-mingw32/nios2-elf/lib/mno-hw-mul\libc.a(lib_a-flags.o)
 .data          0x000000000102d730        0x0 c:/altera/15.0/nios2eds/bin/gnu/h-x86_64-mingw32/bin/../lib/gcc/nios2-elf/4.9.1/../../../../../H-x86_64-mingw32/nios2-elf/lib/mno-hw-mul\libc.a(lib_a-fputc.o)
 .data          0x000000000102d730        0x0 c:/altera/15.0/nios2eds/bin/gnu/h-x86_64-mingw32/bin/../lib/gcc/nios2-elf/4.9.1/../../../../../H-x86_64-mingw32/nios2-elf/lib/mno-hw-mul\libc.a(lib_a-fputs.o)
 .data          0x000000000102d730        0x0 c:/altera/15.0/nios2eds/bin/gnu/h-x86_64-mingw32/bin/../lib/gcc/nios2-elf/4.9.1/../../../../../H-x86_64-mingw32/nios2-elf/lib/mno-hw-mul\libc.a(lib_a-fvwrite.o)
 .data          0x000000000102d730        0x0 c:/altera/15.0/nios2eds/bin/gnu/h-x86_64-mingw32/bin/../lib/gcc/nios2-elf/4.9.1/../../../../../H-x86_64-mingw32/nios2-elf/lib/mno-hw-mul\libc.a(lib_a-gdtoa-gethex.o)
 .data          0x000000000102d730        0x0 c:/altera/15.0/nios2eds/bin/gnu/h-x86_64-mingw32/bin/../lib/gcc/nios2-elf/4.9.1/../../../../../H-x86_64-mingw32/nios2-elf/lib/mno-hw-mul\libc.a(lib_a-gdtoa-hexnan.o)
 .data          0x000000000102d730        0x0 c:/altera/15.0/nios2eds/bin/gnu/h-x86_64-mingw32/bin/../lib/gcc/nios2-elf/4.9.1/../../../../../H-x86_64-mingw32/nios2-elf/lib/mno-hw-mul\libc.a(lib_a-isattyr.o)
 .data          0x000000000102d730       0x78 c:/altera/15.0/nios2eds/bin/gnu/h-x86_64-mingw32/bin/../lib/gcc/nios2-elf/4.9.1/../../../../../H-x86_64-mingw32/nios2-elf/lib/mno-hw-mul\libc.a(lib_a-locale.o)
 .data          0x000000000102d7a8        0x0 c:/altera/15.0/nios2eds/bin/gnu/h-x86_64-mingw32/bin/../lib/gcc/nios2-elf/4.9.1/../../../../../H-x86_64-mingw32/nios2-elf/lib/mno-hw-mul\libc.a(lib_a-lseekr.o)
 .data          0x000000000102d7a8        0x0 c:/altera/15.0/nios2eds/bin/gnu/h-x86_64-mingw32/bin/../lib/gcc/nios2-elf/4.9.1/../../../../../H-x86_64-mingw32/nios2-elf/lib/mno-hw-mul\libc.a(lib_a-memchr.o)
 .data          0x000000000102d7a8        0x0 c:/altera/15.0/nios2eds/bin/gnu/h-x86_64-mingw32/bin/../lib/gcc/nios2-elf/4.9.1/../../../../../H-x86_64-mingw32/nios2-elf/lib/mno-hw-mul\libc.a(lib_a-memcmp.o)
 .data          0x000000000102d7a8        0x0 c:/altera/15.0/nios2eds/bin/gnu/h-x86_64-mingw32/bin/../lib/gcc/nios2-elf/4.9.1/../../../../../H-x86_64-mingw32/nios2-elf/lib/mno-hw-mul\libc.a(lib_a-memmove.o)
 .data          0x000000000102d7a8        0x0 c:/altera/15.0/nios2eds/bin/gnu/h-x86_64-mingw32/bin/../lib/gcc/nios2-elf/4.9.1/../../../../../H-x86_64-mingw32/nios2-elf/lib/mno-hw-mul\libc.a(lib_a-mprec.o)
 .data          0x000000000102d7a8        0x0 c:/altera/15.0/nios2eds/bin/gnu/h-x86_64-mingw32/bin/../lib/gcc/nios2-elf/4.9.1/../../../../../H-x86_64-mingw32/nios2-elf/lib/mno-hw-mul\libc.a(lib_a-putc.o)
 .data          0x000000000102d7a8        0x0 c:/altera/15.0/nios2eds/bin/gnu/h-x86_64-mingw32/bin/../lib/gcc/nios2-elf/4.9.1/../../../../../H-x86_64-mingw32/nios2-elf/lib/mno-hw-mul\libc.a(lib_a-readr.o)
 .data          0x000000000102d7a8        0x0 c:/altera/15.0/nios2eds/bin/gnu/h-x86_64-mingw32/bin/../lib/gcc/nios2-elf/4.9.1/../../../../../H-x86_64-mingw32/nios2-elf/lib/mno-hw-mul\libc.a(lib_a-reallocr.o)
 .data          0x000000000102d7a8        0x0 c:/altera/15.0/nios2eds/bin/gnu/h-x86_64-mingw32/bin/../lib/gcc/nios2-elf/4.9.1/../../../../../H-x86_64-mingw32/nios2-elf/lib/mno-hw-mul\libc.a(lib_a-strcmp.o)
 .data          0x000000000102d7a8        0x0 c:/altera/15.0/nios2eds/bin/gnu/h-x86_64-mingw32/bin/../lib/gcc/nios2-elf/4.9.1/../../../../../H-x86_64-mingw32/nios2-elf/lib/mno-hw-mul\libc.a(lib_a-strncmp.o)
 .data          0x000000000102d7a8        0x0 c:/altera/15.0/nios2eds/bin/gnu/h-x86_64-mingw32/bin/../lib/gcc/nios2-elf/4.9.1/../../../../../H-x86_64-mingw32/nios2-elf/lib/mno-hw-mul\libc.a(lib_a-svfiprintf.o)
 .data          0x000000000102d7a8        0x0 c:/altera/15.0/nios2eds/bin/gnu/h-x86_64-mingw32/bin/../lib/gcc/nios2-elf/4.9.1/../../../../../H-x86_64-mingw32/nios2-elf/lib/mno-hw-mul\libc.a(lib_a-vfiprintf.o)
 .data          0x000000000102d7a8        0x0 c:/altera/15.0/nios2eds/bin/gnu/h-x86_64-mingw32/bin/../lib/gcc/nios2-elf/4.9.1/../../../../../H-x86_64-mingw32/nios2-elf/lib/mno-hw-mul\libc.a(lib_a-wbuf.o)
 .data          0x000000000102d7a8        0x0 c:/altera/15.0/nios2eds/bin/gnu/h-x86_64-mingw32/bin/../lib/gcc/nios2-elf/4.9.1/../../../../../H-x86_64-mingw32/nios2-elf/lib/mno-hw-mul\libc.a(lib_a-callocr.o)
 .data          0x000000000102d7a8        0x0 c:/altera/15.0/nios2eds/bin/gnu/h-x86_64-mingw32/bin/../lib/gcc/nios2-elf/4.9.1/../../../../../H-x86_64-mingw32/nios2-elf/lib/mno-hw-mul\libc.a(lib_a-fputwc.o)
 .data          0x000000000102d7a8        0x0 c:/altera/15.0/nios2eds/bin/gnu/h-x86_64-mingw32/bin/../lib/gcc/nios2-elf/4.9.1/../../../../../H-x86_64-mingw32/nios2-elf/lib/mno-hw-mul\libc.a(lib_a-wcrtomb.o)
 .data          0x000000000102d7a8        0x0 c:/altera/15.0/nios2eds/bin/gnu/h-x86_64-mingw32/bin/../lib/gcc/nios2-elf/4.9.1/../../../../../H-x86_64-mingw32/nios2-elf/lib/mno-hw-mul\libc.a(lib_a-wctomb_r.o)
 .data          0x000000000102d7a8        0x0 c:/altera/15.0/nios2eds/bin/gnu/h-x86_64-mingw32/bin/../lib/gcc/nios2-elf/4.9.1/mno-hw-mul\libgcc.a(_fixunsdfsi.o)
 .data          0x000000000102d7a8        0x0 c:/altera/15.0/nios2eds/bin/gnu/h-x86_64-mingw32/bin/../lib/gcc/nios2-elf/4.9.1/mno-hw-mul\libgcc.a(_udivdi3.o)
 .data          0x000000000102d7a8        0x0 c:/altera/15.0/nios2eds/bin/gnu/h-x86_64-mingw32/bin/../lib/gcc/nios2-elf/4.9.1/mno-hw-mul\libgcc.a(_umoddi3.o)
 .data          0x000000000102d7a8        0x0 c:/altera/15.0/nios2eds/bin/gnu/h-x86_64-mingw32/bin/../lib/gcc/nios2-elf/4.9.1/mno-hw-mul\libgcc.a(eqsf2.o)
 .data          0x000000000102d7a8        0x0 c:/altera/15.0/nios2eds/bin/gnu/h-x86_64-mingw32/bin/../lib/gcc/nios2-elf/4.9.1/mno-hw-mul\libgcc.a(gesf2.o)
 .data          0x000000000102d7a8        0x0 c:/altera/15.0/nios2eds/bin/gnu/h-x86_64-mingw32/bin/../lib/gcc/nios2-elf/4.9.1/mno-hw-mul\libgcc.a(lesf2.o)
 .data          0x000000000102d7a8        0x0 c:/altera/15.0/nios2eds/bin/gnu/h-x86_64-mingw32/bin/../lib/gcc/nios2-elf/4.9.1/mno-hw-mul\libgcc.a(adddf3.o)
 .data          0x000000000102d7a8        0x0 c:/altera/15.0/nios2eds/bin/gnu/h-x86_64-mingw32/bin/../lib/gcc/nios2-elf/4.9.1/mno-hw-mul\libgcc.a(gedf2.o)
 .data          0x000000000102d7a8        0x0 c:/altera/15.0/nios2eds/bin/gnu/h-x86_64-mingw32/bin/../lib/gcc/nios2-elf/4.9.1/mno-hw-mul\libgcc.a(ledf2.o)
 .data          0x000000000102d7a8        0x0 c:/altera/15.0/nios2eds/bin/gnu/h-x86_64-mingw32/bin/../lib/gcc/nios2-elf/4.9.1/mno-hw-mul\libgcc.a(subdf3.o)
 .data          0x000000000102d7a8        0x0 c:/altera/15.0/nios2eds/bin/gnu/h-x86_64-mingw32/bin/../lib/gcc/nios2-elf/4.9.1/mno-hw-mul\libgcc.a(floatsidf.o)
 .data          0x000000000102d7a8        0x0 c:/altera/15.0/nios2eds/bin/gnu/h-x86_64-mingw32/bin/../lib/gcc/nios2-elf/4.9.1/mno-hw-mul\libgcc.a(floatunsidf.o)
 .data          0x000000000102d7a8        0x0 Z:/CPEN391/Exercises/Main/MainHikingPal_bsp/\libhal_bsp.a(alt_close.o)
 .data          0x000000000102d7a8      0x1a8 Z:/CPEN391/Exercises/Main/MainHikingPal_bsp/\libhal_bsp.a(alt_dev.o)
                0x000000000102d7a8                alt_dev_null
                0x000000000102d7d0                alt_fd_list
 .data          0x000000000102d950        0x0 Z:/CPEN391/Exercises/Main/MainHikingPal_bsp/\libhal_bsp.a(alt_errno.o)
 .data          0x000000000102d950        0x0 Z:/CPEN391/Exercises/Main/MainHikingPal_bsp/\libhal_bsp.a(alt_exit.o)
 .data          0x000000000102d950        0x0 Z:/CPEN391/Exercises/Main/MainHikingPal_bsp/\libhal_bsp.a(alt_fstat.o)
 .data          0x000000000102d950        0x0 Z:/CPEN391/Exercises/Main/MainHikingPal_bsp/\libhal_bsp.a(alt_isatty.o)
 .data          0x000000000102d950        0x0 Z:/CPEN391/Exercises/Main/MainHikingPal_bsp/\libhal_bsp.a(alt_load.o)
 .data          0x000000000102d950        0x0 Z:/CPEN391/Exercises/Main/MainHikingPal_bsp/\libhal_bsp.a(alt_lseek.o)
 .data          0x000000000102d950        0x0 Z:/CPEN391/Exercises/Main/MainHikingPal_bsp/\libhal_bsp.a(alt_main.o)
 .data          0x000000000102d950        0x0 Z:/CPEN391/Exercises/Main/MainHikingPal_bsp/\libhal_bsp.a(alt_malloc_lock.o)
 .data          0x000000000102d950        0x0 Z:/CPEN391/Exercises/Main/MainHikingPal_bsp/\libhal_bsp.a(alt_open.o)
 .data          0x000000000102d950        0x0 Z:/CPEN391/Exercises/Main/MainHikingPal_bsp/\libhal_bsp.a(alt_read.o)
 .data          0x000000000102d950        0x0 Z:/CPEN391/Exercises/Main/MainHikingPal_bsp/\libhal_bsp.a(alt_release_fd.o)
 .data          0x000000000102d950        0x0 Z:/CPEN391/Exercises/Main/MainHikingPal_bsp/\libhal_bsp.a(alt_sbrk.o)
 .data          0x000000000102d950        0x0 Z:/CPEN391/Exercises/Main/MainHikingPal_bsp/\libhal_bsp.a(alt_usleep.o)
 .data          0x000000000102d950        0x0 Z:/CPEN391/Exercises/Main/MainHikingPal_bsp/\libhal_bsp.a(alt_write.o)
 .data          0x000000000102d950     0x10e4 Z:/CPEN391/Exercises/Main/MainHikingPal_bsp/\libhal_bsp.a(alt_sys_init.o)
 .data          0x000000000102ea34        0x0 Z:/CPEN391/Exercises/Main/MainHikingPal_bsp/\libhal_bsp.a(Altera_UP_SD_Card_Avalon_Interface.o)
 .data          0x000000000102ea34        0x0 Z:/CPEN391/Exercises/Main/MainHikingPal_bsp/\libhal_bsp.a(altera_avalon_jtag_uart_fd.o)
 .data          0x000000000102ea34        0x0 Z:/CPEN391/Exercises/Main/MainHikingPal_bsp/\libhal_bsp.a(altera_avalon_jtag_uart_init.o)
 .data          0x000000000102ea34        0x0 Z:/CPEN391/Exercises/Main/MainHikingPal_bsp/\libhal_bsp.a(altera_avalon_jtag_uart_ioctl.o)
 .data          0x000000000102ea34        0x0 Z:/CPEN391/Exercises/Main/MainHikingPal_bsp/\libhal_bsp.a(altera_avalon_jtag_uart_read.o)
 .data          0x000000000102ea34        0x0 Z:/CPEN391/Exercises/Main/MainHikingPal_bsp/\libhal_bsp.a(altera_avalon_jtag_uart_write.o)
 .data          0x000000000102ea34        0x0 Z:/CPEN391/Exercises/Main/MainHikingPal_bsp/\libhal_bsp.a(altera_avalon_timer_sc.o)
 .data          0x000000000102ea34        0x0 Z:/CPEN391/Exercises/Main/MainHikingPal_bsp/\libhal_bsp.a(altera_up_avalon_character_lcd.o)
 .data          0x000000000102ea34        0x0 Z:/CPEN391/Exercises/Main/MainHikingPal_bsp/\libhal_bsp.a(altera_up_avalon_rs232.o)
 .data          0x000000000102ea34        0x0 Z:/CPEN391/Exercises/Main/MainHikingPal_bsp/\libhal_bsp.a(alt_alarm_start.o)
 .data          0x000000000102ea34        0x0 Z:/CPEN391/Exercises/Main/MainHikingPal_bsp/\libhal_bsp.a(alt_busy_sleep.o)
 .data          0x000000000102ea34        0x0 Z:/CPEN391/Exercises/Main/MainHikingPal_bsp/\libhal_bsp.a(alt_dcache_flush_all.o)
 .data          0x000000000102ea34        0x0 Z:/CPEN391/Exercises/Main/MainHikingPal_bsp/\libhal_bsp.a(alt_dev_llist_insert.o)
 .data          0x000000000102ea34        0x0 Z:/CPEN391/Exercises/Main/MainHikingPal_bsp/\libhal_bsp.a(alt_do_ctors.o)
 .data          0x000000000102ea34        0x0 Z:/CPEN391/Exercises/Main/MainHikingPal_bsp/\libhal_bsp.a(alt_do_dtors.o)
 .data          0x000000000102ea34        0x0 Z:/CPEN391/Exercises/Main/MainHikingPal_bsp/\libhal_bsp.a(alt_find_dev.o)
 .data          0x000000000102ea34        0x0 Z:/CPEN391/Exercises/Main/MainHikingPal_bsp/\libhal_bsp.a(alt_find_file.o)
 .data          0x000000000102ea34        0x0 Z:/CPEN391/Exercises/Main/MainHikingPal_bsp/\libhal_bsp.a(alt_get_fd.o)
 .data          0x000000000102ea34        0x0 Z:/CPEN391/Exercises/Main/MainHikingPal_bsp/\libhal_bsp.a(alt_icache_flush_all.o)
 .data          0x000000000102ea34        0x0 Z:/CPEN391/Exercises/Main/MainHikingPal_bsp/\libhal_bsp.a(alt_io_redirect.o)
 .data          0x000000000102ea34        0x0 Z:/CPEN391/Exercises/Main/MainHikingPal_bsp/\libhal_bsp.a(alt_irq_register.o)
 .data          0x000000000102ea34        0x0 Z:/CPEN391/Exercises/Main/MainHikingPal_bsp/\libhal_bsp.a(alt_irq_vars.o)
 .data          0x000000000102ea34        0x0 Z:/CPEN391/Exercises/Main/MainHikingPal_bsp/\libhal_bsp.a(alt_tick.o)
 .data          0x000000000102ea34        0x0 Z:/CPEN391/Exercises/Main/MainHikingPal_bsp/\libhal_bsp.a(altera_nios2_qsys_irq.o)
 .data          0x000000000102ea34        0x0 Z:/CPEN391/Exercises/Main/MainHikingPal_bsp/\libhal_bsp.a(alt_irq_entry.o)
 .data          0x000000000102ea34        0x0 Z:/CPEN391/Exercises/Main/MainHikingPal_bsp/\libhal_bsp.a(alt_irq_handler.o)
 .data          0x000000000102ea34        0x0 Z:/CPEN391/Exercises/Main/MainHikingPal_bsp/\libhal_bsp.a(alt_exception_entry.o)
 .data          0x000000000102ea34        0x0 c:/altera/15.0/nios2eds/bin/gnu/h-x86_64-mingw32/bin/../lib/gcc/nios2-elf/4.9.1/../../../../../H-x86_64-mingw32/nios2-elf/lib/mno-hw-mul\libc.a(lib_a-atexit.o)
 .data          0x000000000102ea34        0x0 c:/altera/15.0/nios2eds/bin/gnu/h-x86_64-mingw32/bin/../lib/gcc/nios2-elf/4.9.1/../../../../../H-x86_64-mingw32/nios2-elf/lib/mno-hw-mul\libc.a(lib_a-__atexit.o)
                0x0000000001036a34                _gp = ABSOLUTE ((. + 0x8000))
                0x0000000001036a34                PROVIDE (gp, _gp)
 *(.rwdata .rwdata.*)
 *(.sdata .sdata.* .gnu.linkonce.s.*)
 .sdata         0x000000000102ea34        0x4 obj/default/gps.o
                0x000000000102ea34                mode
 .sdata         0x000000000102ea38        0x4 c:/altera/15.0/nios2eds/bin/gnu/h-x86_64-mingw32/bin/../lib/gcc/nios2-elf/4.9.1/../../../../../H-x86_64-mingw32/nios2-elf/lib/mno-hw-mul\libm.a(lib_a-s_lib_ver.o)
                0x000000000102ea38                __fdlib_version
 .sdata         0x000000000102ea3c        0x4 c:/altera/15.0/nios2eds/bin/gnu/h-x86_64-mingw32/bin/../lib/gcc/nios2-elf/4.9.1/../../../../../H-x86_64-mingw32/nios2-elf/lib/mno-hw-mul\libc.a(lib_a-ctype_.o)
                0x000000000102ea3c                __ctype_ptr__
 .sdata         0x000000000102ea40        0x8 c:/altera/15.0/nios2eds/bin/gnu/h-x86_64-mingw32/bin/../lib/gcc/nios2-elf/4.9.1/../../../../../H-x86_64-mingw32/nios2-elf/lib/mno-hw-mul\libc.a(lib_a-impure.o)
                0x000000000102ea40                _global_impure_ptr
                0x000000000102ea44                _impure_ptr
 .sdata         0x000000000102ea48        0x8 c:/altera/15.0/nios2eds/bin/gnu/h-x86_64-mingw32/bin/../lib/gcc/nios2-elf/4.9.1/../../../../../H-x86_64-mingw32/nios2-elf/lib/mno-hw-mul\libc.a(lib_a-mallocr.o)
                0x000000000102ea48                __malloc_sbrk_base
                0x000000000102ea4c                __malloc_trim_threshold
 .sdata         0x000000000102ea50        0x4 c:/altera/15.0/nios2eds/bin/gnu/h-x86_64-mingw32/bin/../lib/gcc/nios2-elf/4.9.1/../../../../../H-x86_64-mingw32/nios2-elf/lib/mno-hw-mul\libc.a(lib_a-locale.o)
                0x000000000102ea50                __mb_cur_max
 .sdata         0x000000000102ea54        0x4 c:/altera/15.0/nios2eds/bin/gnu/h-x86_64-mingw32/bin/../lib/gcc/nios2-elf/4.9.1/../../../../../H-x86_64-mingw32/nios2-elf/lib/mno-hw-mul\libc.a(lib_a-wctomb_r.o)
                0x000000000102ea54                __wctomb